Archive member included because of file (symbol)

.\CortexM3\ARM_GCC_493\Debug\BE_Systemes_Embarques.a(cyfitter_cfg.o)
                              .\CortexM3\ARM_GCC_493\Debug\Cm3Start.o (cyfitter_cfg)
.\CortexM3\ARM_GCC_493\Debug\BE_Systemes_Embarques.a(Out_MAX232.o)
                              .\CortexM3\ARM_GCC_493\Debug\main.o (Out_MAX232_Start)
.\CortexM3\ARM_GCC_493\Debug\BE_Systemes_Embarques.a(Clock_1.o)
                              .\CortexM3\ARM_GCC_493\Debug\main.o (Clock_1_Start)
.\CortexM3\ARM_GCC_493\Debug\BE_Systemes_Embarques.a(CyLib.o)
                              .\CortexM3\ARM_GCC_493\Debug\Cm3Start.o (CyHalt)
.\CortexM3\ARM_GCC_493\Debug\BE_Systemes_Embarques.a(cyPm.o)
                              .\CortexM3\ARM_GCC_493\Debug\BE_Systemes_Embarques.a(CyLib.o) (CyPmReadStatus)
.\CortexM3\ARM_GCC_493\Debug\BE_Systemes_Embarques.a(Pre_Ampli.o)
                              .\CortexM3\ARM_GCC_493\Debug\main.o (Pre_Ampli_Start)
.\CortexM3\ARM_GCC_493\Debug\BE_Systemes_Embarques.a(LCD.o)
                              .\CortexM3\ARM_GCC_493\Debug\main.o (LCD_PrintString)
.\CortexM3\ARM_GCC_493\Debug\BE_Systemes_Embarques.a(Timer_TX.o)
                              .\CortexM3\ARM_GCC_493\Debug\main.o (Timer_TX_Start)
.\CortexM3\ARM_GCC_493\Debug\BE_Systemes_Embarques.a(Interrupt_TX.o)
                              .\CortexM3\ARM_GCC_493\Debug\main.o (Interrupt_TX_StartEx)
.\CortexM3\ARM_GCC_493\Debug\BE_Systemes_Embarques.a(Counter_Pulses.o)
                              .\CortexM3\ARM_GCC_493\Debug\main.o (Counter_Pulses_Start)
.\CortexM3\ARM_GCC_493\Debug\BE_Systemes_Embarques.a(Comparator.o)
                              .\CortexM3\ARM_GCC_493\Debug\main.o (Comparator_Start)
.\CortexM3\ARM_GCC_493\Debug\BE_Systemes_Embarques.a(Threshold.o)
                              .\CortexM3\ARM_GCC_493\Debug\main.o (Threshold_Start)
.\CortexM3\ARM_GCC_493\Debug\BE_Systemes_Embarques.a(Interrupt_RX.o)
                              .\CortexM3\ARM_GCC_493\Debug\main.o (Interrupt_RX_StartEx)
.\CortexM3\ARM_GCC_493\Debug\BE_Systemes_Embarques.a(Chronometer.o)
                              .\CortexM3\ARM_GCC_493\Debug\main.o (Chronometer_ReadCounter)
.\CortexM3\ARM_GCC_493\Debug\BE_Systemes_Embarques.a(Clk.o)
                              .\CortexM3\ARM_GCC_493\Debug\main.o (Clk_Start)
.\CortexM3\ARM_GCC_493\Debug\BE_Systemes_Embarques.a(Clock_2.o)
                              .\CortexM3\ARM_GCC_493\Debug\main.o (Clock_2_Start)
.\CortexM3\ARM_GCC_493\Debug\BE_Systemes_Embarques.a(XBee.o)
                              .\CortexM3\ARM_GCC_493\Debug\main.o (XBee_Init)
.\CortexM3\ARM_GCC_493\Debug\BE_Systemes_Embarques.a(Rotation_Register.o)
                              .\CortexM3\ARM_GCC_493\Debug\main.o (Rotation_Register_Write)
.\CortexM3\ARM_GCC_493\Debug\BE_Systemes_Embarques.a(PWM_Front.o)
                              .\CortexM3\ARM_GCC_493\Debug\main.o (PWM_Front_WriteCompare1)
.\CortexM3\ARM_GCC_493\Debug\BE_Systemes_Embarques.a(PWM_Back.o)
                              .\CortexM3\ARM_GCC_493\Debug\main.o (PWM_Back_WriteCompare1)
.\CortexM3\ARM_GCC_493\Debug\BE_Systemes_Embarques.a(XBee_IntClock.o)
                              .\CortexM3\ARM_GCC_493\Debug\BE_Systemes_Embarques.a(XBee.o) (XBee_IntClock_Start)
.\CortexM3\ARM_GCC_493\Debug\BE_Systemes_Embarques.a(Interrupt_Xbee.o)
                              .\CortexM3\ARM_GCC_493\Debug\main.o (Interrupt_Xbee_StartEx)
.\CortexM3\ARM_GCC_493\Debug\BE_Systemes_Embarques.a(CyBootAsmGnu.o)
                              .\CortexM3\ARM_GCC_493\Debug\BE_Systemes_Embarques.a(cyfitter_cfg.o) (CyDelayCycles)
.\CortexM3\ARM_GCC_493\Debug\BE_Systemes_Embarques.a(CyFlash.o)
                              .\CortexM3\ARM_GCC_493\Debug\BE_Systemes_Embarques.a(cyPm.o) (CyFlash_SetWaitCycles)
.\CortexM3\ARM_GCC_493\Debug\BE_Systemes_Embarques.a(CySpc.o)
                              .\CortexM3\ARM_GCC_493\Debug\BE_Systemes_Embarques.a(CyFlash.o) (CySpcStart)
c:/program files (x86)/cypress/psoc creator/4.0/psoc creator/import/gnu/arm/4.9.3/bin/../lib/gcc/arm-none-eabi/4.9.3/../../../../arm-none-eabi/lib/armv7-m\libm.a(lib_a-w_pow.o)
                              .\CortexM3\ARM_GCC_493\Debug\main.o (pow)
c:/program files (x86)/cypress/psoc creator/4.0/psoc creator/import/gnu/arm/4.9.3/bin/../lib/gcc/arm-none-eabi/4.9.3/../../../../arm-none-eabi/lib/armv7-m\libm.a(lib_a-w_sqrt.o)
                              .\CortexM3\ARM_GCC_493\Debug\main.o (sqrt)
c:/program files (x86)/cypress/psoc creator/4.0/psoc creator/import/gnu/arm/4.9.3/bin/../lib/gcc/arm-none-eabi/4.9.3/../../../../arm-none-eabi/lib/armv7-m\libm.a(lib_a-e_pow.o)
                              c:/program files (x86)/cypress/psoc creator/4.0/psoc creator/import/gnu/arm/4.9.3/bin/../lib/gcc/arm-none-eabi/4.9.3/../../../../arm-none-eabi/lib/armv7-m\libm.a(lib_a-w_pow.o) (__ieee754_pow)
[...]
Memory Configuration

Name             Origin             Length             Attributes
rom              0x00000000         0x00040000         xr
ram              0x1fff8000         0x00010000         xrw
*default*        0x00000000         0xffffffff

Linker script and memory map

LOAD c:/program files (x86)/cypress/psoc creator/4.0/psoc creator/import/gnu/arm/4.9.3/bin/../lib/gcc/arm-none-eabi/4.9.3/armv7-m/crti.o
LOAD c:/program files (x86)/cypress/psoc creator/4.0/psoc creator/import/gnu/arm/4.9.3/bin/../lib/gcc/arm-none-eabi/4.9.3/armv7-m/crtbegin.o
LOAD c:/program files (x86)/cypress/psoc creator/4.0/psoc creator/import/gnu/arm/4.9.3/bin/../lib/gcc/arm-none-eabi/4.9.3/../../../../arm-none-eabi/lib/armv7-m/crt0.o
START GROUP
LOAD .\CortexM3\ARM_GCC_493\Debug\main.o
LOAD .\CortexM3\ARM_GCC_493\Debug\cymetadata.o
LOAD .\CortexM3\ARM_GCC_493\Debug\Cm3Start.o
LOAD .\CortexM3\ARM_GCC_493\Debug\BE_Systemes_Embarques.a
LOAD C:\Program Files (x86)\Cypress\PSoC Creator\4.0\PSoC Creator\psoc\content\cycomponentlibrary\CyComponentLibrary.cylib\CortexM3\ARM_GCC_493\Debug\CyComponentLibrary.a
LOAD c:/program files (x86)/cypress/psoc creator/4.0/psoc creator/import/gnu/arm/4.9.3/bin/../lib/gcc/arm-none-eabi/4.9.3/../../../../arm-none-eabi/lib/armv7-m\libm.a
END GROUP
START GROUP
LOAD c:/program files (x86)/cypress/psoc creator/4.0/psoc creator/import/gnu/arm/4.9.3/bin/../lib/gcc/arm-none-eabi/4.9.3/armv7-m\libgcc.a
LOAD c:/program files (x86)/cypress/psoc creator/4.0/psoc creator/import/gnu/arm/4.9.3/bin/../lib/gcc/arm-none-eabi/4.9.3/../../../../arm-none-eabi/lib/armv7-m\libg_nano.a
LOAD c:/program files (x86)/cypress/psoc creator/4.0/psoc creator/import/gnu/arm/4.9.3/bin/../lib/gcc/arm-none-eabi/4.9.3/../../../../arm-none-eabi/lib/armv7-m\libc_nano.a
END GROUP
START GROUP
LOAD c:/program files (x86)/cypress/psoc creator/4.0/psoc creator/import/gnu/arm/4.9.3/bin/../lib/gcc/arm-none-eabi/4.9.3/armv7-m\libgcc.a
LOAD c:/program files (x86)/cypress/psoc creator/4.0/psoc creator/import/gnu/arm/4.9.3/bin/../lib/gcc/arm-none-eabi/4.9.3/../../../../arm-none-eabi/lib/armv7-m\libc_nano.a
END GROUP
LOAD c:/program files (x86)/cypress/psoc creator/4.0/psoc creator/import/gnu/arm/4.9.3/bin/../lib/gcc/arm-none-eabi/4.9.3/armv7-m/crtend.o
LOAD c:/program files (x86)/cypress/psoc creator/4.0/psoc creator/import/gnu/arm/4.9.3/bin/../lib/gcc/arm-none-eabi/4.9.3/armv7-m/crtn.o
START GROUP
LOAD c:/program files (x86)/cypress/psoc creator/4.0/psoc creator/import/gnu/arm/4.9.3/bin/../lib/gcc/arm-none-eabi/4.9.3/armv7-m\libgcc.a
LOAD c:/program files (x86)/cypress/psoc creator/4.0/psoc creator/import/gnu/arm/4.9.3/bin/../lib/gcc/arm-none-eabi/4.9.3/../../../../arm-none-eabi/lib/armv7-m\libc.a
LOAD c:/program files (x86)/cypress/psoc creator/4.0/psoc creator/import/gnu/arm/4.9.3/bin/../lib/gcc/arm-none-eabi/4.9.3/../../../../arm-none-eabi/lib/armv7-m\libnosys.a
END GROUP
                0x00000000                CY_APPL_ORIGIN = 0x0
                0x00000100                CY_FLASH_ROW_SIZE = 0x100
                0x00000020                CY_ECC_ROW_SIZE = 0x20
                0x00000000                CY_EE_IN_BTLDR = 0x0
                0x00000000                CY_APPL_LOADABLE = 0x0
                0x00000800                CY_EE_SIZE = 0x800
                0x00000001                CY_APPL_NUM = 0x1
                0x00000001                CY_APPL_MAX = 0x1
                0x00000040                CY_METADATA_SIZE = 0x40
                0x00000000                CY_APPL_LOADABLE = 0x0
                0x00000000                CY_CHECKSUM_EXCLUDE_SIZE = ALIGN (0x0, CY_FLASH_ROW_SIZE)
                0x1fff81f8                PROVIDE (__cy_heap_start, _end)
                0x00000001                PROVIDE (__cy_region_num, ((__cy_regions_end - __cy_regions) / 0x10))
                0x20008000                PROVIDE (__cy_stack, (ORIGIN (ram) + 0x10000))
                0x20007800                PROVIDE (__cy_heap_end, (__cy_stack - 0x800))

.cybootloader   0x00000000        0x0
 *(.cybootloader)
                0x00000000                appl1_start = CY_APPL_ORIGIN?CY_APPL_ORIGIN:ALIGN (CY_FLASH_ROW_SIZE)
                0x0001ff00                appl2_start = (appl1_start + ALIGN ((((0x40000 - appl1_start) - (0x2 * CY_FLASH_ROW_SIZE)) / 0x2), CY_FLASH_ROW_SIZE))
                0x00000000                appl_start = (CY_APPL_NUM == 0x1)?appl1_start:appl2_start
                0x00000000                ecc_offset = ((appl_start / CY_FLASH_ROW_SIZE) * CY_ECC_ROW_SIZE)
                0x00000000                ee_offset = (CY_APPL_LOADABLE && ! (CY_EE_IN_BTLDR))?((CY_EE_SIZE / CY_APPL_MAX) * (CY_APPL_NUM - 0x1)):0x0
                0x00000800                ee_size = (CY_APPL_LOADABLE && ! (CY_EE_IN_BTLDR))?(CY_EE_SIZE / CY_APPL_MAX):CY_EE_SIZE
                0x00000000                PROVIDE (CY_ECC_OFFSET, ecc_offset)

.text           0x00000000     0x37f0
 CREATE_OBJECT_SYMBOLS
                0x00000000                PROVIDE (__cy_interrupt_vector, RomVectors)
 *(.romvectors)
 .romvectors    0x00000000       0x10 .\CortexM3\ARM_GCC_493\Debug\Cm3Start.o
                0x00000000                RomVectors
                0x00000001                ASSERT ((. != __cy_interrupt_vector), No interrupt vector)
                0x00000001                ASSERT (CY_APPL_ORIGIN?(SIZEOF (.cybootloader) <= CY_APPL_ORIGIN):0x1, Wrong image location)
                0x00000010                PROVIDE (__cy_reset, Reset)
 *(.text.Reset)
 .text.Reset    0x00000010       0x18 .\CortexM3\ARM_GCC_493\Debug\Cm3Start.o
                0x00000010                Reset
                0x00000001                ASSERT ((. != __cy_reset), No reset code)
 *(.dma_init)
                0x00000001                ASSERT ((((appl_start + .) <= 0x10000) || 0x1), DMA Init must be within the first 64k of flash)
 *(.text .text.* .gnu.linkonce.t.*)
 .text          0x00000028       0x5c c:/program files (x86)/cypress/psoc creator/4.0/psoc creator/import/gnu/arm/4.9.3/bin/../lib/gcc/arm-none-eabi/4.9.3/armv7-m/crtbegin.o
 .text.Interrupt_TX_Handler
                0x00000084       0x68 .\CortexM3\ARM_GCC_493\Debug\main.o
                0x00000084                Interrupt_TX_Handler
 .text.Interrupt_Xbee_Handler
                0x000000ec       0x44 .\CortexM3\ARM_GCC_493\Debug\main.o
                0x000000ec                Interrupt_Xbee_Handler
 .text.computeDistance
                0x00000130       0x90 .\CortexM3\ARM_GCC_493\Debug\main.o
                0x00000130                computeDistance
 .text.Interrupt_RX_Handler
                0x000001c0       0x38 .\CortexM3\ARM_GCC_493\Debug\main.o
                0x000001c0                Interrupt_RX_Handler
 .text.update_vitesse
                0x000001f8       0x24 .\CortexM3\ARM_GCC_493\Debug\main.o
                0x000001f8                update_vitesse
 .text.stop     0x0000021c        0xc .\CortexM3\ARM_GCC_493\Debug\main.o
                0x0000021c                stop
 .text.forward  0x00000228       0x34 .\CortexM3\ARM_GCC_493\Debug\main.o
                0x00000228                forward
 .text.backward
                0x0000025c        0xc .\CortexM3\ARM_GCC_493\Debug\main.o
                0x0000025c                backward
 .text.main     0x00000268      0x14c .\CortexM3\ARM_GCC_493\Debug\main.o
                0x00000268                main
 .text.IntDefaultHandler
                0x000003b4       0x10 .\CortexM3\ARM_GCC_493\Debug\Cm3Start.o
                0x000003b4                IntDefaultHandler
 .text._sbrk    0x000003c4       0x30 .\CortexM3\ARM_GCC_493\Debug\Cm3Start.o
                0x000003c4                _sbrk
 .text.Start_c  0x000003f4       0x4c .\CortexM3\ARM_GCC_493\Debug\Cm3Start.o
                0x000003f4                Start_c
 .text.initialize_psoc
                0x00000440       0x74 .\CortexM3\ARM_GCC_493\Debug\Cm3Start.o
                0x00000440                initialize_psoc
 .text.CyClockStartupError
                0x000004b4        0x4 .\CortexM3\ARM_GCC_493\Debug\BE_Systemes_Embarques.a(cyfitter_cfg.o)
 .text.cfg_write_bytes32
                0x000004b8       0x34 .\CortexM3\ARM_GCC_493\Debug\BE_Systemes_Embarques.a(cyfitter_cfg.o)
 .text.AnalogSetDefault
                0x000004ec       0x6c .\CortexM3\ARM_GCC_493\Debug\BE_Systemes_Embarques.a(cyfitter_cfg.o)
 .text.CYMEMZERO
                0x00000558        0xc .\CortexM3\ARM_GCC_493\Debug\BE_Systemes_Embarques.a(cyfitter_cfg.o)
 .text.ClockSetup
                0x00000564       0xe4 .\CortexM3\ARM_GCC_493\Debug\BE_Systemes_Embarques.a(cyfitter_cfg.o)
 .text.CYCONFIGCPY
                0x00000648        0x8 .\CortexM3\ARM_GCC_493\Debug\BE_Systemes_Embarques.a(cyfitter_cfg.o)
 .text.cyfitter_cfg
                0x00000650      0x14c .\CortexM3\ARM_GCC_493\Debug\BE_Systemes_Embarques.a(cyfitter_cfg.o)
                0x00000650                cyfitter_cfg
 .text.Out_MAX232_WriteCounter
                0x0000079c        0xc .\CortexM3\ARM_GCC_493\Debug\BE_Systemes_Embarques.a(Out_MAX232.o)
                0x0000079c                Out_MAX232_WriteCounter
 .text.Out_MAX232_WritePeriod
                0x000007a8        0xc .\CortexM3\ARM_GCC_493\Debug\BE_Systemes_Embarques.a(Out_MAX232.o)
                0x000007a8                Out_MAX232_WritePeriod
 .text.Out_MAX232_WriteCompare1
                0x000007b4        0xc .\CortexM3\ARM_GCC_493\Debug\BE_Systemes_Embarques.a(Out_MAX232.o)
                0x000007b4                Out_MAX232_WriteCompare1
 .text.Out_MAX232_WriteCompare2
                0x000007c0        0xc .\CortexM3\ARM_GCC_493\Debug\BE_Systemes_Embarques.a(Out_MAX232.o)
                0x000007c0                Out_MAX232_WriteCompare2
 .text.Out_MAX232_Init
                0x000007cc       0x38 .\CortexM3\ARM_GCC_493\Debug\BE_Systemes_Embarques.a(Out_MAX232.o)
                0x000007cc                Out_MAX232_Init
 .text.Out_MAX232_Start
                0x00000804       0x18 .\CortexM3\ARM_GCC_493\Debug\BE_Systemes_Embarques.a(Out_MAX232.o)
                0x00000804                Out_MAX232_Start
 .text.Clock_1_Start
                0x0000081c       0x1c .\CortexM3\ARM_GCC_493\Debug\BE_Systemes_Embarques.a(Clock_1.o)
                0x0000081c                Clock_1_Start
 .text.CyDelay  0x00000838       0x2c .\CortexM3\ARM_GCC_493\Debug\BE_Systemes_Embarques.a(CyLib.o)
                0x00000838                CyDelay
 .text.CyDelayUs
                0x00000864       0x14 .\CortexM3\ARM_GCC_493\Debug\BE_Systemes_Embarques.a(CyLib.o)
                0x00000864                CyDelayUs
 .text.Pre_Ampli_Enable
                0x00000878       0x28 .\CortexM3\ARM_GCC_493\Debug\BE_Systemes_Embarques.a(Pre_Ampli.o)
                0x00000878                Pre_Ampli_Enable
 .text.Pre_Ampli_SetPower
                0x000008a0       0x18 .\CortexM3\ARM_GCC_493\Debug\BE_Systemes_Embarques.a(Pre_Ampli.o)
                0x000008a0                Pre_Ampli_SetPower
 .text.Pre_Ampli_SetGain
                0x000008b8       0x78 .\CortexM3\ARM_GCC_493\Debug\BE_Systemes_Embarques.a(Pre_Ampli.o)
                0x000008b8                Pre_Ampli_SetGain
 .text.Pre_Ampli_Init
                0x00000930       0x34 .\CortexM3\ARM_GCC_493\Debug\BE_Systemes_Embarques.a(Pre_Ampli.o)
                0x00000930                Pre_Ampli_Init
 .text.Pre_Ampli_Start
                0x00000964       0x1c .\CortexM3\ARM_GCC_493\Debug\BE_Systemes_Embarques.a(Pre_Ampli.o)
                0x00000964                Pre_Ampli_Start
 .text.LCD_WrCntrlNib
                0x00000980       0x34 .\CortexM3\ARM_GCC_493\Debug\BE_Systemes_Embarques.a(LCD.o)
 .text.LCD_WrDatNib
                0x000009b4       0x44 .\CortexM3\ARM_GCC_493\Debug\BE_Systemes_Embarques.a(LCD.o)
 .text.LCD_IsReady
                0x000009f8       0xe4 .\CortexM3\ARM_GCC_493\Debug\BE_Systemes_Embarques.a(LCD.o)
                0x000009f8                LCD_IsReady
 .text.LCD_WriteData
                0x00000adc       0x18 .\CortexM3\ARM_GCC_493\Debug\BE_Systemes_Embarques.a(LCD.o)
                0x00000adc                LCD_WriteData
 .text.LCD_PrintString
                0x00000af4       0x1c .\CortexM3\ARM_GCC_493\Debug\BE_Systemes_Embarques.a(LCD.o)
                0x00000af4                LCD_PrintString
 .text.LCD_WriteControl
                0x00000b10       0x18 .\CortexM3\ARM_GCC_493\Debug\BE_Systemes_Embarques.a(LCD.o)
                0x00000b10                LCD_WriteControl
 .text.LCD_Init
                0x00000b28       0x6c .\CortexM3\ARM_GCC_493\Debug\BE_Systemes_Embarques.a(LCD.o)
                0x00000b28                LCD_Init
 .text.LCD_Enable
                0x00000b94       0x14 .\CortexM3\ARM_GCC_493\Debug\BE_Systemes_Embarques.a(LCD.o)
                0x00000b94                LCD_Enable
 .text.LCD_Start
                0x00000ba8       0x1c .\CortexM3\ARM_GCC_493\Debug\BE_Systemes_Embarques.a(LCD.o)
                0x00000ba8                LCD_Start
 .text.LCD_Position
                0x00000bc4       0x3c .\CortexM3\ARM_GCC_493\Debug\BE_Systemes_Embarques.a(LCD.o)
                0x00000bc4                LCD_Position
 .text.Timer_TX_Enable
                0x00000c00       0x10 .\CortexM3\ARM_GCC_493\Debug\BE_Systemes_Embarques.a(Timer_TX.o)
                0x00000c00                Timer_TX_Enable
 .text.Timer_TX_SetInterruptMode
                0x00000c10        0xc .\CortexM3\ARM_GCC_493\Debug\BE_Systemes_Embarques.a(Timer_TX.o)
                0x00000c10                Timer_TX_SetInterruptMode
 .text.Timer_TX_ReadStatusRegister
                0x00000c1c        0xc .\CortexM3\ARM_GCC_493\Debug\BE_Systemes_Embarques.a(Timer_TX.o)
                0x00000c1c                Timer_TX_ReadStatusRegister
 .text.Timer_TX_WritePeriod
                0x00000c28        0xc .\CortexM3\ARM_GCC_493\Debug\BE_Systemes_Embarques.a(Timer_TX.o)
                0x00000c28                Timer_TX_WritePeriod
 .text.Timer_TX_ReadCapture
                0x00000c34        0xc .\CortexM3\ARM_GCC_493\Debug\BE_Systemes_Embarques.a(Timer_TX.o)
                0x00000c34                Timer_TX_ReadCapture
 .text.Timer_TX_WriteCounter
                0x00000c40        0xc .\CortexM3\ARM_GCC_493\Debug\BE_Systemes_Embarques.a(Timer_TX.o)
                0x00000c40                Timer_TX_WriteCounter
 .text.Timer_TX_ClearFIFO
                0x00000c4c       0x14 .\CortexM3\ARM_GCC_493\Debug\BE_Systemes_Embarques.a(Timer_TX.o)
                0x00000c4c                Timer_TX_ClearFIFO
 .text.Timer_TX_Init
                0x00000c60       0x38 .\CortexM3\ARM_GCC_493\Debug\BE_Systemes_Embarques.a(Timer_TX.o)
                0x00000c60                Timer_TX_Init
 .text.Timer_TX_Start
                0x00000c98       0x1c .\CortexM3\ARM_GCC_493\Debug\BE_Systemes_Embarques.a(Timer_TX.o)
                0x00000c98                Timer_TX_Start
 .text.Interrupt_TX_SetVector
                0x00000cb4        0xc .\CortexM3\ARM_GCC_493\Debug\BE_Systemes_Embarques.a(Interrupt_TX.o)
                0x00000cb4                Interrupt_TX_SetVector
 .text.Interrupt_TX_SetPriority
                0x00000cc0       0x10 .\CortexM3\ARM_GCC_493\Debug\BE_Systemes_Embarques.a(Interrupt_TX.o)
                0x00000cc0                Interrupt_TX_SetPriority
 .text.Interrupt_TX_Enable
                0x00000cd0        0xc .\CortexM3\ARM_GCC_493\Debug\BE_Systemes_Embarques.a(Interrupt_TX.o)
                0x00000cd0                Interrupt_TX_Enable
 .text.Interrupt_TX_Disable
                0x00000cdc        0xc .\CortexM3\ARM_GCC_493\Debug\BE_Systemes_Embarques.a(Interrupt_TX.o)
                0x00000cdc                Interrupt_TX_Disable
 .text.Interrupt_TX_StartEx
                0x00000ce8       0x1c .\CortexM3\ARM_GCC_493\Debug\BE_Systemes_Embarques.a(Interrupt_TX.o)
                0x00000ce8                Interrupt_TX_StartEx
 .text.Counter_Pulses_Enable
                0x00000d04       0x10 .\CortexM3\ARM_GCC_493\Debug\BE_Systemes_Embarques.a(Counter_Pulses.o)
                0x00000d04                Counter_Pulses_Enable
 .text.Counter_Pulses_SetInterruptMode
                0x00000d14        0xc .\CortexM3\ARM_GCC_493\Debug\BE_Systemes_Embarques.a(Counter_Pulses.o)
                0x00000d14                Counter_Pulses_SetInterruptMode
 .text.Counter_Pulses_ReadStatusRegister
                0x00000d20        0xc .\CortexM3\ARM_GCC_493\Debug\BE_Systemes_Embarques.a(Counter_Pulses.o)
                0x00000d20                Counter_Pulses_ReadStatusRegister
 .text.Counter_Pulses_WriteCounter
                0x00000d2c        0xc .\CortexM3\ARM_GCC_493\Debug\BE_Systemes_Embarques.a(Counter_Pulses.o)
                0x00000d2c                Counter_Pulses_WriteCounter
 .text.Counter_Pulses_ReadCapture
                0x00000d38        0xc .\CortexM3\ARM_GCC_493\Debug\BE_Systemes_Embarques.a(Counter_Pulses.o)
                0x00000d38                Counter_Pulses_ReadCapture
 .text.Counter_Pulses_WritePeriod
                0x00000d44        0xc .\CortexM3\ARM_GCC_493\Debug\BE_Systemes_Embarques.a(Counter_Pulses.o)
                0x00000d44                Counter_Pulses_WritePeriod
 .text.Counter_Pulses_WriteCompare
                0x00000d50        0xc .\CortexM3\ARM_GCC_493\Debug\BE_Systemes_Embarques.a(Counter_Pulses.o)
                0x00000d50                Counter_Pulses_WriteCompare
 .text.Counter_Pulses_ClearFIFO
                0x00000d5c       0x14 .\CortexM3\ARM_GCC_493\Debug\BE_Systemes_Embarques.a(Counter_Pulses.o)
                0x00000d5c                Counter_Pulses_ClearFIFO
 .text.Counter_Pulses_Init
                0x00000d70       0x50 .\CortexM3\ARM_GCC_493\Debug\BE_Systemes_Embarques.a(Counter_Pulses.o)
                0x00000d70                Counter_Pulses_Init
 .text.Counter_Pulses_Start
                0x00000dc0       0x1c .\CortexM3\ARM_GCC_493\Debug\BE_Systemes_Embarques.a(Counter_Pulses.o)
                0x00000dc0                Counter_Pulses_Start
 .text.Comparator_Enable
                0x00000ddc       0x1c .\CortexM3\ARM_GCC_493\Debug\BE_Systemes_Embarques.a(Comparator.o)
                0x00000ddc                Comparator_Enable
 .text.Comparator_SetSpeed
                0x00000df8       0x58 .\CortexM3\ARM_GCC_493\Debug\BE_Systemes_Embarques.a(Comparator.o)
                0x00000df8                Comparator_SetSpeed
 .text.Comparator_Init
                0x00000e50       0x3c .\CortexM3\ARM_GCC_493\Debug\BE_Systemes_Embarques.a(Comparator.o)
                0x00000e50                Comparator_Init
 .text.Comparator_Start
                0x00000e8c       0x1c .\CortexM3\ARM_GCC_493\Debug\BE_Systemes_Embarques.a(Comparator.o)
                0x00000e8c                Comparator_Start
 .text.Threshold_Enable
                0x00000ea8       0x1c .\CortexM3\ARM_GCC_493\Debug\BE_Systemes_Embarques.a(Threshold.o)
                0x00000ea8                Threshold_Enable
 .text.Threshold_SetSpeed
                0x00000ec4       0x1c .\CortexM3\ARM_GCC_493\Debug\BE_Systemes_Embarques.a(Threshold.o)
                0x00000ec4                Threshold_SetSpeed
 .text.Threshold_SetValue
                0x00000ee0        0xc .\CortexM3\ARM_GCC_493\Debug\BE_Systemes_Embarques.a(Threshold.o)
                0x00000ee0                Threshold_SetValue
 .text.Threshold_DacTrim
                0x00000eec       0x24 .\CortexM3\ARM_GCC_493\Debug\BE_Systemes_Embarques.a(Threshold.o)
                0x00000eec                Threshold_DacTrim
 .text.Threshold_SetRange
                0x00000f10       0x20 .\CortexM3\ARM_GCC_493\Debug\BE_Systemes_Embarques.a(Threshold.o)
                0x00000f10                Threshold_SetRange
 .text.Threshold_Init
                0x00000f30       0x20 .\CortexM3\ARM_GCC_493\Debug\BE_Systemes_Embarques.a(Threshold.o)
                0x00000f30                Threshold_Init
 .text.Threshold_Start
                0x00000f50       0x24 .\CortexM3\ARM_GCC_493\Debug\BE_Systemes_Embarques.a(Threshold.o)
                0x00000f50                Threshold_Start
 .text.Interrupt_RX_SetVector
                0x00000f74        0xc .\CortexM3\ARM_GCC_493\Debug\BE_Systemes_Embarques.a(Interrupt_RX.o)
                0x00000f74                Interrupt_RX_SetVector
 .text.Interrupt_RX_SetPriority
                0x00000f80       0x10 .\CortexM3\ARM_GCC_493\Debug\BE_Systemes_Embarques.a(Interrupt_RX.o)
                0x00000f80                Interrupt_RX_SetPriority
 .text.Interrupt_RX_Enable
                0x00000f90        0xc .\CortexM3\ARM_GCC_493\Debug\BE_Systemes_Embarques.a(Interrupt_RX.o)
                0x00000f90                Interrupt_RX_Enable
 .text.Interrupt_RX_Disable
                0x00000f9c        0xc .\CortexM3\ARM_GCC_493\Debug\BE_Systemes_Embarques.a(Interrupt_RX.o)
                0x00000f9c                Interrupt_RX_Disable
 .text.Interrupt_RX_StartEx
                0x00000fa8       0x1c .\CortexM3\ARM_GCC_493\Debug\BE_Systemes_Embarques.a(Interrupt_RX.o)
                0x00000fa8                Interrupt_RX_StartEx
 .text.Chronometer_Enable
                0x00000fc4       0x10 .\CortexM3\ARM_GCC_493\Debug\BE_Systemes_Embarques.a(Chronometer.o)
                0x00000fc4                Chronometer_Enable
 .text.Chronometer_SetInterruptMode
                0x00000fd4        0xc .\CortexM3\ARM_GCC_493\Debug\BE_Systemes_Embarques.a(Chronometer.o)
                0x00000fd4                Chronometer_SetInterruptMode
 .text.Chronometer_ReadStatusRegister
                0x00000fe0        0xc .\CortexM3\ARM_GCC_493\Debug\BE_Systemes_Embarques.a(Chronometer.o)
                0x00000fe0                Chronometer_ReadStatusRegister
 .text.Chronometer_WriteCounter
                0x00000fec        0xc .\CortexM3\ARM_GCC_493\Debug\BE_Systemes_Embarques.a(Chronometer.o)
                0x00000fec                Chronometer_WriteCounter
 .text.Chronometer_ReadCounter
                0x00000ff8       0x14 .\CortexM3\ARM_GCC_493\Debug\BE_Systemes_Embarques.a(Chronometer.o)
                0x00000ff8                Chronometer_ReadCounter
 .text.Chronometer_ReadCapture
                0x0000100c        0xc .\CortexM3\ARM_GCC_493\Debug\BE_Systemes_Embarques.a(Chronometer.o)
                0x0000100c                Chronometer_ReadCapture
 .text.Chronometer_WritePeriod
                0x00001018        0xc .\CortexM3\ARM_GCC_493\Debug\BE_Systemes_Embarques.a(Chronometer.o)
                0x00001018                Chronometer_WritePeriod
 .text.Chronometer_WriteCompare
                0x00001024        0xc .\CortexM3\ARM_GCC_493\Debug\BE_Systemes_Embarques.a(Chronometer.o)
                0x00001024                Chronometer_WriteCompare
 .text.Chronometer_ClearFIFO
                0x00001030       0x14 .\CortexM3\ARM_GCC_493\Debug\BE_Systemes_Embarques.a(Chronometer.o)
                0x00001030                Chronometer_ClearFIFO
 .text.Chronometer_Init
                0x00001044       0x54 .\CortexM3\ARM_GCC_493\Debug\BE_Systemes_Embarques.a(Chronometer.o)
                0x00001044                Chronometer_Init
 .text.Chronometer_Start
                0x00001098       0x1c .\CortexM3\ARM_GCC_493\Debug\BE_Systemes_Embarques.a(Chronometer.o)
                0x00001098                Chronometer_Start
 .text.Clk_Start
                0x000010b4       0x1c .\CortexM3\ARM_GCC_493\Debug\BE_Systemes_Embarques.a(Clk.o)
                0x000010b4                Clk_Start
 .text.Clock_2_Start
                0x000010d0       0x1c .\CortexM3\ARM_GCC_493\Debug\BE_Systemes_Embarques.a(Clock_2.o)
                0x000010d0                Clock_2_Start
 .text.XBee_Init
                0x000010ec       0x14 .\CortexM3\ARM_GCC_493\Debug\BE_Systemes_Embarques.a(XBee.o)
                0x000010ec                XBee_Init
 .text.XBee_Enable
                0x00001100       0x30 .\CortexM3\ARM_GCC_493\Debug\BE_Systemes_Embarques.a(XBee.o)
                0x00001100                XBee_Enable
 .text.XBee_Start
                0x00001130       0x1c .\CortexM3\ARM_GCC_493\Debug\BE_Systemes_Embarques.a(XBee.o)
                0x00001130                XBee_Start
 .text.XBee_GetChar
                0x0000114c       0x2c .\CortexM3\ARM_GCC_493\Debug\BE_Systemes_Embarques.a(XBee.o)
                0x0000114c                XBee_GetChar
 .text.Rotation_Register_Write
                0x00001178        0xc .\CortexM3\ARM_GCC_493\Debug\BE_Systemes_Embarques.a(Rotation_Register.o)
                0x00001178                Rotation_Register_Write
 .text.PWM_Front_Enable
                0x00001184       0x10 .\CortexM3\ARM_GCC_493\Debug\BE_Systemes_Embarques.a(PWM_Front.o)
                0x00001184                PWM_Front_Enable
 .text.PWM_Front_WriteCounter
                0x00001194        0xc .\CortexM3\ARM_GCC_493\Debug\BE_Systemes_Embarques.a(PWM_Front.o)
                0x00001194                PWM_Front_WriteCounter
 .text.PWM_Front_WritePeriod
                0x000011a0        0xc .\CortexM3\ARM_GCC_493\Debug\BE_Systemes_Embarques.a(PWM_Front.o)
                0x000011a0                PWM_Front_WritePeriod
 .text.PWM_Front_WriteCompare1
                0x000011ac        0xc .\CortexM3\ARM_GCC_493\Debug\BE_Systemes_Embarques.a(PWM_Front.o)
                0x000011ac                PWM_Front_WriteCompare1
 .text.PWM_Front_WriteCompare2
                0x000011b8        0xc .\CortexM3\ARM_GCC_493\Debug\BE_Systemes_Embarques.a(PWM_Front.o)
                0x000011b8                PWM_Front_WriteCompare2
 .text.PWM_Front_SetInterruptMode
                0x000011c4        0xc .\CortexM3\ARM_GCC_493\Debug\BE_Systemes_Embarques.a(PWM_Front.o)
                0x000011c4                PWM_Front_SetInterruptMode
 .text.PWM_Front_ReadStatusRegister
                0x000011d0        0xc .\CortexM3\ARM_GCC_493\Debug\BE_Systemes_Embarques.a(PWM_Front.o)
                0x000011d0                PWM_Front_ReadStatusRegister
 .text.PWM_Front_ReadCapture
                0x000011dc        0xc .\CortexM3\ARM_GCC_493\Debug\BE_Systemes_Embarques.a(PWM_Front.o)
                0x000011dc                PWM_Front_ReadCapture
 .text.PWM_Front_ClearFIFO
                0x000011e8       0x14 .\CortexM3\ARM_GCC_493\Debug\BE_Systemes_Embarques.a(PWM_Front.o)
                0x000011e8                PWM_Front_ClearFIFO
 .text.PWM_Front_Init
                0x000011fc       0x58 .\CortexM3\ARM_GCC_493\Debug\BE_Systemes_Embarques.a(PWM_Front.o)
                0x000011fc                PWM_Front_Init
 .text.PWM_Front_Start
                0x00001254       0x1c .\CortexM3\ARM_GCC_493\Debug\BE_Systemes_Embarques.a(PWM_Front.o)
                0x00001254                PWM_Front_Start
 .text.PWM_Front_ReadCompare1
                0x00001270        0xc .\CortexM3\ARM_GCC_493\Debug\BE_Systemes_Embarques.a(PWM_Front.o)
                0x00001270                PWM_Front_ReadCompare1
 .text.PWM_Back_Enable
                0x0000127c       0x10 .\CortexM3\ARM_GCC_493\Debug\BE_Systemes_Embarques.a(PWM_Back.o)
                0x0000127c                PWM_Back_Enable
 .text.PWM_Back_WriteCounter
                0x0000128c        0xc .\CortexM3\ARM_GCC_493\Debug\BE_Systemes_Embarques.a(PWM_Back.o)
                0x0000128c                PWM_Back_WriteCounter
 .text.PWM_Back_WritePeriod
                0x00001298        0xc .\CortexM3\ARM_GCC_493\Debug\BE_Systemes_Embarques.a(PWM_Back.o)
                0x00001298                PWM_Back_WritePeriod
 .text.PWM_Back_WriteCompare1
                0x000012a4        0xc .\CortexM3\ARM_GCC_493\Debug\BE_Systemes_Embarques.a(PWM_Back.o)
                0x000012a4                PWM_Back_WriteCompare1
 .text.PWM_Back_WriteCompare2
                0x000012b0        0xc .\CortexM3\ARM_GCC_493\Debug\BE_Systemes_Embarques.a(PWM_Back.o)
                0x000012b0                PWM_Back_WriteCompare2
 .text.PWM_Back_SetInterruptMode
                0x000012bc        0xc .\CortexM3\ARM_GCC_493\Debug\BE_Systemes_Embarques.a(PWM_Back.o)
                0x000012bc                PWM_Back_SetInterruptMode
 .text.PWM_Back_ReadStatusRegister
                0x000012c8        0xc .\CortexM3\ARM_GCC_493\Debug\BE_Systemes_Embarques.a(PWM_Back.o)
                0x000012c8                PWM_Back_ReadStatusRegister
 .text.PWM_Back_ReadCapture
                0x000012d4        0xc .\CortexM3\ARM_GCC_493\Debug\BE_Systemes_Embarques.a(PWM_Back.o)
                0x000012d4                PWM_Back_ReadCapture
 .text.PWM_Back_ClearFIFO
                0x000012e0       0x14 .\CortexM3\ARM_GCC_493\Debug\BE_Systemes_Embarques.a(PWM_Back.o)
                0x000012e0                PWM_Back_ClearFIFO
 .text.PWM_Back_Init
                0x000012f4       0x58 .\CortexM3\ARM_GCC_493\Debug\BE_Systemes_Embarques.a(PWM_Back.o)
                0x000012f4                PWM_Back_Init
 .text.PWM_Back_Start
                0x0000134c       0x1c .\CortexM3\ARM_GCC_493\Debug\BE_Systemes_Embarques.a(PWM_Back.o)
                0x0000134c                PWM_Back_Start
 .text.PWM_Back_ReadCompare1
                0x00001368        0xc .\CortexM3\ARM_GCC_493\Debug\BE_Systemes_Embarques.a(PWM_Back.o)
                0x00001368                PWM_Back_ReadCompare1
 .text.XBee_IntClock_Start
                0x00001374       0x1c .\CortexM3\ARM_GCC_493\Debug\BE_Systemes_Embarques.a(XBee_IntClock.o)
                0x00001374                XBee_IntClock_Start
 .text.Interrupt_Xbee_SetVector
                0x00001390        0xc .\CortexM3\ARM_GCC_493\Debug\BE_Systemes_Embarques.a(Interrupt_Xbee.o)
                0x00001390                Interrupt_Xbee_SetVector
 .text.Interrupt_Xbee_SetPriority
                0x0000139c       0x10 .\CortexM3\ARM_GCC_493\Debug\BE_Systemes_Embarques.a(Interrupt_Xbee.o)
                0x0000139c                Interrupt_Xbee_SetPriority
 .text.Interrupt_Xbee_Enable
                0x000013ac        0xc .\CortexM3\ARM_GCC_493\Debug\BE_Systemes_Embarques.a(Interrupt_Xbee.o)
                0x000013ac                Interrupt_Xbee_Enable
 .text.Interrupt_Xbee_Disable
                0x000013b8        0xc .\CortexM3\ARM_GCC_493\Debug\BE_Systemes_Embarques.a(Interrupt_Xbee.o)
                0x000013b8                Interrupt_Xbee_Disable
 .text.Interrupt_Xbee_StartEx
                0x000013c4       0x1c .\CortexM3\ARM_GCC_493\Debug\BE_Systemes_Embarques.a(Interrupt_Xbee.o)
                0x000013c4                Interrupt_Xbee_StartEx
 .text          0x000013e0       0x20 .\CortexM3\ARM_GCC_493\Debug\BE_Systemes_Embarques.a(CyBootAsmGnu.o)
                0x000013e0                CyDelayCycles
                0x000013f0                CyEnterCriticalSection
                0x000013f8                CyExitCriticalSection
 .text.pow      0x00001400      0x2f0 c:/program files (x86)/cypress/psoc creator/4.0/psoc creator/import/gnu/arm/4.9.3/bin/../lib/gcc/arm-none-eabi/4.9.3/../../../../arm-none-eabi/lib/armv7-m\libm.a(lib_a-w_pow.o)
                0x00001400                pow
 .text.sqrt     0x000016f0       0xac c:/program files (x86)/cypress/psoc creator/4.0/psoc creator/import/gnu/arm/4.9.3/bin/../lib/gcc/arm-none-eabi/4.9.3/../../../../arm-none-eabi/lib/armv7-m\libm.a(lib_a-w_sqrt.o)
                0x000016f0                sqrt
 *fill*         0x0000179c        0x4 
 .text.__ieee754_pow
                0x000017a0      0xaa0 c:/program files (x86)/cypress/psoc creator/4.0/psoc creator/import/gnu/arm/4.9.3/bin/../lib/gcc/arm-none-eabi/4.9.3/../../../../arm-none-eabi/lib/armv7-m\libm.a(lib_a-e_pow.o)
                0x000017a0                __ieee754_pow
 .text.__ieee754_sqrt
                0x00002240      0x18c c:/program files (x86)/cypress/psoc creator/4.0/psoc creator/import/gnu/arm/4.9.3/bin/../lib/gcc/arm-none-eabi/4.9.3/../../../../arm-none-eabi/lib/armv7-m\libm.a(lib_a-e_sqrt.o)
                0x00002240                __ieee754_sqrt
 .text.fabs     0x000023cc        0x8 c:/program files (x86)/cypress/psoc creator/4.0/psoc creator/import/gnu/arm/4.9.3/bin/../lib/gcc/arm-none-eabi/4.9.3/../../../../arm-none-eabi/lib/armv7-m\libm.a(lib_a-s_fabs.o)
                0x000023cc                fabs
 .text.finite   0x000023d4        0xc c:/program files (x86)/cypress/psoc creator/4.0/psoc creator/import/gnu/arm/4.9.3/bin/../lib/gcc/arm-none-eabi/4.9.3/../../../../arm-none-eabi/lib/armv7-m\libm.a(lib_a-s_finite.o)
                0x000023d4                finite
 .text.__fpclassifyd
                0x000023e0       0x58 c:/program files (x86)/cypress/psoc creator/4.0/psoc creator/import/gnu/arm/4.9.3/bin/../lib/gcc/arm-none-eabi/4.9.3/../../../../arm-none-eabi/lib/armv7-m\libm.a(lib_a-s_fpclassify.o)
                0x000023e0                __fpclassifyd
 .text.matherr  0x00002438        0x4 c:/program files (x86)/cypress/psoc creator/4.0/psoc creator/import/gnu/arm/4.9.3/bin/../lib/gcc/arm-none-eabi/4.9.3/../../../../arm-none-eabi/lib/armv7-m\libm.a(lib_a-s_matherr.o)
                0x00002438                matherr
 .text.nan      0x0000243c        0xc c:/program files (x86)/cypress/psoc creator/4.0/psoc creator/import/gnu/arm/4.9.3/bin/../lib/gcc/arm-none-eabi/4.9.3/../../../../arm-none-eabi/lib/armv7-m\libm.a(lib_a-s_nan.o)
                0x0000243c                nan
 .text.rint     0x00002448      0x11c c:/program files (x86)/cypress/psoc creator/4.0/psoc creator/import/gnu/arm/4.9.3/bin/../lib/gcc/arm-none-eabi/4.9.3/../../../../arm-none-eabi/lib/armv7-m\libm.a(lib_a-s_rint.o)
                0x00002448                rint
 *fill*         0x00002564        0x4 
 .text.scalbn   0x00002568       0xf0 c:/program files (x86)/cypress/psoc creator/4.0/psoc creator/import/gnu/arm/4.9.3/bin/../lib/gcc/arm-none-eabi/4.9.3/../../../../arm-none-eabi/lib/armv7-m\libm.a(lib_a-s_scalbn.o)
                0x00002568                scalbn
 .text.copysign
                0x00002658       0x10 c:/program files (x86)/cypress/psoc creator/4.0/psoc creator/import/gnu/arm/4.9.3/bin/../lib/gcc/arm-none-eabi/4.9.3/../../../../arm-none-eabi/lib/armv7-m\libm.a(lib_a-s_copysign.o)
                0x00002658                copysign
 .text          0x00002668      0x370 c:/program files (x86)/cypress/psoc creator/4.0/psoc creator/import/gnu/arm/4.9.3/bin/../lib/gcc/arm-none-eabi/4.9.3/armv7-m\libgcc.a(_arm_addsubdf3.o)
                0x00002668                __aeabi_drsub
                0x00002670                __aeabi_dsub
                0x00002670                __subdf3
                0x00002674                __aeabi_dadd
                0x00002674                __adddf3
                0x000028ec                __floatunsidf
                0x000028ec                __aeabi_ui2d
                0x0000290c                __floatsidf
                0x0000290c                __aeabi_i2d
                0x00002930                __aeabi_f2d
                0x00002930                __extendsfdf2
                0x0000296c                __floatundidf
                0x0000296c                __aeabi_ul2d
                0x0000297c                __floatdidf
                0x0000297c                __aeabi_l2d
 .text          0x000029d8      0x424 c:/program files (x86)/cypress/psoc creator/4.0/psoc creator/import/gnu/arm/4.9.3/bin/../lib/gcc/arm-none-eabi/4.9.3/armv7-m\libgcc.a(_arm_muldivdf3.o)
                0x000029d8                __aeabi_dmul
                0x000029d8                __muldf3
                0x00002c2c                __divdf3
                0x00002c2c                __aeabi_ddiv
 .text          0x00002dfc      0x110 c:/program files (x86)/cypress/psoc creator/4.0/psoc creator/import/gnu/arm/4.9.3/bin/../lib/gcc/arm-none-eabi/4.9.3/armv7-m\libgcc.a(_arm_cmpdf2.o)
                0x00002dfc                __gtdf2
                0x00002dfc                __gedf2
                0x00002e04                __ltdf2
                0x00002e04                __ledf2
                0x00002e0c                __nedf2
                0x00002e0c                __eqdf2
                0x00002e0c                __cmpdf2
                0x00002e88                __aeabi_cdrcmple
                0x00002e98                __aeabi_cdcmpeq
                0x00002e98                __aeabi_cdcmple
                0x00002ea8                __aeabi_dcmpeq
                0x00002ebc                __aeabi_dcmplt
                0x00002ed0                __aeabi_dcmple
                0x00002ee4                __aeabi_dcmpge
                0x00002ef8                __aeabi_dcmpgt
 .text          0x00002f0c       0x50 c:/program files (x86)/cypress/psoc creator/4.0/psoc creator/import/gnu/arm/4.9.3/bin/../lib/gcc/arm-none-eabi/4.9.3/armv7-m\libgcc.a(_arm_fixdfsi.o)
                0x00002f0c                __aeabi_d2iz
                0x00002f0c                __fixdfsi
 .text.__errno  0x00002f5c        0xc c:/program files (x86)/cypress/psoc creator/4.0/psoc creator/import/gnu/arm/4.9.3/bin/../lib/gcc/arm-none-eabi/4.9.3/../../../../arm-none-eabi/lib/armv7-m\libg_nano.a(lib_a-errno.o)
                0x00002f5c                __errno
 .text.__libc_init_array
                0x00002f68       0x4c c:/program files (x86)/cypress/psoc creator/4.0/psoc creator/import/gnu/arm/4.9.3/bin/../lib/gcc/arm-none-eabi/4.9.3/../../../../arm-none-eabi/lib/armv7-m\libg_nano.a(lib_a-init.o)
                0x00002f68                __libc_init_array
 .text.memcpy   0x00002fb4       0x16 c:/program files (x86)/cypress/psoc creator/4.0/psoc creator/import/gnu/arm/4.9.3/bin/../lib/gcc/arm-none-eabi/4.9.3/../../../../arm-none-eabi/lib/armv7-m\libg_nano.a(lib_a-memcpy.o)
                0x00002fb4                memcpy
 .text.memset   0x00002fca       0x10 c:/program files (x86)/cypress/psoc creator/4.0/psoc creator/import/gnu/arm/4.9.3/bin/../lib/gcc/arm-none-eabi/4.9.3/../../../../arm-none-eabi/lib/armv7-m\libg_nano.a(lib_a-memset.o)
                0x00002fca                memset
 *fill*         0x00002fda        0x2 
 .text.sprintf  0x00002fdc       0x48 c:/program files (x86)/cypress/psoc creator/4.0/psoc creator/import/gnu/arm/4.9.3/bin/../lib/gcc/arm-none-eabi/4.9.3/../../../../arm-none-eabi/lib/armv7-m\libg_nano.a(lib_a-sprintf.o)
                0x00002fdc                siprintf
                0x00002fdc                sprintf
 .text.__ssputs_r
                0x00003024       0xb2 c:/program files (x86)/cypress/psoc creator/4.0/psoc creator/import/gnu/arm/4.9.3/bin/../lib/gcc/arm-none-eabi/4.9.3/../../../../arm-none-eabi/lib/armv7-m\libg_nano.a(lib_a-nano-svfprintf.o)
                0x00003024                __ssputs_r
 *fill*         0x000030d6        0x2 
 .text._svfprintf_r
                0x000030d8      0x1e4 c:/program files (x86)/cypress/psoc creator/4.0/psoc creator/import/gnu/arm/4.9.3/bin/../lib/gcc/arm-none-eabi/4.9.3/../../../../arm-none-eabi/lib/armv7-m\libg_nano.a(lib_a-nano-svfprintf.o)
                0x000030d8                _svfiprintf_r
                0x000030d8                _svfprintf_r
 .text._printf_common
                0x000032bc       0xea c:/program files (x86)/cypress/psoc creator/4.0/psoc creator/import/gnu/arm/4.9.3/bin/../lib/gcc/arm-none-eabi/4.9.3/../../../../arm-none-eabi/lib/armv7-m\libg_nano.a(lib_a-nano-vfprintf_i.o)
                0x000032bc                _printf_common
 *fill*         0x000033a6        0x2 
 .text._printf_i
                0x000033a8      0x240 c:/program files (x86)/cypress/psoc creator/4.0/psoc creator/import/gnu/arm/4.9.3/bin/../lib/gcc/arm-none-eabi/4.9.3/../../../../arm-none-eabi/lib/armv7-m\libg_nano.a(lib_a-nano-vfprintf_i.o)
                0x000033a8                _printf_i
 .text.memchr   0x000035e8       0x1c c:/program files (x86)/cypress/psoc creator/4.0/psoc creator/import/gnu/arm/4.9.3/bin/../lib/gcc/arm-none-eabi/4.9.3/../../../../arm-none-eabi/lib/armv7-m\libg_nano.a(lib_a-memchr.o)
                0x000035e8                memchr
 .text.memmove  0x00003604       0x36 c:/program files (x86)/cypress/psoc creator/4.0/psoc creator/import/gnu/arm/4.9.3/bin/../lib/gcc/arm-none-eabi/4.9.3/../../../../arm-none-eabi/lib/armv7-m\libg_nano.a(lib_a-memmove.o)
                0x00003604                memmove
 *fill*         0x0000363a        0x2 
 .text._free_r  0x0000363c       0x88 c:/program files (x86)/cypress/psoc creator/4.0/psoc creator/import/gnu/arm/4.9.3/bin/../lib/gcc/arm-none-eabi/4.9.3/../../../../arm-none-eabi/lib/armv7-m\libg_nano.a(lib_a-nano-freer.o)
                0x0000363c                _free_r
 .text._malloc_r
                0x000036c4       0xac c:/program files (x86)/cypress/psoc creator/4.0/psoc creator/import/gnu/arm/4.9.3/bin/../lib/gcc/arm-none-eabi/4.9.3/../../../../arm-none-eabi/lib/armv7-m\libg_nano.a(lib_a-nano-mallocr.o)
                0x000036c4                _malloc_r
 .text._realloc_r
                0x00003770       0x4c c:/program files (x86)/cypress/psoc creator/4.0/psoc creator/import/gnu/arm/4.9.3/bin/../lib/gcc/arm-none-eabi/4.9.3/../../../../arm-none-eabi/lib/armv7-m\libg_nano.a(lib_a-nano-reallocr.o)
                0x00003770                _realloc_r
 .text._sbrk_r  0x000037bc       0x20 c:/program files (x86)/cypress/psoc creator/4.0/psoc creator/import/gnu/arm/4.9.3/bin/../lib/gcc/arm-none-eabi/4.9.3/../../../../arm-none-eabi/lib/armv7-m\libg_nano.a(lib_a-sbrkr.o)
                0x000037bc                _sbrk_r
 .text._malloc_usable_size_r
                0x000037dc       0x14 c:/program files (x86)/cypress/psoc creator/4.0/psoc creator/import/gnu/arm/4.9.3/bin/../lib/gcc/arm-none-eabi/4.9.3/../../../../arm-none-eabi/lib/armv7-m\libg_nano.a(lib_a-nano-msizer.o)
                0x000037dc                _malloc_usable_size_r
 *(.plt)
 *(.gnu.warning)
 *(.glue_7t)
 .glue_7t       0x00000000        0x0 linker stubs
 *(.glue_7)
 .glue_7        0x00000000        0x0 linker stubs
 *(.vfp11_veneer)
 .vfp11_veneer  0x00000000        0x0 linker stubs
 *(.bootloader)
 *(.ARM.extab* .gnu.linkonce.armextab.*)
 *(.gcc_except_table)

.v4_bx          0x000037f0        0x0
 .v4_bx         0x00000000        0x0 linker stubs

.iplt           0x000037f0        0x0
 .iplt          0x00000000        0x0 c:/program files (x86)/cypress/psoc creator/4.0/psoc creator/import/gnu/arm/4.9.3/bin/../lib/gcc/arm-none-eabi/4.9.3/armv7-m/crtbegin.o

.eh_frame_hdr
 *(.eh_frame_hdr)

.eh_frame       0x000037f0        0x4
 *(.eh_frame)
 .eh_frame      0x000037f0        0x0 c:/program files (x86)/cypress/psoc creator/4.0/psoc creator/import/gnu/arm/4.9.3/bin/../lib/gcc/arm-none-eabi/4.9.3/armv7-m/crtbegin.o
 .eh_frame      0x000037f0        0x4 c:/program files (x86)/cypress/psoc creator/4.0/psoc creator/import/gnu/arm/4.9.3/bin/../lib/gcc/arm-none-eabi/4.9.3/armv7-m/crtend.o
                0x000037f4                PROVIDE (__exidx_start, .)

.ARM.exidx
 *(.ARM.exidx* .gnu.linkonce.armexidx.*)
                0x000037f4                __exidx_end = .

.rodata         0x000037f8      0x130
 *(.rodata .rodata.* .gnu.linkonce.r.*)
 .rodata.str1.4
                0x000037f8       0x2f .\CortexM3\ARM_GCC_493\Debug\main.o
                                 0x30 (size before relaxing)
 *fill*         0x00003827        0x1 
 .rodata        0x00003828       0x2c .\CortexM3\ARM_GCC_493\Debug\BE_Systemes_Embarques.a(cyfitter_cfg.o)
 .rodata        0x00003854       0x18 .\CortexM3\ARM_GCC_493\Debug\BE_Systemes_Embarques.a(Pre_Ampli.o)
 .rodata.str1.4
                0x0000386c        0x4 c:/program files (x86)/cypress/psoc creator/4.0/psoc creator/import/gnu/arm/4.9.3/bin/../lib/gcc/arm-none-eabi/4.9.3/../../../../arm-none-eabi/lib/armv7-m\libm.a(lib_a-w_pow.o)
 .rodata.str1.4
                0x00003870        0x5 c:/program files (x86)/cypress/psoc creator/4.0/psoc creator/import/gnu/arm/4.9.3/bin/../lib/gcc/arm-none-eabi/4.9.3/../../../../arm-none-eabi/lib/armv7-m\libm.a(lib_a-w_sqrt.o)
                                  0x8 (size before relaxing)
 *fill*         0x00003875        0x3 
 .rodata.dp_h   0x00003878       0x10 c:/program files (x86)/cypress/psoc creator/4.0/psoc creator/import/gnu/arm/4.9.3/bin/../lib/gcc/arm-none-eabi/4.9.3/../../../../arm-none-eabi/lib/armv7-m\libm.a(lib_a-e_pow.o)
 .rodata.dp_l   0x00003888       0x10 c:/program files (x86)/cypress/psoc creator/4.0/psoc creator/import/gnu/arm/4.9.3/bin/../lib/gcc/arm-none-eabi/4.9.3/../../../../arm-none-eabi/lib/armv7-m\libm.a(lib_a-e_pow.o)
 .rodata.bp     0x00003898       0x10 c:/program files (x86)/cypress/psoc creator/4.0/psoc creator/import/gnu/arm/4.9.3/bin/../lib/gcc/arm-none-eabi/4.9.3/../../../../arm-none-eabi/lib/armv7-m\libm.a(lib_a-e_pow.o)
 .rodata.str1.4
                0x00000000        0x8 c:/program files (x86)/cypress/psoc creator/4.0/psoc creator/import/gnu/arm/4.9.3/bin/../lib/gcc/arm-none-eabi/4.9.3/../../../../arm-none-eabi/lib/armv7-m\libm.a(lib_a-e_pow.o)
                                  0x4 (size before relaxing)
 .rodata.TWO52  0x000038a8       0x10 c:/program files (x86)/cypress/psoc creator/4.0/psoc creator/import/gnu/arm/4.9.3/bin/../lib/gcc/arm-none-eabi/4.9.3/../../../../arm-none-eabi/lib/armv7-m\libm.a(lib_a-s_rint.o)
 .rodata.str1.1
                0x000038b8        0x2 c:/program files (x86)/cypress/psoc creator/4.0/psoc creator/import/gnu/arm/4.9.3/bin/../lib/gcc/arm-none-eabi/4.9.3/../../../../arm-none-eabi/lib/armv7-m\libg_nano.a(lib_a-impure.o)
 .rodata.str1.1
                0x000038ba       0x11 c:/program files (x86)/cypress/psoc creator/4.0/psoc creator/import/gnu/arm/4.9.3/bin/../lib/gcc/arm-none-eabi/4.9.3/../../../../arm-none-eabi/lib/armv7-m\libg_nano.a(lib_a-nano-svfprintf.o)
 .rodata.str1.1
                0x000038cb       0x22 c:/program files (x86)/cypress/psoc creator/4.0/psoc creator/import/gnu/arm/4.9.3/bin/../lib/gcc/arm-none-eabi/4.9.3/../../../../arm-none-eabi/lib/armv7-m\libg_nano.a(lib_a-nano-vfprintf_i.o)
                0x000038f0                . = ALIGN (0x4)
 *fill*         0x000038ed        0x3 
 *(.init)
 .init          0x000038f0        0x4 c:/program files (x86)/cypress/psoc creator/4.0/psoc creator/import/gnu/arm/4.9.3/bin/../lib/gcc/arm-none-eabi/4.9.3/armv7-m/crti.o
                0x000038f0                _init
 .init          0x000038f4        0x8 c:/program files (x86)/cypress/psoc creator/4.0/psoc creator/import/gnu/arm/4.9.3/bin/../lib/gcc/arm-none-eabi/4.9.3/armv7-m/crtn.o
                0x000038fc                . = ALIGN (0x4)
                0x000038fc                __preinit_array_start = .
 *(.preinit_array)
                0x000038fc                __preinit_array_end = .
                0x000038fc                . = ALIGN (0x4)
                0x000038fc                __init_array_start = .
 *(SORT(.init_array.*))
 *(.init_array)
 .init_array    0x000038fc        0x4 c:/program files (x86)/cypress/psoc creator/4.0/psoc creator/import/gnu/arm/4.9.3/bin/../lib/gcc/arm-none-eabi/4.9.3/armv7-m/crtbegin.o
 .init_array    0x00003900        0x4 .\CortexM3\ARM_GCC_493\Debug\Cm3Start.o
                0x00003904                __init_array_end = .
                0x00003904                . = ALIGN (0x4)
 *(.fini)
 .fini          0x00003904        0x4 c:/program files (x86)/cypress/psoc creator/4.0/psoc creator/import/gnu/arm/4.9.3/bin/../lib/gcc/arm-none-eabi/4.9.3/armv7-m/crti.o
                0x00003904                _fini
 .fini          0x00003908        0x8 c:/program files (x86)/cypress/psoc creator/4.0/psoc creator/import/gnu/arm/4.9.3/bin/../lib/gcc/arm-none-eabi/4.9.3/armv7-m/crtn.o
                0x00003910                . = ALIGN (0x4)
                0x00003910                __fini_array_start = .
 *(.fini_array)
 .fini_array    0x00003910        0x4 c:/program files (x86)/cypress/psoc creator/4.0/psoc creator/import/gnu/arm/4.9.3/bin/../lib/gcc/arm-none-eabi/4.9.3/armv7-m/crtbegin.o
 *(SORT(.fini_array.*))
                0x00003914                __fini_array_end = .
                0x00003914                . = ALIGN (0x4)
 *crtbegin.o(.ctors)
 *(EXCLUDE_FILE(*crtend.o) .ctors)
 *(SORT(.ctors.*))
 *crtend.o(.ctors)
                0x00003914                . = ALIGN (0x4)
 *crtbegin.o(.dtors)
 *(EXCLUDE_FILE(*crtend.o) .dtors)
 *(SORT(.dtors.*))
 *crtend.o(.dtors)
                0x00003914                . = ALIGN (0x4)
                0x00003914                __cy_regions = .
                0x00003914        0x4 LONG 0x3928 __cy_region_init_ram
                0x00003918        0x4 LONG 0x1fff8108 __cy_region_start_data
                0x0000391c        0x4 LONG 0x80 __cy_region_init_size_ram
                0x00003920        0x4 LONG 0x70 __cy_region_zero_size_ram
                0x00003924                __cy_regions_end = .
                0x00003928                . = ALIGN (0x8)
 *fill*         0x00003924        0x4 
                0x00003928                _etext = .

.cy_checksum_exclude
                0x00003928        0x0
 *(.cy_checksum_exclude)

.ramvectors     0x1fff8000      0x100
                0x1fff8000                __cy_region_start_ram = .
 *(.ramvectors)
 .ramvectors    0x1fff8000      0x100 .\CortexM3\ARM_GCC_493\Debug\Cm3Start.o
                0x1fff8000                CyRamVectors

.noinit         0x1fff8100        0x5
 *(.noinit)
 .noinit        0x1fff8100        0x4 .\CortexM3\ARM_GCC_493\Debug\Cm3Start.o
 .noinit        0x1fff8104        0x1 .\CortexM3\ARM_GCC_493\Debug\BE_Systemes_Embarques.a(CyLib.o)
                0x1fff8104                CyResetStatus

.data           0x1fff8108       0x80 load address 0x00003928
                0x1fff8108                __cy_region_start_data = .
 *(.jcr)
 .jcr           0x1fff8108        0x0 c:/program files (x86)/cypress/psoc creator/4.0/psoc creator/import/gnu/arm/4.9.3/bin/../lib/gcc/arm-none-eabi/4.9.3/armv7-m/crtbegin.o
 .jcr           0x1fff8108        0x4 c:/program files (x86)/cypress/psoc creator/4.0/psoc creator/import/gnu/arm/4.9.3/bin/../lib/gcc/arm-none-eabi/4.9.3/armv7-m/crtend.o
 *(.got.plt)
 *(.got)
 *(.shdata)
 *(.data .data.* .gnu.linkonce.d.*)
 .data          0x1fff810c        0x4 .\CortexM3\ARM_GCC_493\Debug\Cm3Start.o
 .data          0x1fff8110       0x10 .\CortexM3\ARM_GCC_493\Debug\BE_Systemes_Embarques.a(CyLib.o)
                0x1fff8110                cydelay_32k_ms
                0x1fff8114                cydelay_freq_khz
                0x1fff8118                cydelay_freq_mhz
                0x1fff811c                cydelay_freq_hz
 .data.__fdlib_version
                0x1fff8120        0x1 c:/program files (x86)/cypress/psoc creator/4.0/psoc creator/import/gnu/arm/4.9.3/bin/../lib/gcc/arm-none-eabi/4.9.3/../../../../arm-none-eabi/lib/armv7-m\libm.a(lib_a-s_lib_ver.o)
                0x1fff8120                __fdlib_version
 *fill*         0x1fff8121        0x3 
 .data.impure_data
                0x1fff8124       0x60 c:/program files (x86)/cypress/psoc creator/4.0/psoc creator/import/gnu/arm/4.9.3/bin/../lib/gcc/arm-none-eabi/4.9.3/../../../../arm-none-eabi/lib/armv7-m\libg_nano.a(lib_a-impure.o)
 .data._impure_ptr
                0x1fff8184        0x4 c:/program files (x86)/cypress/psoc creator/4.0/psoc creator/import/gnu/arm/4.9.3/bin/../lib/gcc/arm-none-eabi/4.9.3/../../../../arm-none-eabi/lib/armv7-m\libg_nano.a(lib_a-impure.o)
                0x1fff8184                _impure_ptr
                0x1fff8188                . = ALIGN (0x8)
 *(.ram)
                0x1fff8188                _edata = .

.igot.plt       0x1fff8188        0x0 load address 0x000039a8
 .igot.plt      0x00000000        0x0 c:/program files (x86)/cypress/psoc creator/4.0/psoc creator/import/gnu/arm/4.9.3/bin/../lib/gcc/arm-none-eabi/4.9.3/armv7-m/crtbegin.o

.bss            0x1fff8188       0x70 load address 0x000039a8
                0x1fff8188                PROVIDE (__bss_start__, .)
 *(.shbss)
 *(.bss .bss.* .gnu.linkonce.b.*)
 .bss           0x1fff8188       0x1c c:/program files (x86)/cypress/psoc creator/4.0/psoc creator/import/gnu/arm/4.9.3/bin/../lib/gcc/arm-none-eabi/4.9.3/armv7-m/crtbegin.o
 .bss           0x1fff81a4        0x2 .\CortexM3\ARM_GCC_493\Debug\main.o
                0x1fff81a4                instruction
                0x1fff81a5                vitesse
 .bss           0x1fff81a6        0x1 .\CortexM3\ARM_GCC_493\Debug\BE_Systemes_Embarques.a(Out_MAX232.o)
                0x1fff81a6                Out_MAX232_initVar
 .bss           0x1fff81a7        0x1 .\CortexM3\ARM_GCC_493\Debug\BE_Systemes_Embarques.a(Pre_Ampli.o)
                0x1fff81a7                Pre_Ampli_initVar
 .bss           0x1fff81a8        0x2 .\CortexM3\ARM_GCC_493\Debug\BE_Systemes_Embarques.a(LCD.o)
                0x1fff81a8                LCD_enableState
                0x1fff81a9                LCD_initVar
 .bss           0x1fff81aa        0x1 .\CortexM3\ARM_GCC_493\Debug\BE_Systemes_Embarques.a(Timer_TX.o)
                0x1fff81aa                Timer_TX_initVar
 .bss           0x1fff81ab        0x1 .\CortexM3\ARM_GCC_493\Debug\BE_Systemes_Embarques.a(Counter_Pulses.o)
                0x1fff81ab                Counter_Pulses_initVar
 .bss           0x1fff81ac        0x1 .\CortexM3\ARM_GCC_493\Debug\BE_Systemes_Embarques.a(Comparator.o)
                0x1fff81ac                Comparator_initVar
 .bss           0x1fff81ad        0x1 .\CortexM3\ARM_GCC_493\Debug\BE_Systemes_Embarques.a(Threshold.o)
                0x1fff81ad                Threshold_initVar
 .bss           0x1fff81ae        0x1 .\CortexM3\ARM_GCC_493\Debug\BE_Systemes_Embarques.a(Chronometer.o)
                0x1fff81ae                Chronometer_initVar
 .bss           0x1fff81af        0x1 .\CortexM3\ARM_GCC_493\Debug\BE_Systemes_Embarques.a(XBee.o)
                0x1fff81af                XBee_initVar
 .bss           0x1fff81b0        0x1 .\CortexM3\ARM_GCC_493\Debug\BE_Systemes_Embarques.a(PWM_Front.o)
                0x1fff81b0                PWM_Front_initVar
 .bss           0x1fff81b1        0x1 .\CortexM3\ARM_GCC_493\Debug\BE_Systemes_Embarques.a(PWM_Back.o)
                0x1fff81b1                PWM_Back_initVar
 *fill*         0x1fff81b2        0x2 
 .bss.__malloc_sbrk_start
                0x1fff81b4        0x4 c:/program files (x86)/cypress/psoc creator/4.0/psoc creator/import/gnu/arm/4.9.3/bin/../lib/gcc/arm-none-eabi/4.9.3/../../../../arm-none-eabi/lib/armv7-m\libg_nano.a(lib_a-nano-mallocr.o)
                0x1fff81b4                __malloc_sbrk_start
 .bss.__malloc_free_list
                0x1fff81b8        0x4 c:/program files (x86)/cypress/psoc creator/4.0/psoc creator/import/gnu/arm/4.9.3/bin/../lib/gcc/arm-none-eabi/4.9.3/../../../../arm-none-eabi/lib/armv7-m\libg_nano.a(lib_a-nano-mallocr.o)
                0x1fff81b8                __malloc_free_list
 *(COMMON)
 *fill*         0x1fff81bc        0x4 
 COMMON         0x1fff81c0       0x32 .\CortexM3\ARM_GCC_493\Debug\main.o
                0x1fff81c0                response
                0x1fff81c8                calibratedDistance
                0x1fff81d0                realDistance
                0x1fff81d8                distance
                0x1fff81e0                chrono
                0x1fff81e8                str
 *fill*         0x1fff81f2        0x2 
 COMMON         0x1fff81f4        0x4 c:/program files (x86)/cypress/psoc creator/4.0/psoc creator/import/gnu/arm/4.9.3/bin/../lib/gcc/arm-none-eabi/4.9.3/../../../../arm-none-eabi/lib/armv7-m\libg_nano.a(lib_a-reent.o)
                0x1fff81f4                errno
                0x1fff81f8                . = ALIGN (0x8)
 *(.ram.b)
                0x1fff81f8                _end = .
                0x1fff81f8                __end = .
                0x1fff81f8                PROVIDE (end, .)
                0x1fff81f8                PROVIDE (__bss_end__, .)
                0x00003928                __cy_region_init_ram = LOADADDR (.data)
                0x00000080                __cy_region_init_size_ram = (_edata - ADDR (.data))
                0x00000070                __cy_region_zero_size_ram = (_end - _edata)

.heap           0x1fff81f8       0x80 load address 0x000039a8
                0x1fff81f8                . = _end
                0x1fff8278                . = (. + 0x80)
 *fill*         0x1fff81f8       0x80 
                0x1fff8278                __cy_heap_limit = .

.stack          0x20007800      0x800
                0x20007800                __cy_stack_limit = .
                0x20008000                . = (. + 0x800)
 *fill*         0x20007800      0x800 
                0x00000001                ASSERT ((__cy_stack_limit >= __cy_heap_limit), region RAM overflowed with stack)
                0x00000000                cy_checksum_exclude_size = (CY_APPL_LOADABLE == 0x1)?SIZEOF (.cy_checksum_exclude):0x0
                0x00000001                ASSERT ((cy_checksum_exclude_size <= CY_CHECKSUM_EXCLUDE_SIZE), CY_BOOT: Section .cy_checksum_exclude size exceedes specified limit.)

.cyloadermeta
 *(.cyloadermeta)

.cyloadablemeta
 *(.cyloadablemeta)

.cyconfigecc    0x80000000      0x8ec
 *(.cyconfigecc)
 .cyconfigecc   0x80000000      0x8ec .\CortexM3\ARM_GCC_493\Debug\cymetadata.o
                0x80000000                cy_meta_configecc

.cycustnvl      0x90000000        0x4
 *(.cycustnvl)
 .cycustnvl     0x90000000        0x4 .\CortexM3\ARM_GCC_493\Debug\cymetadata.o
                0x90000000                cy_meta_custnvl

.cywolatch      0x90100000        0x4
 *(.cywolatch)
 .cywolatch     0x90100000        0x4 .\CortexM3\ARM_GCC_493\Debug\cymetadata.o
                0x90100000                cy_meta_wonvl

.cyeeprom       0x90200000        0x0
 *(.cyeeprom)
                0x00000001                ASSERT ((. <= ((0x90200000 + ee_offset) + ee_size)), .cyeeprom data will not fit in EEPROM)

.cyflashprotect
                0x90400000      0x100
 *(.cyflashprotect)
 .cyflashprotect
                0x90400000      0x100 .\CortexM3\ARM_GCC_493\Debug\cymetadata.o
                0x90400000                cy_meta_flashprotect

.cymeta         0x90500000        0xc
 *(.cymeta)
 .cymeta        0x90500000        0xc .\CortexM3\ARM_GCC_493\Debug\cymetadata.o
                0x90500000                cy_metadata

.rel.dyn        0x000039a8        0x0 load address 0x9050000c
 .rel.iplt      0x00000000        0x0 c:/program files (x86)/cypress/psoc creator/4.0/psoc creator/import/gnu/arm/4.9.3/bin/../lib/gcc/arm-none-eabi/4.9.3/armv7-m/crtbegin.o

.stab
 *(.stab)

.stabstr
 *(.stabstr)

.debug
 *(.debug)

.line
 *(.line)

.debug_srcinfo
 *(.debug_srcinfo)

.debug_sfnames
 *(.debug_sfnames)

.debug_aranges  0x00000000      0xea0
 *(.debug_aranges)
 .debug_aranges
                0x00000000       0x60 .\CortexM3\ARM_GCC_493\Debug\main.o
 .debug_aranges
                0x00000060       0x18 .\CortexM3\ARM_GCC_493\Debug\cymetadata.o
 .debug_aranges
                0x00000078       0x48 .\CortexM3\ARM_GCC_493\Debug\Cm3Start.o
 .debug_aranges
                0x000000c0       0x58 .\CortexM3\ARM_GCC_493\Debug\BE_Systemes_Embarques.a(cyfitter_cfg.o)
 .debug_aranges
                0x00000118       0x80 .\CortexM3\ARM_GCC_493\Debug\BE_Systemes_Embarques.a(Out_MAX232.o)
 .debug_aranges
                0x00000198       0x70 .\CortexM3\ARM_GCC_493\Debug\BE_Systemes_Embarques.a(Clock_1.o)
 .debug_aranges
                0x00000208      0x2a0 .\CortexM3\ARM_GCC_493\Debug\BE_Systemes_Embarques.a(CyLib.o)
 .debug_aranges
                0x000004a8       0x98 .\CortexM3\ARM_GCC_493\Debug\BE_Systemes_Embarques.a(cyPm.o)
 .debug_aranges
                0x00000540       0x48 .\CortexM3\ARM_GCC_493\Debug\BE_Systemes_Embarques.a(Pre_Ampli.o)
 .debug_aranges
                0x00000588       0x98 .\CortexM3\ARM_GCC_493\Debug\BE_Systemes_Embarques.a(LCD.o)
 .debug_aranges
                0x00000620       0x90 .\CortexM3\ARM_GCC_493\Debug\BE_Systemes_Embarques.a(Timer_TX.o)
 .debug_aranges
                0x000006b0       0x80 .\CortexM3\ARM_GCC_493\Debug\BE_Systemes_Embarques.a(Interrupt_TX.o)
 .debug_aranges
                0x00000730       0x98 .\CortexM3\ARM_GCC_493\Debug\BE_Systemes_Embarques.a(Counter_Pulses.o)
 .debug_aranges
                0x000007c8       0x70 .\CortexM3\ARM_GCC_493\Debug\BE_Systemes_Embarques.a(Comparator.o)
 .debug_aranges
                0x00000838       0x58 .\CortexM3\ARM_GCC_493\Debug\BE_Systemes_Embarques.a(Threshold.o)
 .debug_aranges
                0x00000890       0x80 .\CortexM3\ARM_GCC_493\Debug\BE_Systemes_Embarques.a(Interrupt_RX.o)
 .debug_aranges
                0x00000910       0x98 .\CortexM3\ARM_GCC_493\Debug\BE_Systemes_Embarques.a(Chronometer.o)
 .debug_aranges
                0x000009a8       0x70 .\CortexM3\ARM_GCC_493\Debug\BE_Systemes_Embarques.a(Clk.o)
 .debug_aranges
                0x00000a18       0x70 .\CortexM3\ARM_GCC_493\Debug\BE_Systemes_Embarques.a(Clock_2.o)
 .debug_aranges
                0x00000a88       0x98 .\CortexM3\ARM_GCC_493\Debug\BE_Systemes_Embarques.a(XBee.o)
 .debug_aranges
                0x00000b20       0x28 .\CortexM3\ARM_GCC_493\Debug\BE_Systemes_Embarques.a(Rotation_Register.o)
 .debug_aranges
                0x00000b48       0xa8 .\CortexM3\ARM_GCC_493\Debug\BE_Systemes_Embarques.a(PWM_Front.o)
 .debug_aranges
                0x00000bf0       0xa8 .\CortexM3\ARM_GCC_493\Debug\BE_Systemes_Embarques.a(PWM_Back.o)
 .debug_aranges
                0x00000c98       0x70 .\CortexM3\ARM_GCC_493\Debug\BE_Systemes_Embarques.a(XBee_IntClock.o)
 .debug_aranges
                0x00000d08       0x80 .\CortexM3\ARM_GCC_493\Debug\BE_Systemes_Embarques.a(Interrupt_Xbee.o)
 .debug_aranges
                0x00000d88       0x20 .\CortexM3\ARM_GCC_493\Debug\BE_Systemes_Embarques.a(CyBootAsmGnu.o)
 .debug_aranges
                0x00000da8       0x80 .\CortexM3\ARM_GCC_493\Debug\BE_Systemes_Embarques.a(CyFlash.o)
 .debug_aranges
                0x00000e28       0x78 .\CortexM3\ARM_GCC_493\Debug\BE_Systemes_Embarques.a(CySpc.o)

.debug_pubnames
 *(.debug_pubnames)

.debug_info     0x00000000     0x7227
 *(.debug_info .gnu.linkonce.wi.*)
 .debug_info    0x00000000      0x744 .\CortexM3\ARM_GCC_493\Debug\main.o
 .debug_info    0x00000744      0x13f .\CortexM3\ARM_GCC_493\Debug\cymetadata.o
 .debug_info    0x00000883      0x3b3 .\CortexM3\ARM_GCC_493\Debug\Cm3Start.o
 .debug_info    0x00000c36      0x567 .\CortexM3\ARM_GCC_493\Debug\BE_Systemes_Embarques.a(cyfitter_cfg.o)
 .debug_info    0x0000119d      0x27a .\CortexM3\ARM_GCC_493\Debug\BE_Systemes_Embarques.a(Out_MAX232.o)
 .debug_info    0x00001417      0x283 .\CortexM3\ARM_GCC_493\Debug\BE_Systemes_Embarques.a(Clock_1.o)
 .debug_info    0x0000169a     0x1385 .\CortexM3\ARM_GCC_493\Debug\BE_Systemes_Embarques.a(CyLib.o)
 .debug_info    0x00002a1f      0xa57 .\CortexM3\ARM_GCC_493\Debug\BE_Systemes_Embarques.a(cyPm.o)
 .debug_info    0x00003476      0x1c8 .\CortexM3\ARM_GCC_493\Debug\BE_Systemes_Embarques.a(Pre_Ampli.o)
 .debug_info    0x0000363e      0x716 .\CortexM3\ARM_GCC_493\Debug\BE_Systemes_Embarques.a(LCD.o)
 .debug_info    0x00003d54      0x2e9 .\CortexM3\ARM_GCC_493\Debug\BE_Systemes_Embarques.a(Timer_TX.o)
 .debug_info    0x0000403d      0x2cb .\CortexM3\ARM_GCC_493\Debug\BE_Systemes_Embarques.a(Interrupt_TX.o)
 .debug_info    0x00004308      0x320 .\CortexM3\ARM_GCC_493\Debug\BE_Systemes_Embarques.a(Counter_Pulses.o)
 .debug_info    0x00004628      0x2c3 .\CortexM3\ARM_GCC_493\Debug\BE_Systemes_Embarques.a(Comparator.o)
 .debug_info    0x000048eb      0x1de .\CortexM3\ARM_GCC_493\Debug\BE_Systemes_Embarques.a(Threshold.o)
 .debug_info    0x00004ac9      0x2cb .\CortexM3\ARM_GCC_493\Debug\BE_Systemes_Embarques.a(Interrupt_RX.o)
 .debug_info    0x00004d94      0x33f .\CortexM3\ARM_GCC_493\Debug\BE_Systemes_Embarques.a(Chronometer.o)
 .debug_info    0x000050d3      0x283 .\CortexM3\ARM_GCC_493\Debug\BE_Systemes_Embarques.a(Clk.o)
 .debug_info    0x00005356      0x283 .\CortexM3\ARM_GCC_493\Debug\BE_Systemes_Embarques.a(Clock_2.o)
 .debug_info    0x000055d9      0x39e .\CortexM3\ARM_GCC_493\Debug\BE_Systemes_Embarques.a(XBee.o)
 .debug_info    0x00005977       0xd6 .\CortexM3\ARM_GCC_493\Debug\BE_Systemes_Embarques.a(Rotation_Register.o)
 .debug_info    0x00005a4d      0x37e .\CortexM3\ARM_GCC_493\Debug\BE_Systemes_Embarques.a(PWM_Front.o)
 .debug_info    0x00005dcb      0x37e .\CortexM3\ARM_GCC_493\Debug\BE_Systemes_Embarques.a(PWM_Back.o)
 .debug_info    0x00006149      0x283 .\CortexM3\ARM_GCC_493\Debug\BE_Systemes_Embarques.a(XBee_IntClock.o)
 .debug_info    0x000063cc      0x2cb .\CortexM3\ARM_GCC_493\Debug\BE_Systemes_Embarques.a(Interrupt_Xbee.o)
 .debug_info    0x00006697       0x9e .\CortexM3\ARM_GCC_493\Debug\BE_Systemes_Embarques.a(CyBootAsmGnu.o)
 .debug_info    0x00006735      0x608 .\CortexM3\ARM_GCC_493\Debug\BE_Systemes_Embarques.a(CyFlash.o)
 .debug_info    0x00006d3d      0x4ea .\CortexM3\ARM_GCC_493\Debug\BE_Systemes_Embarques.a(CySpc.o)

.debug_abbrev   0x00000000     0x25ba
 *(.debug_abbrev)
 .debug_abbrev  0x00000000      0x1d2 .\CortexM3\ARM_GCC_493\Debug\main.o
 .debug_abbrev  0x000001d2       0x77 .\CortexM3\ARM_GCC_493\Debug\cymetadata.o
 .debug_abbrev  0x00000249      0x1f7 .\CortexM3\ARM_GCC_493\Debug\Cm3Start.o
 .debug_abbrev  0x00000440      0x203 .\CortexM3\ARM_GCC_493\Debug\BE_Systemes_Embarques.a(cyfitter_cfg.o)
 .debug_abbrev  0x00000643       0xf3 .\CortexM3\ARM_GCC_493\Debug\BE_Systemes_Embarques.a(Out_MAX232.o)
 .debug_abbrev  0x00000736      0x139 .\CortexM3\ARM_GCC_493\Debug\BE_Systemes_Embarques.a(Clock_1.o)
 .debug_abbrev  0x0000086f      0x296 .\CortexM3\ARM_GCC_493\Debug\BE_Systemes_Embarques.a(CyLib.o)
 .debug_abbrev  0x00000b05      0x1ed .\CortexM3\ARM_GCC_493\Debug\BE_Systemes_Embarques.a(cyPm.o)
 .debug_abbrev  0x00000cf2       0xf6 .\CortexM3\ARM_GCC_493\Debug\BE_Systemes_Embarques.a(Pre_Ampli.o)
 .debug_abbrev  0x00000de8      0x171 .\CortexM3\ARM_GCC_493\Debug\BE_Systemes_Embarques.a(LCD.o)
 .debug_abbrev  0x00000f59      0x145 .\CortexM3\ARM_GCC_493\Debug\BE_Systemes_Embarques.a(Timer_TX.o)
 .debug_abbrev  0x0000109e      0x173 .\CortexM3\ARM_GCC_493\Debug\BE_Systemes_Embarques.a(Interrupt_TX.o)
 .debug_abbrev  0x00001211      0x131 .\CortexM3\ARM_GCC_493\Debug\BE_Systemes_Embarques.a(Counter_Pulses.o)
 .debug_abbrev  0x00001342      0x175 .\CortexM3\ARM_GCC_493\Debug\BE_Systemes_Embarques.a(Comparator.o)
 .debug_abbrev  0x000014b7       0xf7 .\CortexM3\ARM_GCC_493\Debug\BE_Systemes_Embarques.a(Threshold.o)
 .debug_abbrev  0x000015ae      0x173 .\CortexM3\ARM_GCC_493\Debug\BE_Systemes_Embarques.a(Interrupt_RX.o)
 .debug_abbrev  0x00001721      0x131 .\CortexM3\ARM_GCC_493\Debug\BE_Systemes_Embarques.a(Chronometer.o)
 .debug_abbrev  0x00001852      0x139 .\CortexM3\ARM_GCC_493\Debug\BE_Systemes_Embarques.a(Clk.o)
 .debug_abbrev  0x0000198b      0x139 .\CortexM3\ARM_GCC_493\Debug\BE_Systemes_Embarques.a(Clock_2.o)
 .debug_abbrev  0x00001ac4      0x16d .\CortexM3\ARM_GCC_493\Debug\BE_Systemes_Embarques.a(XBee.o)
 .debug_abbrev  0x00001c31       0x81 .\CortexM3\ARM_GCC_493\Debug\BE_Systemes_Embarques.a(Rotation_Register.o)
 .debug_abbrev  0x00001cb2      0x14d .\CortexM3\ARM_GCC_493\Debug\BE_Systemes_Embarques.a(PWM_Front.o)
 .debug_abbrev  0x00001dff      0x14d .\CortexM3\ARM_GCC_493\Debug\BE_Systemes_Embarques.a(PWM_Back.o)
 .debug_abbrev  0x00001f4c      0x139 .\CortexM3\ARM_GCC_493\Debug\BE_Systemes_Embarques.a(XBee_IntClock.o)
 .debug_abbrev  0x00002085      0x173 .\CortexM3\ARM_GCC_493\Debug\BE_Systemes_Embarques.a(Interrupt_Xbee.o)
 .debug_abbrev  0x000021f8       0x14 .\CortexM3\ARM_GCC_493\Debug\BE_Systemes_Embarques.a(CyBootAsmGnu.o)
 .debug_abbrev  0x0000220c      0x1ed .\CortexM3\ARM_GCC_493\Debug\BE_Systemes_Embarques.a(CyFlash.o)
 .debug_abbrev  0x000023f9      0x1c1 .\CortexM3\ARM_GCC_493\Debug\BE_Systemes_Embarques.a(CySpc.o)

.debug_line     0x00000000     0x31d9
 *(.debug_line)
 .debug_line    0x00000000      0x380 .\CortexM3\ARM_GCC_493\Debug\main.o
 .debug_line    0x00000380       0x51 .\CortexM3\ARM_GCC_493\Debug\cymetadata.o
 .debug_line    0x000003d1      0x24f .\CortexM3\ARM_GCC_493\Debug\Cm3Start.o
 .debug_line    0x00000620      0x1f1 .\CortexM3\ARM_GCC_493\Debug\BE_Systemes_Embarques.a(cyfitter_cfg.o)
 .debug_line    0x00000811      0x13a .\CortexM3\ARM_GCC_493\Debug\BE_Systemes_Embarques.a(Out_MAX232.o)
 .debug_line    0x0000094b      0x176 .\CortexM3\ARM_GCC_493\Debug\BE_Systemes_Embarques.a(Clock_1.o)
 .debug_line    0x00000ac1      0x816 .\CortexM3\ARM_GCC_493\Debug\BE_Systemes_Embarques.a(CyLib.o)
 .debug_line    0x000012d7      0x364 .\CortexM3\ARM_GCC_493\Debug\BE_Systemes_Embarques.a(cyPm.o)
 .debug_line    0x0000163b       0xd0 .\CortexM3\ARM_GCC_493\Debug\BE_Systemes_Embarques.a(Pre_Ampli.o)
 .debug_line    0x0000170b      0x1dc .\CortexM3\ARM_GCC_493\Debug\BE_Systemes_Embarques.a(LCD.o)
 .debug_line    0x000018e7      0x173 .\CortexM3\ARM_GCC_493\Debug\BE_Systemes_Embarques.a(Timer_TX.o)
 .debug_line    0x00001a5a      0x139 .\CortexM3\ARM_GCC_493\Debug\BE_Systemes_Embarques.a(Interrupt_TX.o)
 .debug_line    0x00001b93      0x18e .\CortexM3\ARM_GCC_493\Debug\BE_Systemes_Embarques.a(Counter_Pulses.o)
 .debug_line    0x00001d21      0x169 .\CortexM3\ARM_GCC_493\Debug\BE_Systemes_Embarques.a(Comparator.o)
 .debug_line    0x00001e8a       0xe6 .\CortexM3\ARM_GCC_493\Debug\BE_Systemes_Embarques.a(Threshold.o)
 .debug_line    0x00001f70      0x139 .\CortexM3\ARM_GCC_493\Debug\BE_Systemes_Embarques.a(Interrupt_RX.o)
 .debug_line    0x000020a9      0x18b .\CortexM3\ARM_GCC_493\Debug\BE_Systemes_Embarques.a(Chronometer.o)
 .debug_line    0x00002234      0x172 .\CortexM3\ARM_GCC_493\Debug\BE_Systemes_Embarques.a(Clk.o)
 .debug_line    0x000023a6      0x176 .\CortexM3\ARM_GCC_493\Debug\BE_Systemes_Embarques.a(Clock_2.o)
 .debug_line    0x0000251c      0x1a8 .\CortexM3\ARM_GCC_493\Debug\BE_Systemes_Embarques.a(XBee.o)
 .debug_line    0x000026c4       0x79 .\CortexM3\ARM_GCC_493\Debug\BE_Systemes_Embarques.a(Rotation_Register.o)
 .debug_line    0x0000273d      0x1ad .\CortexM3\ARM_GCC_493\Debug\BE_Systemes_Embarques.a(PWM_Front.o)
 .debug_line    0x000028ea      0x1ac .\CortexM3\ARM_GCC_493\Debug\BE_Systemes_Embarques.a(PWM_Back.o)
 .debug_line    0x00002a96      0x17c .\CortexM3\ARM_GCC_493\Debug\BE_Systemes_Embarques.a(XBee_IntClock.o)
 .debug_line    0x00002c12      0x13b .\CortexM3\ARM_GCC_493\Debug\BE_Systemes_Embarques.a(Interrupt_Xbee.o)
 .debug_line    0x00002d4d       0x66 .\CortexM3\ARM_GCC_493\Debug\BE_Systemes_Embarques.a(CyBootAsmGnu.o)
 .debug_line    0x00002db3      0x1ea .\CortexM3\ARM_GCC_493\Debug\BE_Systemes_Embarques.a(CyFlash.o)
 .debug_line    0x00002f9d      0x23c .\CortexM3\ARM_GCC_493\Debug\BE_Systemes_Embarques.a(CySpc.o)

.debug_frame    0x00000000     0x2818
 *(.debug_frame)
 .debug_frame   0x00000000      0x110 .\CortexM3\ARM_GCC_493\Debug\main.o
 .debug_frame   0x00000110       0xb8 .\CortexM3\ARM_GCC_493\Debug\Cm3Start.o
 .debug_frame   0x000001c8       0xe4 .\CortexM3\ARM_GCC_493\Debug\BE_Systemes_Embarques.a(cyfitter_cfg.o)
 .debug_frame   0x000002ac       0xf8 .\CortexM3\ARM_GCC_493\Debug\BE_Systemes_Embarques.a(Out_MAX232.o)
 .debug_frame   0x000003a4       0xe0 .\CortexM3\ARM_GCC_493\Debug\BE_Systemes_Embarques.a(Clock_1.o)
 .debug_frame   0x00000484      0x738 .\CortexM3\ARM_GCC_493\Debug\BE_Systemes_Embarques.a(CyLib.o)
 .debug_frame   0x00000bbc      0x1f8 .\CortexM3\ARM_GCC_493\Debug\BE_Systemes_Embarques.a(cyPm.o)
 .debug_frame   0x00000db4       0x9c .\CortexM3\ARM_GCC_493\Debug\BE_Systemes_Embarques.a(Pre_Ampli.o)
 .debug_frame   0x00000e50      0x1e4 .\CortexM3\ARM_GCC_493\Debug\BE_Systemes_Embarques.a(LCD.o)
 .debug_frame   0x00001034      0x124 .\CortexM3\ARM_GCC_493\Debug\BE_Systemes_Embarques.a(Timer_TX.o)
 .debug_frame   0x00001158      0x104 .\CortexM3\ARM_GCC_493\Debug\BE_Systemes_Embarques.a(Interrupt_TX.o)
 .debug_frame   0x0000125c      0x134 .\CortexM3\ARM_GCC_493\Debug\BE_Systemes_Embarques.a(Counter_Pulses.o)
 .debug_frame   0x00001390      0x108 .\CortexM3\ARM_GCC_493\Debug\BE_Systemes_Embarques.a(Comparator.o)
 .debug_frame   0x00001498       0xb4 .\CortexM3\ARM_GCC_493\Debug\BE_Systemes_Embarques.a(Threshold.o)
 .debug_frame   0x0000154c      0x104 .\CortexM3\ARM_GCC_493\Debug\BE_Systemes_Embarques.a(Interrupt_RX.o)
 .debug_frame   0x00001650      0x134 .\CortexM3\ARM_GCC_493\Debug\BE_Systemes_Embarques.a(Chronometer.o)
 .debug_frame   0x00001784       0xe0 .\CortexM3\ARM_GCC_493\Debug\BE_Systemes_Embarques.a(Clk.o)
 .debug_frame   0x00001864       0xe0 .\CortexM3\ARM_GCC_493\Debug\BE_Systemes_Embarques.a(Clock_2.o)
 .debug_frame   0x00001944      0x14c .\CortexM3\ARM_GCC_493\Debug\BE_Systemes_Embarques.a(XBee.o)
 .debug_frame   0x00001a90       0x30 .\CortexM3\ARM_GCC_493\Debug\BE_Systemes_Embarques.a(Rotation_Register.o)
 .debug_frame   0x00001ac0      0x154 .\CortexM3\ARM_GCC_493\Debug\BE_Systemes_Embarques.a(PWM_Front.o)
 .debug_frame   0x00001c14      0x154 .\CortexM3\ARM_GCC_493\Debug\BE_Systemes_Embarques.a(PWM_Back.o)
 .debug_frame   0x00001d68       0xe0 .\CortexM3\ARM_GCC_493\Debug\BE_Systemes_Embarques.a(XBee_IntClock.o)
 .debug_frame   0x00001e48      0x104 .\CortexM3\ARM_GCC_493\Debug\BE_Systemes_Embarques.a(Interrupt_Xbee.o)
 .debug_frame   0x00001f4c      0x174 .\CortexM3\ARM_GCC_493\Debug\BE_Systemes_Embarques.a(CyFlash.o)
 .debug_frame   0x000020c0      0x160 .\CortexM3\ARM_GCC_493\Debug\BE_Systemes_Embarques.a(CySpc.o)
 .debug_frame   0x00002220       0x44 c:/program files (x86)/cypress/psoc creator/4.0/psoc creator/import/gnu/arm/4.9.3/bin/../lib/gcc/arm-none-eabi/4.9.3/../../../../arm-none-eabi/lib/armv7-m\libm.a(lib_a-w_pow.o)
 .debug_frame   0x00002264       0x44 c:/program files (x86)/cypress/psoc creator/4.0/psoc creator/import/gnu/arm/4.9.3/bin/../lib/gcc/arm-none-eabi/4.9.3/../../../../arm-none-eabi/lib/armv7-m\libm.a(lib_a-w_sqrt.o)
 .debug_frame   0x000022a8       0x64 c:/program files (x86)/cypress/psoc creator/4.0/psoc creator/import/gnu/arm/4.9.3/bin/../lib/gcc/arm-none-eabi/4.9.3/../../../../arm-none-eabi/lib/armv7-m\libm.a(lib_a-e_pow.o)
 .debug_frame   0x0000230c       0x30 c:/program files (x86)/cypress/psoc creator/4.0/psoc creator/import/gnu/arm/4.9.3/bin/../lib/gcc/arm-none-eabi/4.9.3/../../../../arm-none-eabi/lib/armv7-m\libm.a(lib_a-e_sqrt.o)
 .debug_frame   0x0000233c       0x20 c:/program files (x86)/cypress/psoc creator/4.0/psoc creator/import/gnu/arm/4.9.3/bin/../lib/gcc/arm-none-eabi/4.9.3/../../../../arm-none-eabi/lib/armv7-m\libm.a(lib_a-s_fabs.o)
 .debug_frame   0x0000235c       0x20 c:/program files (x86)/cypress/psoc creator/4.0/psoc creator/import/gnu/arm/4.9.3/bin/../lib/gcc/arm-none-eabi/4.9.3/../../../../arm-none-eabi/lib/armv7-m\libm.a(lib_a-s_finite.o)
 .debug_frame   0x0000237c       0x34 c:/program files (x86)/cypress/psoc creator/4.0/psoc creator/import/gnu/arm/4.9.3/bin/../lib/gcc/arm-none-eabi/4.9.3/../../../../arm-none-eabi/lib/armv7-m\libm.a(lib_a-s_fpclassify.o)
 .debug_frame   0x000023b0       0x20 c:/program files (x86)/cypress/psoc creator/4.0/psoc creator/import/gnu/arm/4.9.3/bin/../lib/gcc/arm-none-eabi/4.9.3/../../../../arm-none-eabi/lib/armv7-m\libm.a(lib_a-s_matherr.o)
 .debug_frame   0x000023d0       0x20 c:/program files (x86)/cypress/psoc creator/4.0/psoc creator/import/gnu/arm/4.9.3/bin/../lib/gcc/arm-none-eabi/4.9.3/../../../../arm-none-eabi/lib/armv7-m\libm.a(lib_a-s_nan.o)
 .debug_frame   0x000023f0       0x3c c:/program files (x86)/cypress/psoc creator/4.0/psoc creator/import/gnu/arm/4.9.3/bin/../lib/gcc/arm-none-eabi/4.9.3/../../../../arm-none-eabi/lib/armv7-m\libm.a(lib_a-s_rint.o)
 .debug_frame   0x0000242c       0x30 c:/program files (x86)/cypress/psoc creator/4.0/psoc creator/import/gnu/arm/4.9.3/bin/../lib/gcc/arm-none-eabi/4.9.3/../../../../arm-none-eabi/lib/armv7-m\libm.a(lib_a-s_scalbn.o)
 .debug_frame   0x0000245c       0x20 c:/program files (x86)/cypress/psoc creator/4.0/psoc creator/import/gnu/arm/4.9.3/bin/../lib/gcc/arm-none-eabi/4.9.3/../../../../arm-none-eabi/lib/armv7-m\libm.a(lib_a-s_copysign.o)
 .debug_frame   0x0000247c       0x20 c:/program files (x86)/cypress/psoc creator/4.0/psoc creator/import/gnu/arm/4.9.3/bin/../lib/gcc/arm-none-eabi/4.9.3/../../../../arm-none-eabi/lib/armv7-m\libg_nano.a(lib_a-errno.o)
 .debug_frame   0x0000249c       0x28 c:/program files (x86)/cypress/psoc creator/4.0/psoc creator/import/gnu/arm/4.9.3/bin/../lib/gcc/arm-none-eabi/4.9.3/../../../../arm-none-eabi/lib/armv7-m\libg_nano.a(lib_a-exit.o)
 .debug_frame   0x000024c4       0x2c c:/program files (x86)/cypress/psoc creator/4.0/psoc creator/import/gnu/arm/4.9.3/bin/../lib/gcc/arm-none-eabi/4.9.3/../../../../arm-none-eabi/lib/armv7-m\libg_nano.a(lib_a-init.o)
 .debug_frame   0x000024f0       0x28 c:/program files (x86)/cypress/psoc creator/4.0/psoc creator/import/gnu/arm/4.9.3/bin/../lib/gcc/arm-none-eabi/4.9.3/../../../../arm-none-eabi/lib/armv7-m\libg_nano.a(lib_a-memcpy.o)
 .debug_frame   0x00002518       0x20 c:/program files (x86)/cypress/psoc creator/4.0/psoc creator/import/gnu/arm/4.9.3/bin/../lib/gcc/arm-none-eabi/4.9.3/../../../../arm-none-eabi/lib/armv7-m\libg_nano.a(lib_a-memset.o)
 .debug_frame   0x00002538       0x70 c:/program files (x86)/cypress/psoc creator/4.0/psoc creator/import/gnu/arm/4.9.3/bin/../lib/gcc/arm-none-eabi/4.9.3/../../../../arm-none-eabi/lib/armv7-m\libg_nano.a(lib_a-sprintf.o)
 .debug_frame   0x000025a8       0x8c c:/program files (x86)/cypress/psoc creator/4.0/psoc creator/import/gnu/arm/4.9.3/bin/../lib/gcc/arm-none-eabi/4.9.3/../../../../arm-none-eabi/lib/armv7-m\libg_nano.a(lib_a-nano-svfprintf.o)
 .debug_frame   0x00002634       0x58 c:/program files (x86)/cypress/psoc creator/4.0/psoc creator/import/gnu/arm/4.9.3/bin/../lib/gcc/arm-none-eabi/4.9.3/../../../../arm-none-eabi/lib/armv7-m\libg_nano.a(lib_a-nano-vfprintf_i.o)
 .debug_frame   0x0000268c       0x28 c:/program files (x86)/cypress/psoc creator/4.0/psoc creator/import/gnu/arm/4.9.3/bin/../lib/gcc/arm-none-eabi/4.9.3/../../../../arm-none-eabi/lib/armv7-m\libg_nano.a(lib_a-memchr.o)
 .debug_frame   0x000026b4       0x28 c:/program files (x86)/cypress/psoc creator/4.0/psoc creator/import/gnu/arm/4.9.3/bin/../lib/gcc/arm-none-eabi/4.9.3/../../../../arm-none-eabi/lib/armv7-m\libg_nano.a(lib_a-memmove.o)
 .debug_frame   0x000026dc       0x2c c:/program files (x86)/cypress/psoc creator/4.0/psoc creator/import/gnu/arm/4.9.3/bin/../lib/gcc/arm-none-eabi/4.9.3/../../../../arm-none-eabi/lib/armv7-m\libg_nano.a(lib_a-nano-freer.o)
 .debug_frame   0x00002708       0x2c c:/program files (x86)/cypress/psoc creator/4.0/psoc creator/import/gnu/arm/4.9.3/bin/../lib/gcc/arm-none-eabi/4.9.3/../../../../arm-none-eabi/lib/armv7-m\libg_nano.a(lib_a-nano-mallocr.o)
 .debug_frame   0x00002734       0x3c c:/program files (x86)/cypress/psoc creator/4.0/psoc creator/import/gnu/arm/4.9.3/bin/../lib/gcc/arm-none-eabi/4.9.3/../../../../arm-none-eabi/lib/armv7-m\libg_nano.a(lib_a-nano-reallocr.o)
 .debug_frame   0x00002770       0x2c c:/program files (x86)/cypress/psoc creator/4.0/psoc creator/import/gnu/arm/4.9.3/bin/../lib/gcc/arm-none-eabi/4.9.3/../../../../arm-none-eabi/lib/armv7-m\libg_nano.a(lib_a-sbrkr.o)
 .debug_frame   0x0000279c       0x20 c:/program files (x86)/cypress/psoc creator/4.0/psoc creator/import/gnu/arm/4.9.3/bin/../lib/gcc/arm-none-eabi/4.9.3/../../../../arm-none-eabi/lib/armv7-m\libg_nano.a(lib_a-nano-msizer.o)
 .debug_frame   0x000027bc       0x5c c:/program files (x86)/cypress/psoc creator/4.0/psoc creator/import/gnu/arm/4.9.3/bin/../lib/gcc/arm-none-eabi/4.9.3/../../../../arm-none-eabi/lib/armv7-m\libg_nano.a(lib_a-reent.o)

.debug_str      0x00000000     0x2cf4
 *(.debug_str)
 .debug_str     0x00000000      0x467 .\CortexM3\ARM_GCC_493\Debug\main.o
                                0x4b7 (size before relaxing)
 .debug_str     0x00000467       0x75 .\CortexM3\ARM_GCC_493\Debug\cymetadata.o
                                0x1f8 (size before relaxing)
 .debug_str     0x000004dc      0x156 .\CortexM3\ARM_GCC_493\Debug\Cm3Start.o
                                0x30c (size before relaxing)
 .debug_str     0x00000632      0x15b .\CortexM3\ARM_GCC_493\Debug\BE_Systemes_Embarques.a(cyfitter_cfg.o)
                                0x311 (size before relaxing)
 .debug_str     0x0000078d      0x155 .\CortexM3\ARM_GCC_493\Debug\BE_Systemes_Embarques.a(Out_MAX232.o)
                                0x2fb (size before relaxing)
 .debug_str     0x000008e2      0x15a .\CortexM3\ARM_GCC_493\Debug\BE_Systemes_Embarques.a(Clock_1.o)
                                0x2fc (size before relaxing)
 .debug_str     0x00000a3c      0x83f .\CortexM3\ARM_GCC_493\Debug\BE_Systemes_Embarques.a(CyLib.o)
                                0xa49 (size before relaxing)
 .debug_str     0x0000127b      0x359 .\CortexM3\ARM_GCC_493\Debug\BE_Systemes_Embarques.a(cyPm.o)
                                0x729 (size before relaxing)
 .debug_str     0x000015d4       0xc1 .\CortexM3\ARM_GCC_493\Debug\BE_Systemes_Embarques.a(Pre_Ampli.o)
                                0x259 (size before relaxing)
 .debug_str     0x00001695      0x12a .\CortexM3\ARM_GCC_493\Debug\BE_Systemes_Embarques.a(LCD.o)
                                0x32d (size before relaxing)
 .debug_str     0x000017bf      0x193 .\CortexM3\ARM_GCC_493\Debug\BE_Systemes_Embarques.a(Timer_TX.o)
                                0x373 (size before relaxing)
 .debug_str     0x00001952      0x133 .\CortexM3\ARM_GCC_493\Debug\BE_Systemes_Embarques.a(Interrupt_TX.o)
                                0x30a (size before relaxing)
 .debug_str     0x00001a85      0x20f .\CortexM3\ARM_GCC_493\Debug\BE_Systemes_Embarques.a(Counter_Pulses.o)
                                0x3f8 (size before relaxing)
 .debug_str     0x00001c94      0x150 .\CortexM3\ARM_GCC_493\Debug\BE_Systemes_Embarques.a(Comparator.o)
                                0x30e (size before relaxing)
 .debug_str     0x00001de4       0xb5 .\CortexM3\ARM_GCC_493\Debug\BE_Systemes_Embarques.a(Threshold.o)
                                0x255 (size before relaxing)
 .debug_str     0x00001e99      0x133 .\CortexM3\ARM_GCC_493\Debug\BE_Systemes_Embarques.a(Interrupt_RX.o)
                                0x30a (size before relaxing)
 .debug_str     0x00001fcc      0x1ad .\CortexM3\ARM_GCC_493\Debug\BE_Systemes_Embarques.a(Chronometer.o)
                                0x3cc (size before relaxing)
 .debug_str     0x00002179       0xdd .\CortexM3\ARM_GCC_493\Debug\BE_Systemes_Embarques.a(Clk.o)
                                0x2cc (size before relaxing)
 .debug_str     0x00002256      0x109 .\CortexM3\ARM_GCC_493\Debug\BE_Systemes_Embarques.a(Clock_2.o)
                                0x2fc (size before relaxing)
 .debug_str     0x0000235f      0x17a .\CortexM3\ARM_GCC_493\Debug\BE_Systemes_Embarques.a(XBee.o)
                                0x374 (size before relaxing)
 .debug_str     0x000024d9       0x42 .\CortexM3\ARM_GCC_493\Debug\BE_Systemes_Embarques.a(Rotation_Register.o)
                                0x1e1 (size before relaxing)
 .debug_str     0x0000251b      0x192 .\CortexM3\ARM_GCC_493\Debug\BE_Systemes_Embarques.a(PWM_Front.o)
                                0x3d0 (size before relaxing)
 .debug_str     0x000026ad      0x17a .\CortexM3\ARM_GCC_493\Debug\BE_Systemes_Embarques.a(PWM_Back.o)
                                0x3bb (size before relaxing)
 .debug_str     0x00002827      0x138 .\CortexM3\ARM_GCC_493\Debug\BE_Systemes_Embarques.a(XBee_IntClock.o)
                                0x344 (size before relaxing)
 .debug_str     0x0000295f      0x14d .\CortexM3\ARM_GCC_493\Debug\BE_Systemes_Embarques.a(Interrupt_Xbee.o)
                                0x326 (size before relaxing)
 .debug_str     0x00002aac      0x19c .\CortexM3\ARM_GCC_493\Debug\BE_Systemes_Embarques.a(CyFlash.o)
                                0x3a3 (size before relaxing)
 .debug_str     0x00002c48       0xac .\CortexM3\ARM_GCC_493\Debug\BE_Systemes_Embarques.a(CySpc.o)
                                0x32c (size before relaxing)

.debug_loc      0x00000000     0x25a4
 *(.debug_loc)
 .debug_loc     0x00000000       0xb5 .\CortexM3\ARM_GCC_493\Debug\main.o
 .debug_loc     0x000000b5      0x144 .\CortexM3\ARM_GCC_493\Debug\Cm3Start.o
 .debug_loc     0x000001f9      0x1d7 .\CortexM3\ARM_GCC_493\Debug\BE_Systemes_Embarques.a(cyfitter_cfg.o)
 .debug_loc     0x000003d0      0x128 .\CortexM3\ARM_GCC_493\Debug\BE_Systemes_Embarques.a(Clock_1.o)
 .debug_loc     0x000004f8      0xa11 .\CortexM3\ARM_GCC_493\Debug\BE_Systemes_Embarques.a(CyLib.o)
 .debug_loc     0x00000f09      0x1e4 .\CortexM3\ARM_GCC_493\Debug\BE_Systemes_Embarques.a(cyPm.o)
 .debug_loc     0x000010ed       0x60 .\CortexM3\ARM_GCC_493\Debug\BE_Systemes_Embarques.a(Pre_Ampli.o)
 .debug_loc     0x0000114d      0x3c6 .\CortexM3\ARM_GCC_493\Debug\BE_Systemes_Embarques.a(LCD.o)
 .debug_loc     0x00001513       0x13 .\CortexM3\ARM_GCC_493\Debug\BE_Systemes_Embarques.a(Timer_TX.o)
 .debug_loc     0x00001526       0x56 .\CortexM3\ARM_GCC_493\Debug\BE_Systemes_Embarques.a(Interrupt_TX.o)
 .debug_loc     0x0000157c       0x3d .\CortexM3\ARM_GCC_493\Debug\BE_Systemes_Embarques.a(Counter_Pulses.o)
 .debug_loc     0x000015b9       0xed .\CortexM3\ARM_GCC_493\Debug\BE_Systemes_Embarques.a(Comparator.o)
 .debug_loc     0x000016a6       0x79 .\CortexM3\ARM_GCC_493\Debug\BE_Systemes_Embarques.a(Threshold.o)
 .debug_loc     0x0000171f       0x56 .\CortexM3\ARM_GCC_493\Debug\BE_Systemes_Embarques.a(Interrupt_RX.o)
 .debug_loc     0x00001775       0x3d .\CortexM3\ARM_GCC_493\Debug\BE_Systemes_Embarques.a(Chronometer.o)
 .debug_loc     0x000017b2      0x12c .\CortexM3\ARM_GCC_493\Debug\BE_Systemes_Embarques.a(Clk.o)
 .debug_loc     0x000018de      0x128 .\CortexM3\ARM_GCC_493\Debug\BE_Systemes_Embarques.a(Clock_2.o)
 .debug_loc     0x00001a06       0x87 .\CortexM3\ARM_GCC_493\Debug\BE_Systemes_Embarques.a(XBee.o)
 .debug_loc     0x00001a8d       0x26 .\CortexM3\ARM_GCC_493\Debug\BE_Systemes_Embarques.a(PWM_Front.o)
 .debug_loc     0x00001ab3       0x26 .\CortexM3\ARM_GCC_493\Debug\BE_Systemes_Embarques.a(PWM_Back.o)
 .debug_loc     0x00001ad9      0x128 .\CortexM3\ARM_GCC_493\Debug\BE_Systemes_Embarques.a(XBee_IntClock.o)
 .debug_loc     0x00001c01       0x56 .\CortexM3\ARM_GCC_493\Debug\BE_Systemes_Embarques.a(Interrupt_Xbee.o)
 .debug_loc     0x00001c57      0x300 .\CortexM3\ARM_GCC_493\Debug\BE_Systemes_Embarques.a(CyFlash.o)
 .debug_loc     0x00001f57      0x64d .\CortexM3\ARM_GCC_493\Debug\BE_Systemes_Embarques.a(CySpc.o)

.debug_macinfo
 *(.debug_macinfo)

.debug_ranges   0x00000000      0xcc8
 *(.debug_ranges)
 .debug_ranges  0x00000000       0x50 .\CortexM3\ARM_GCC_493\Debug\main.o
 .debug_ranges  0x00000050       0x38 .\CortexM3\ARM_GCC_493\Debug\Cm3Start.o
 .debug_ranges  0x00000088       0x48 .\CortexM3\ARM_GCC_493\Debug\BE_Systemes_Embarques.a(cyfitter_cfg.o)
 .debug_ranges  0x000000d0       0x70 .\CortexM3\ARM_GCC_493\Debug\BE_Systemes_Embarques.a(Out_MAX232.o)
 .debug_ranges  0x00000140       0x60 .\CortexM3\ARM_GCC_493\Debug\BE_Systemes_Embarques.a(Clock_1.o)
 .debug_ranges  0x000001a0      0x290 .\CortexM3\ARM_GCC_493\Debug\BE_Systemes_Embarques.a(CyLib.o)
 .debug_ranges  0x00000430       0x88 .\CortexM3\ARM_GCC_493\Debug\BE_Systemes_Embarques.a(cyPm.o)
 .debug_ranges  0x000004b8       0x38 .\CortexM3\ARM_GCC_493\Debug\BE_Systemes_Embarques.a(Pre_Ampli.o)
 .debug_ranges  0x000004f0       0x88 .\CortexM3\ARM_GCC_493\Debug\BE_Systemes_Embarques.a(LCD.o)
 .debug_ranges  0x00000578       0x80 .\CortexM3\ARM_GCC_493\Debug\BE_Systemes_Embarques.a(Timer_TX.o)
 .debug_ranges  0x000005f8       0x70 .\CortexM3\ARM_GCC_493\Debug\BE_Systemes_Embarques.a(Interrupt_TX.o)
 .debug_ranges  0x00000668       0x88 .\CortexM3\ARM_GCC_493\Debug\BE_Systemes_Embarques.a(Counter_Pulses.o)
 .debug_ranges  0x000006f0       0x60 .\CortexM3\ARM_GCC_493\Debug\BE_Systemes_Embarques.a(Comparator.o)
 .debug_ranges  0x00000750       0x48 .\CortexM3\ARM_GCC_493\Debug\BE_Systemes_Embarques.a(Threshold.o)
 .debug_ranges  0x00000798       0x70 .\CortexM3\ARM_GCC_493\Debug\BE_Systemes_Embarques.a(Interrupt_RX.o)
 .debug_ranges  0x00000808       0x88 .\CortexM3\ARM_GCC_493\Debug\BE_Systemes_Embarques.a(Chronometer.o)
 .debug_ranges  0x00000890       0x60 .\CortexM3\ARM_GCC_493\Debug\BE_Systemes_Embarques.a(Clk.o)
 .debug_ranges  0x000008f0       0x60 .\CortexM3\ARM_GCC_493\Debug\BE_Systemes_Embarques.a(Clock_2.o)
 .debug_ranges  0x00000950       0x88 .\CortexM3\ARM_GCC_493\Debug\BE_Systemes_Embarques.a(XBee.o)
 .debug_ranges  0x000009d8       0x18 .\CortexM3\ARM_GCC_493\Debug\BE_Systemes_Embarques.a(Rotation_Register.o)
 .debug_ranges  0x000009f0       0x98 .\CortexM3\ARM_GCC_493\Debug\BE_Systemes_Embarques.a(PWM_Front.o)
 .debug_ranges  0x00000a88       0x98 .\CortexM3\ARM_GCC_493\Debug\BE_Systemes_Embarques.a(PWM_Back.o)
 .debug_ranges  0x00000b20       0x60 .\CortexM3\ARM_GCC_493\Debug\BE_Systemes_Embarques.a(XBee_IntClock.o)
 .debug_ranges  0x00000b80       0x70 .\CortexM3\ARM_GCC_493\Debug\BE_Systemes_Embarques.a(Interrupt_Xbee.o)
 .debug_ranges  0x00000bf0       0x70 .\CortexM3\ARM_GCC_493\Debug\BE_Systemes_Embarques.a(CyFlash.o)
 .debug_ranges  0x00000c60       0x68 .\CortexM3\ARM_GCC_493\Debug\BE_Systemes_Embarques.a(CySpc.o)

.comment        0x00000000       0x70
 .comment       0x00000000       0x70 .\CortexM3\ARM_GCC_493\Debug\main.o
                                 0x71 (size before relaxing)
 .comment       0x00000000       0x71 .\CortexM3\ARM_GCC_493\Debug\cymetadata.o
 .comment       0x00000000       0x71 .\CortexM3\ARM_GCC_493\Debug\Cm3Start.o
 .comment       0x00000000       0x71 .\CortexM3\ARM_GCC_493\Debug\BE_Systemes_Embarques.a(cyfitter_cfg.o)
 .comment       0x00000000       0x71 .\CortexM3\ARM_GCC_493\Debug\BE_Systemes_Embarques.a(Out_MAX232.o)
 .comment       0x00000000       0x71 .\CortexM3\ARM_GCC_493\Debug\BE_Systemes_Embarques.a(Clock_1.o)
 .comment       0x00000000       0x71 .\CortexM3\ARM_GCC_493\Debug\BE_Systemes_Embarques.a(CyLib.o)
 .comment       0x00000000       0x71 .\CortexM3\ARM_GCC_493\Debug\BE_Systemes_Embarques.a(cyPm.o)
 .comment       0x00000000       0x71 .\CortexM3\ARM_GCC_493\Debug\BE_Systemes_Embarques.a(Pre_Ampli.o)
 .comment       0x00000000       0x71 .\CortexM3\ARM_GCC_493\Debug\BE_Systemes_Embarques.a(LCD.o)
 .comment       0x00000000       0x71 .\CortexM3\ARM_GCC_493\Debug\BE_Systemes_Embarques.a(Timer_TX.o)
 .comment       0x00000000       0x71 .\CortexM3\ARM_GCC_493\Debug\BE_Systemes_Embarques.a(Interrupt_TX.o)
 .comment       0x00000000       0x71 .\CortexM3\ARM_GCC_493\Debug\BE_Systemes_Embarques.a(Counter_Pulses.o)
 .comment       0x00000000       0x71 .\CortexM3\ARM_GCC_493\Debug\BE_Systemes_Embarques.a(Comparator.o)
 .comment       0x00000000       0x71 .\CortexM3\ARM_GCC_493\Debug\BE_Systemes_Embarques.a(Threshold.o)
 .comment       0x00000000       0x71 .\CortexM3\ARM_GCC_493\Debug\BE_Systemes_Embarques.a(Interrupt_RX.o)
 .comment       0x00000000       0x71 .\CortexM3\ARM_GCC_493\Debug\BE_Systemes_Embarques.a(Chronometer.o)
 .comment       0x00000000       0x71 .\CortexM3\ARM_GCC_493\Debug\BE_Systemes_Embarques.a(Clk.o)
 .comment       0x00000000       0x71 .\CortexM3\ARM_GCC_493\Debug\BE_Systemes_Embarques.a(Clock_2.o)
 .comment       0x00000000       0x71 .\CortexM3\ARM_GCC_493\Debug\BE_Systemes_Embarques.a(XBee.o)
 .comment       0x00000000       0x71 .\CortexM3\ARM_GCC_493\Debug\BE_Systemes_Embarques.a(Rotation_Register.o)
 .comment       0x00000000       0x71 .\CortexM3\ARM_GCC_493\Debug\BE_Systemes_Embarques.a(PWM_Front.o)
 .comment       0x00000000       0x71 .\CortexM3\ARM_GCC_493\Debug\BE_Systemes_Embarques.a(PWM_Back.o)
 .comment       0x00000000       0x71 .\CortexM3\ARM_GCC_493\Debug\BE_Systemes_Embarques.a(XBee_IntClock.o)
 .comment       0x00000000       0x71 .\CortexM3\ARM_GCC_493\Debug\BE_Systemes_Embarques.a(Interrupt_Xbee.o)
 .comment       0x00000000       0x71 .\CortexM3\ARM_GCC_493\Debug\BE_Systemes_Embarques.a(CyFlash.o)
 .comment       0x00000000       0x71 .\CortexM3\ARM_GCC_493\Debug\BE_Systemes_Embarques.a(CySpc.o)

.debug_weaknames
 *(.debug_weaknames)

.debug_funcnames
 *(.debug_funcnames)

.debug_typenames
 *(.debug_typenames)

.debug_varnames
 *(.debug_varnames)

.note.gnu.arm.ident
 *(.note.gnu.arm.ident)

.ARM.attributes
                0x00000000       0x29
 *(.ARM.attributes)
 .ARM.attributes
                0x00000000       0x1d c:/program files (x86)/cypress/psoc creator/4.0/psoc creator/import/gnu/arm/4.9.3/bin/../lib/gcc/arm-none-eabi/4.9.3/armv7-m/crti.o
 .ARM.attributes
                0x0000001d       0x2d c:/program files (x86)/cypress/psoc creator/4.0/psoc creator/import/gnu/arm/4.9.3/bin/../lib/gcc/arm-none-eabi/4.9.3/armv7-m/crtbegin.o
 .ARM.attributes
                0x0000004a       0x1b c:/program files (x86)/cypress/psoc creator/4.0/psoc creator/import/gnu/arm/4.9.3/bin/../lib/gcc/arm-none-eabi/4.9.3/../../../../arm-none-eabi/lib/armv7-m/crt0.o
 .ARM.attributes
                0x00000065       0x33 .\CortexM3\ARM_GCC_493\Debug\main.o
 .ARM.attributes
                0x00000098       0x33 .\CortexM3\ARM_GCC_493\Debug\cymetadata.o
 .ARM.attributes
                0x000000cb       0x33 .\CortexM3\ARM_GCC_493\Debug\Cm3Start.o
 .ARM.attributes
                0x000000fe       0x33 .\CortexM3\ARM_GCC_493\Debug\BE_Systemes_Embarques.a(cyfitter_cfg.o)
 .ARM.attributes
                0x00000131       0x33 .\CortexM3\ARM_GCC_493\Debug\BE_Systemes_Embarques.a(Out_MAX232.o)
 .ARM.attributes
                0x00000164       0x33 .\CortexM3\ARM_GCC_493\Debug\BE_Systemes_Embarques.a(Clock_1.o)
 .ARM.attributes
                0x00000197       0x33 .\CortexM3\ARM_GCC_493\Debug\BE_Systemes_Embarques.a(CyLib.o)
 .ARM.attributes
                0x000001ca       0x33 .\CortexM3\ARM_GCC_493\Debug\BE_Systemes_Embarques.a(cyPm.o)
 .ARM.attributes
                0x000001fd       0x33 .\CortexM3\ARM_GCC_493\Debug\BE_Systemes_Embarques.a(Pre_Ampli.o)
 .ARM.attributes
                0x00000230       0x33 .\CortexM3\ARM_GCC_493\Debug\BE_Systemes_Embarques.a(LCD.o)
 .ARM.attributes
                0x00000263       0x33 .\CortexM3\ARM_GCC_493\Debug\BE_Systemes_Embarques.a(Timer_TX.o)
 .ARM.attributes
                0x00000296       0x33 .\CortexM3\ARM_GCC_493\Debug\BE_Systemes_Embarques.a(Interrupt_TX.o)
 .ARM.attributes
                0x000002c9       0x33 .\CortexM3\ARM_GCC_493\Debug\BE_Systemes_Embarques.a(Counter_Pulses.o)
 .ARM.attributes
                0x000002fc       0x33 .\CortexM3\ARM_GCC_493\Debug\BE_Systemes_Embarques.a(Comparator.o)
 .ARM.attributes
                0x0000032f       0x33 .\CortexM3\ARM_GCC_493\Debug\BE_Systemes_Embarques.a(Threshold.o)
 .ARM.attributes
                0x00000362       0x33 .\CortexM3\ARM_GCC_493\Debug\BE_Systemes_Embarques.a(Interrupt_RX.o)
 .ARM.attributes
                0x00000395       0x33 .\CortexM3\ARM_GCC_493\Debug\BE_Systemes_Embarques.a(Chronometer.o)
 .ARM.attributes
                0x000003c8       0x33 .\CortexM3\ARM_GCC_493\Debug\BE_Systemes_Embarques.a(Clk.o)
 .ARM.attributes
                0x000003fb       0x33 .\CortexM3\ARM_GCC_493\Debug\BE_Systemes_Embarques.a(Clock_2.o)
 .ARM.attributes