Link map of __startup
  1] __startup (func,global) found in MPC5645S_Startup_c.obj 
   2] __start (func,global) found in librt_E200z446_VLE.a D:\w\EPPC\workspace_codegen\ewl\EWL_Runtime\Runtime_PA_CmdLineData\librt_E200z446_VLE\obj\__start.o
    3] __init_registers (func,weak) found in librt_E200z446_VLE.a D:\w\EPPC\workspace_codegen\ewl\EWL_Runtime\Runtime_PA_CmdLineData\librt_E200z446_VLE\obj\__start.o
     4] _stack_addr found as linker generated symbol
     4] _SDA2_BASE_ found as linker generated symbol
     4] _SDA_BASE_ found as linker generated symbol
    3] __init_hardware (func,global) found in __ppc_eabi_init_c.obj 
     4] usr_init (func,global) found in MPC5645S_init_ram_c.obj 
      5] EXCEP_InitExceptionHandlers (func,global) found in Exceptions_c.obj 
       6] EXCEPTION_HANDLERS found as linker generated symbol
      5] INTC_InitINTCInterrupts (func,global) found in IntcInterrupts_c.obj 
       6] INTCInterruptsHandlerTable (object,global) found in IntcInterrupts_c.obj 
    3] __init_data (func,weak) found in librt_E200z446_VLE.a D:\w\EPPC\workspace_codegen\ewl\EWL_Runtime\Runtime_PA_CmdLineData\librt_E200z446_VLE\obj\__start.o
     4] _rom_copy_info (object,global) found in Linker Generated Symbol File 
     4] __copy_rom_section (func,global) found in librt_E200z446_VLE.a D:\w\EPPC\workspace_codegen\ewl\EWL_Runtime\Runtime_PA_CmdLineData\librt_E200z446_VLE\obj\__start.o
      5] memcpy (func,global) found in librt_E200z446_VLE.a D:\w\EPPC\workspace_codegen\ewl\EWL_Runtime\Runtime_PA_CmdLineData\librt_E200z446_VLE\obj\__mem.o
      5] __flush_cache (func,global) found in __ppc_eabi_init_c.obj 
     4] _bss_init_info (object,global) found in Linker Generated Symbol File 
     4] __init_bss_section (func,global) found in librt_E200z446_VLE.a D:\w\EPPC\workspace_codegen\ewl\EWL_Runtime\Runtime_PA_CmdLineData\librt_E200z446_VLE\obj\__start.o
      5] memset (func,global) found in librt_E200z446_VLE.a D:\w\EPPC\workspace_codegen\ewl\EWL_Runtime\Runtime_PA_CmdLineData\librt_E200z446_VLE\obj\__mem.o
       6] __fill_mem (func,global) found in librt_E200z446_VLE.a D:\w\EPPC\workspace_codegen\ewl\EWL_Runtime\Runtime_PA_CmdLineData\librt_E200z446_VLE\obj\__mem.o
    3] __init_user (func,global) found in __ppc_eabi_init_c.obj 
     4] FlashConfig (func,global) found in __ppc_eabi_init_c.obj 
      5] @22 (object,local) found in __ppc_eabi_init_c.obj 
    3] main (func,global) found in main_c.obj 
     4] DISABLE_WATCHDOG (func,global) found in init_watchd_pll_c.obj 
     4] MC_MODE_INIT_PLL (func,global) found in init_watchd_pll_c.obj 
     4] enableIrq (func,global) found in main_c.obj 
      5] PIT_CH0_ISR (func,global) found in main_c.obj 
       6] Clear_Flag_PIT (func,global) found in pit_c.obj 
       6] init (object,global) found in main_c.obj 
       6] ptrSpeedIndicator (object,global) found in main_c.obj 
        7] speedIndicator (object,global) found in main_c.obj 
       6] resetCurrentStep (func,global) found in step_motors_c.obj 
       6] ptrRpmIndicator (object,global) found in main_c.obj 
        7] rpmIndicator (object,global) found in main_c.obj 
       6] ptrOilIndicator (object,global) found in main_c.obj 
        7] oilIndicator (object,global) found in main_c.obj 
       6] ptrTemperatureIndicator (object,global) found in main_c.obj 
        7] temperatureIndicator (object,global) found in main_c.obj 
      5] INTC_InstallINTCInterruptHandler (func,global) found in IntcInterrupts_c.obj 
      5] PIT_CH1_ISR (func,global) found in main_c.obj 
       6] valSpeed (object,global) found in main_c.obj 
       6] valRPM (object,global) found in main_c.obj 
       6] calibrate (func,global) found in step_motors_c.obj 
        7] decrease (func,global) found in step_motors_c.obj 
         8] microstep (func,global) found in step_motors_c.obj 
          9] @143 (object,local) found in step_motors_c.obj 
       6] update (func,global) found in step_motors_c.obj 
        7] increase (func,global) found in step_motors_c.obj 
       6] sensSpeed (object,global) found in main_c.obj 
       6] sensRPM (object,global) found in main_c.obj 
       6] sensOil (object,global) found in main_c.obj 
       6] valOil (object,global) found in main_c.obj 
       6] sensTemperature (object,global) found in main_c.obj 
       6] valTemperature (object,global) found in main_c.obj 
       6] isAtMinimum (func,global) found in step_motors_c.obj 
       6] isAtMaximum (func,global) found in step_motors_c.obj 
       6] _f_itof (func,global) found in librt_E200z446_VLE.a E:\CW_Dev\eppc_support\Do_Not_Distribute\zen_fpemu\Src\vle_ppcsfpe.o
        7] proloque (func,local) found in librt_E200z446_VLE.a E:\CW_Dev\eppc_support\Do_Not_Distribute\zen_fpemu\Src\vle_ppcsfpe.o
        7] epiloque (notype,local) found in librt_E200z446_VLE.a E:\CW_Dev\eppc_support\Do_Not_Distribute\zen_fpemu\Src\vle_ppcsfpe.o
        7] f_coerce_result (notype,local) found in librt_E200z446_VLE.a E:\CW_Dev\eppc_support\Do_Not_Distribute\zen_fpemu\Src\vle_ppcsfpe.o
         8] _f_mul (func,global) found in librt_E200z446_VLE.a E:\CW_Dev\eppc_support\Do_Not_Distribute\zen_fpemu\Src\vle_ppcsfpe.o
          9] f_unpack_2 (notype,local) found in librt_E200z446_VLE.a E:\CW_Dev\eppc_support\Do_Not_Distribute\zen_fpemu\Src\vle_ppcsfpe.o
           10] f_unpack_1 (func,local) found in librt_E200z446_VLE.a E:\CW_Dev\eppc_support\Do_Not_Distribute\zen_fpemu\Src\vle_ppcsfpe.o
          9] load_rounding_cr_simple (notype,local) found in librt_E200z446_VLE.a E:\CW_Dev\eppc_support\Do_Not_Distribute\zen_fpemu\Src\vle_ppcsfpe.o
           10] load_rounding_0x2000 (func,local) found in librt_E200z446_VLE.a E:\CW_Dev\eppc_support\Do_Not_Distribute\zen_fpemu\Src\vle_ppcsfpe.o
            11] __SoftFPSCR (object,local) found in librt_E200z446_VLE.a E:\CW_Dev\eppc_support\Do_Not_Distribute\zen_fpemu\Src\vle_ppcsfpe.o
          9] load_rounding_0x0200 (notype,local) found in librt_E200z446_VLE.a E:\CW_Dev\eppc_support\Do_Not_Distribute\zen_fpemu\Src\vle_ppcsfpe.o
          9] load_rounding_0x0a00 (notype,local) found in librt_E200z446_VLE.a E:\CW_Dev\eppc_support\Do_Not_Distribute\zen_fpemu\Src\vle_ppcsfpe.o
          9] load_rounding_0x1200 (notype,local) found in librt_E200z446_VLE.a E:\CW_Dev\eppc_support\Do_Not_Distribute\zen_fpemu\Src\vle_ppcsfpe.o
       6] setOrder (func,global) found in step_motors_c.obj 
        7] _f_utof (func,global) found in librt_E200z446_VLE.a E:\CW_Dev\eppc_support\Do_Not_Distribute\zen_fpemu\Src\vle_ppcsfpe.o
         8] f_itof_common_with_proloque (notype,local) found in librt_E200z446_VLE.a E:\CW_Dev\eppc_support\Do_Not_Distribute\zen_fpemu\Src\vle_ppcsfpe.o
        7] _f_fle (func,global) found in librt_E200z446_VLE.a E:\CW_Dev\eppc_support\Do_Not_Distribute\zen_fpemu\Src\vle_ppcsfpe.o
         8] f_compare (notype,local) found in librt_E200z446_VLE.a E:\CW_Dev\eppc_support\Do_Not_Distribute\zen_fpemu\Src\vle_ppcsfpe.o
          9] _f_for (func,global) found in librt_E200z446_VLE.a E:\CW_Dev\eppc_support\Do_Not_Distribute\zen_fpemu\Src\vle_ppcsfpe.o
           10] compare_dispatch (notype,local) found in librt_E200z446_VLE.a E:\CW_Dev\eppc_support\Do_Not_Distribute\zen_fpemu\Src\vle_ppcsfpe.o
            11] _d_for (func,global) found in librt_E200z446_VLE.a E:\CW_Dev\eppc_support\Do_Not_Distribute\zen_fpemu\Src\vle_ppcsfpe.o
           10] f_compare_un (notype,local) found in librt_E200z446_VLE.a E:\CW_Dev\eppc_support\Do_Not_Distribute\zen_fpemu\Src\vle_ppcsfpe.o
        7] _f_fge (func,global) found in librt_E200z446_VLE.a E:\CW_Dev\eppc_support\Do_Not_Distribute\zen_fpemu\Src\vle_ppcsfpe.o
        7] _f_sub (func,global) found in librt_E200z446_VLE.a E:\CW_Dev\eppc_support\Do_Not_Distribute\zen_fpemu\Src\vle_ppcsfpe.o
         8] f_add_common (notype,local) found in librt_E200z446_VLE.a E:\CW_Dev\eppc_support\Do_Not_Distribute\zen_fpemu\Src\vle_ppcsfpe.o
          9] _f_add (func,global) found in librt_E200z446_VLE.a E:\CW_Dev\eppc_support\Do_Not_Distribute\zen_fpemu\Src\vle_ppcsfpe.o
           10] f_coerce_result_precalculated_data (notype,local) found in librt_E200z446_VLE.a E:\CW_Dev\eppc_support\Do_Not_Distribute\zen_fpemu\Src\vle_ppcsfpe.o
           10] f_result_is_x (notype,local) found in librt_E200z446_VLE.a E:\CW_Dev\eppc_support\Do_Not_Distribute\zen_fpemu\Src\vle_ppcsfpe.o
           10] f_y_is_NaN (notype,local) found in librt_E200z446_VLE.a E:\CW_Dev\eppc_support\Do_Not_Distribute\zen_fpemu\Src\vle_ppcsfpe.o
           10] f_both_NaNs (notype,local) found in librt_E200z446_VLE.a E:\CW_Dev\eppc_support\Do_Not_Distribute\zen_fpemu\Src\vle_ppcsfpe.o
           10] f_x_is_NaN (notype,local) found in librt_E200z446_VLE.a E:\CW_Dev\eppc_support\Do_Not_Distribute\zen_fpemu\Src\vle_ppcsfpe.o
           10] f_result_is_Invalid (notype,local) found in librt_E200z446_VLE.a E:\CW_Dev\eppc_support\Do_Not_Distribute\zen_fpemu\Src\vle_ppcsfpe.o
        7] _f_div (func,global) found in librt_E200z446_VLE.a E:\CW_Dev\eppc_support\Do_Not_Distribute\zen_fpemu\Src\vle_ppcsfpe.o
         8] divu_l_r3_r4_r5 (func,local) found in librt_E200z446_VLE.a E:\CW_Dev\eppc_support\Do_Not_Distribute\zen_fpemu\Src\vle_ppcsfpe.o
         8] f_result_is_zero (notype,local) found in librt_E200z446_VLE.a E:\CW_Dev\eppc_support\Do_Not_Distribute\zen_fpemu\Src\vle_ppcsfpe.o
         8] f_result_is_INF (notype,local) found in librt_E200z446_VLE.a E:\CW_Dev\eppc_support\Do_Not_Distribute\zen_fpemu\Src\vle_ppcsfpe.o
         8] load_rounding_cr (notype,local) found in librt_E200z446_VLE.a E:\CW_Dev\eppc_support\Do_Not_Distribute\zen_fpemu\Src\vle_ppcsfpe.o
        7] _f_ftou (func,global) found in librt_E200z446_VLE.a E:\CW_Dev\eppc_support\Do_Not_Distribute\zen_fpemu\Src\vle_ppcsfpe.o
         8] f_toshortX_common (notype,local) found in librt_E200z446_VLE.a E:\CW_Dev\eppc_support\Do_Not_Distribute\zen_fpemu\Src\vle_ppcsfpe.o
          9] _f_ftoi (func,global) found in librt_E200z446_VLE.a E:\CW_Dev\eppc_support\Do_Not_Distribute\zen_fpemu\Src\vle_ppcsfpe.o
           10] Xtolong_common (notype,local) found in librt_E200z446_VLE.a E:\CW_Dev\eppc_support\Do_Not_Distribute\zen_fpemu\Src\vle_ppcsfpe.o
            11] _d_dtoi (func,global) found in librt_E200z446_VLE.a E:\CW_Dev\eppc_support\Do_Not_Distribute\zen_fpemu\Src\vle_ppcsfpe.o
             12] d_unpack_1 (func,local) found in librt_E200z446_VLE.a E:\CW_Dev\eppc_support\Do_Not_Distribute\zen_fpemu\Src\vle_ppcsfpe.o
             12] Xtoshort_common (notype,local) found in librt_E200z446_VLE.a E:\CW_Dev\eppc_support\Do_Not_Distribute\zen_fpemu\Src\vle_ppcsfpe.o
     4] initSMC (func,global) found in step_motors_c.obj 
     4] Init_PIT (func,global) found in pit_c.obj 
     4] Set_Counter_Value_PIT (func,global) found in pit_c.obj 
     4] Autorize_IT_PIT (func,global) found in pit_c.obj 
     4] Start_PIT (func,global) found in pit_c.obj 
     4] setParameters (func,global) found in step_motors_c.obj 
     4] initStepMotor (func,global) found in step_motors_c.obj 
      5] configurePin (func,global) found in step_motors_c.obj 
    3] exit (func,global) found in libc_E200z446_VLE.a D:\w\EPPC\workspace_codegen\ewl\EWL_C\EWL_C.PA_CmdLineData\libc_E200z446_VLE\obj\abort_exit.o
    3] >>> UNREFERENCED DUPLICATE exit
    3] >>> (func,weak) found in __ppc_eabi_init_c.obj 
     4] __destroy_global_chain (func,global) found in librt_E200z446_VLE.a D:\w\EPPC\workspace_codegen\ewl\EWL_Runtime\Runtime_PA_CmdLineData\librt_E200z446_VLE\obj\global_destructor_chain.o
      5] __global_destructor_chain (object,global) found in librt_E200z446_VLE.a D:\w\EPPC\workspace_codegen\ewl\EWL_Runtime\Runtime_PA_CmdLineData\librt_E200z446_VLE\obj\global_destructor_chain.o
     4] __stdio_exit (object,global) found in libc_E200z446_VLE.a D:\w\EPPC\workspace_codegen\ewl\EWL_C\EWL_C.PA_CmdLineData\libc_E200z446_VLE\obj\abort_exit.o
     4] __console_exit (object,global) found in libc_E200z446_VLE.a D:\w\EPPC\workspace_codegen\ewl\EWL_C\EWL_C.PA_CmdLineData\libc_E200z446_VLE\obj\abort_exit.o
     4] _ExitProcess (func,weak) found in __ppc_eabi_init_c.obj 
     4] __restore_frame_and_exit (func,global) found in librt_E200z446_VLE.a D:\w\EPPC\workspace_codegen\ewl\EWL_Runtime\Runtime_PA_CmdLineData\librt_E200z446_VLE\obj\runtime.o
  1] EXCEP_DefaultExceptionHandler (func,global) found in Exceptions_c.obj 
  1] INTC_INTCInterruptHandler (func,global) found in IntcInterrupts_c.obj 
  1] ivor_branch_table (func,global) found in ivor_branch_table_c.obj 
    3] .init (section,local) found in MPC5645S_init_ram_c.obj 
    3] .init.11 (notype,local) found in MPC5645S_init_ram_c.obj 
    3] .init (section,local) found in MPC5645S_Startup_c.obj 
    3] .init.21 (notype,local) found in MPC5645S_Startup_c.obj 
    3] .text (section,local) found in step_motors_c.obj 
    3] .text.193 (notype,local) found in step_motors_c.obj 
    3] .text (section,local) found in pit_c.obj 
    3] .text.41 (notype,local) found in pit_c.obj 
    3] .text (section,local) found in main_c.obj 
    3] .text.105 (notype,local) found in main_c.obj 
    3] .ivor_branch_table (section,local) found in ivor_branch_table_c.obj 
    3] .ivor_branch_table.27 (notype,local) found in ivor_branch_table_c.obj 
    3] .text (section,local) found in init_watchd_pll_c.obj 
    3] .text.23 (notype,local) found in init_watchd_pll_c.obj 
    3] .text (section,local) found in libc_E200z446_VLE.a D:\w\EPPC\workspace_codegen\ewl\EWL_C\EWL_C.PA_CmdLineData\libc_E200z446_VLE\obj\abort_exit.o
    3] .text.86 (notype,local) found in libc_E200z446_VLE.a D:\w\EPPC\workspace_codegen\ewl\EWL_C\EWL_C.PA_CmdLineData\libc_E200z446_VLE\obj\abort_exit.o
    3] .init (section,local) found in librt_E200z446_VLE.a D:\w\EPPC\workspace_codegen\ewl\EWL_Runtime\Runtime_PA_CmdLineData\librt_E200z446_VLE\obj\__start.o
    3] .init.104 (notype,local) found in librt_E200z446_VLE.a D:\w\EPPC\workspace_codegen\ewl\EWL_Runtime\Runtime_PA_CmdLineData\librt_E200z446_VLE\obj\__start.o
    3] .text (section,local) found in librt_E200z446_VLE.a D:\w\EPPC\workspace_codegen\ewl\EWL_Runtime\Runtime_PA_CmdLineData\librt_E200z446_VLE\obj\global_destructor_chain.o
    3] .text.104 (notype,local) found in librt_E200z446_VLE.a D:\w\EPPC\workspace_codegen\ewl\EWL_Runtime\Runtime_PA_CmdLineData\librt_E200z446_VLE\obj\global_destructor_chain.o
    3] .text (section,local) found in librt_E200z446_VLE.a D:\w\EPPC\workspace_codegen\ewl\EWL_Runtime\Runtime_PA_CmdLineData\librt_E200z446_VLE\obj\runtime.o
    3] .text.211 (notype,local) found in librt_E200z446_VLE.a D:\w\EPPC\workspace_codegen\ewl\EWL_Runtime\Runtime_PA_CmdLineData\librt_E200z446_VLE\obj\runtime.o


.intc_hw_branch_table section layout
  Starting        Virtual  File
  address  Size   address  offset
  ---------------------------------


.ivor_branch_table section layout
  Starting        Virtual  File
  address  Size   address  offset
  ---------------------------------
  00000000 000122 40000000 000001a0  1 .ivor_branch_table 	ivor_branch_table_c.obj 
  00000000 000122 40000000 000001a0 16 ivor_branch_table 	ivor_branch_table_c.obj 
  00000122 000000 40000122 000002c2  1 .ivor_branch_table.27 	ivor_branch_table_c.obj 


.__exception_handlers section layout
  Starting        Virtual  File
  address  Size   address  offset
  ---------------------------------
  00000000 000096 40000130 000002d0  1 .__exception_handlers 	IntcInterrupts_c.obj 
  00000000 000096 40000130 000002d0 16 INTC_INTCInterruptHandler 	IntcInterrupts_c.obj 
  00000096 00000a 400001d0 00000370 16 *fill*
  000000a0 000002 400001d0 00000370  1 .__exception_handlers 	Exceptions_c.obj 
  000000a0 000002 400001d0 00000370 16 EXCEP_DefaultExceptionHandler 	Exceptions_c.obj 


.init section layout
  Starting        Virtual  File
  address  Size   address  offset
  ---------------------------------
  00000000 00008c 40001000 00000374  1 .init 	Linker Generated Symbol File 
  00000000 00006c 40001000 00000374  4 _rom_copy_info 	Linker Generated Symbol File 
  0000006c 000020 4000106c 000003e0  4 _bss_init_info 	Linker Generated Symbol File 


.init_vle section layout
  Starting        Virtual  File
  address  Size   address  offset
  ---------------------------------
  00000000 00002c 4000108c 00000400  1 .init 	__ppc_eabi_init_c.obj 
  00000000 00000a 4000108c 00000400  2 __init_hardware 	__ppc_eabi_init_c.obj 
  0000000a 000022 40001096 0000040a  2 __flush_cache 	__ppc_eabi_init_c.obj 
  0000002c 00000e 400010b8 0000042c  1 .init 	MPC5645S_init_ram_c.obj 
  0000002c 00000e 400010b8 0000042c  2 usr_init 	MPC5645S_init_ram_c.obj 
  0000003a 000000 400010c6 0000043a  1 .init.11 	MPC5645S_init_ram_c.obj 
  0000003a 000002 400010c8 0000043c  4 *fill*
  0000003c 000004 400010c8 0000043c  1 .init 	MPC5645S_Startup_c.obj 
  0000003c 000004 400010c8 0000043c  4 __startup 	MPC5645S_Startup_c.obj 
  00000040 000000 400010cc 00000440  1 .init.21 	MPC5645S_Startup_c.obj 
  00000040 0000f4 400010cc 00000440  1 .init 	librt_E200z446_VLE.a D:\w\EPPC\workspace_codegen\ewl\EWL_Runtime\Runtime_PA_CmdLineData\librt_E200z446_VLE\obj\__start.o
  00000040 000048 400010cc 00000440  2 __start 	librt_E200z446_VLE.a D:\w\EPPC\workspace_codegen\ewl\EWL_Runtime\Runtime_PA_CmdLineData\librt_E200z446_VLE\obj\__start.o
  00000088 000030 40001114 00000488  2 __copy_rom_section 	librt_E200z446_VLE.a D:\w\EPPC\workspace_codegen\ewl\EWL_Runtime\Runtime_PA_CmdLineData\librt_E200z446_VLE\obj\__start.o
  000000b8 00000e 40001144 000004b8  2 __init_bss_section 	librt_E200z446_VLE.a D:\w\EPPC\workspace_codegen\ewl\EWL_Runtime\Runtime_PA_CmdLineData\librt_E200z446_VLE\obj\__start.o
  000000c6 00001a 40001152 000004c6  2 __init_registers 	librt_E200z446_VLE.a D:\w\EPPC\workspace_codegen\ewl\EWL_Runtime\Runtime_PA_CmdLineData\librt_E200z446_VLE\obj\__start.o
  000000e0 000054 4000116c 000004e0  2 __init_data 	librt_E200z446_VLE.a D:\w\EPPC\workspace_codegen\ewl\EWL_Runtime\Runtime_PA_CmdLineData\librt_E200z446_VLE\obj\__start.o
  00000134 000000 400011c0 00000534  1 .init.104 	librt_E200z446_VLE.a D:\w\EPPC\workspace_codegen\ewl\EWL_Runtime\Runtime_PA_CmdLineData\librt_E200z446_VLE\obj\__start.o
  00000134 0000d4 400011c0 00000534  1 .init 	librt_E200z446_VLE.a D:\w\EPPC\workspace_codegen\ewl\EWL_Runtime\Runtime_PA_CmdLineData\librt_E200z446_VLE\obj\__mem.o
  00000134 000038 400011c0 00000534  2 memcpy 	librt_E200z446_VLE.a D:\w\EPPC\workspace_codegen\ewl\EWL_Runtime\Runtime_PA_CmdLineData\librt_E200z446_VLE\obj\__mem.o
  0000016c 000082 400011f8 0000056c  2 __fill_mem 	librt_E200z446_VLE.a D:\w\EPPC\workspace_codegen\ewl\EWL_Runtime\Runtime_PA_CmdLineData\librt_E200z446_VLE\obj\__mem.o
  000001ee 00001a 4000127a 000005ee  2 memset 	librt_E200z446_VLE.a D:\w\EPPC\workspace_codegen\ewl\EWL_Runtime\Runtime_PA_CmdLineData\librt_E200z446_VLE\obj\__mem.o


.text section layout
  Starting        Virtual  File
  address  Size   address  offset
  ---------------------------------


.text_vle section layout
  Starting        Virtual  File
  address  Size   address  offset
  ---------------------------------
  00000000 000052 400012a0 00000610  1 .text 	__ppc_eabi_init_c.obj 
  00000000 00003e 400012a0 00000610  2 FlashConfig 	__ppc_eabi_init_c.obj 
  0000003e 000012 400012de 0000064e  2 __init_user 	__ppc_eabi_init_c.obj 
  00000050 000002 400012f0 00000660  2 _ExitProcess 	__ppc_eabi_init_c.obj 
  00000052 000a80 400012f2 00000662  1 .text 	step_motors_c.obj 
  00000052 000016 400012f2 00000662  2 configurePin 	step_motors_c.obj 
  00000068 000026 40001308 00000678  2 setParameters 	step_motors_c.obj 
  0000008e 000042 4000132e 0000069e  2 initSMC 	step_motors_c.obj 
  000000d0 0000da 40001370 000006e0  2 initStepMotor 	step_motors_c.obj 
  000001aa 00001e 4000144a 000007ba  2 calibrate 	step_motors_c.obj 
  000001c8 000012 40001468 000007d8  2 resetCurrentStep 	step_motors_c.obj 
  000001da 0000c4 4000147a 000007ea  2 setOrder 	step_motors_c.obj 
  0000029e 000034 4000153e 000008ae  2 increase 	step_motors_c.obj 
  000002d2 000034 40001572 000008e2  2 decrease 	step_motors_c.obj 
  00000306 000704 400015a6 00000916  2 microstep 	step_motors_c.obj 
  00000a0a 00004e 40001caa 0000101a  2 update 	step_motors_c.obj 
  00000a58 000044 40001cf8 00001068  2 isAtMinimum 	step_motors_c.obj 
  00000a9c 000036 40001d3c 000010ac  2 isAtMaximum 	step_motors_c.obj 
  00000ad2 000000 40001d72 000010e2  1 .text.193 	step_motors_c.obj 
  00000ad2 00009c 40001d72 000010e2  1 .text 	pit_c.obj 
  00000ad2 000018 40001d72 000010e2  2 Init_PIT 	pit_c.obj 
  00000aea 000016 40001d8a 000010fa  2 Set_Counter_Value_PIT 	pit_c.obj 
  00000b00 00002e 40001da0 00001110  2 Start_PIT 	pit_c.obj 
  UNUSED   000020 ........ ........    Disable_PIT pit_c.obj 
  00000b2e 000020 40001dce 0000113e  2 Autorize_IT_PIT 	pit_c.obj 
  00000b4e 000020 40001dee 0000115e  2 Clear_Flag_PIT 	pit_c.obj 
  00000b6e 000000 40001e0e 0000117e  1 .text.41 	pit_c.obj 
  00000b6e 000384 40001e0e 0000117e  1 .text 	main_c.obj 
  00000b6e 000146 40001e0e 0000117e  2 main 	main_c.obj 
  00000cb4 00004e 40001f54 000012c4  2 enableIrq 	main_c.obj 
  00000d02 000046 40001fa2 00001312  2 PIT_CH0_ISR 	main_c.obj 
  00000d48 0001aa 40001fe8 00001358  2 PIT_CH1_ISR 	main_c.obj 
  00000ef2 000000 40002192 00001502  1 .text.105 	main_c.obj 
  00000ef2 000176 40002192 00001502  1 .text 	init_watchd_pll_c.obj 
  00000ef2 000032 40002192 00001502  2 DISABLE_WATCHDOG 	init_watchd_pll_c.obj 
  00000f24 000144 400021c4 00001534  2 MC_MODE_INIT_PLL 	init_watchd_pll_c.obj 
  00001068 000000 40002308 00001678  1 .text.23 	init_watchd_pll_c.obj 
  00001068 00004e 40002308 00001678  1 .text 	IntcInterrupts_c.obj 
  00001068 00002c 40002308 00001678  2 INTC_InstallINTCInterruptHandler 	IntcInterrupts_c.obj 
  00001094 000022 40002334 000016a4  2 INTC_InitINTCInterrupts 	IntcInterrupts_c.obj 
  000010b6 00008a 40002356 000016c6  1 .text 	Exceptions_c.obj 
  000010b6 00008a 40002356 000016c6  2 EXCEP_InitExceptionHandlers 	Exceptions_c.obj 
  00001140 000040 400023e0 00001750  1 .text 	libc_E200z446_VLE.a D:\w\EPPC\workspace_codegen\ewl\EWL_C\EWL_C.PA_CmdLineData\libc_E200z446_VLE\obj\abort_exit.o
  UNUSED   00002c ........ ........    abort libc_E200z446_VLE.a D:\w\EPPC\workspace_codegen\ewl\EWL_C\EWL_C.PA_CmdLineData\libc_E200z446_VLE\obj\abort_exit.o
  UNUSED   000004 ........ ........    atexit libc_E200z446_VLE.a D:\w\EPPC\workspace_codegen\ewl\EWL_C\EWL_C.PA_CmdLineData\libc_E200z446_VLE\obj\abort_exit.o
  00001140 000040 400023e0 00001750  2 exit 	libc_E200z446_VLE.a D:\w\EPPC\workspace_codegen\ewl\EWL_C\EWL_C.PA_CmdLineData\libc_E200z446_VLE\obj\abort_exit.o
  UNUSED   00002a ........ ........    __atexit libc_E200z446_VLE.a D:\w\EPPC\workspace_codegen\ewl\EWL_C\EWL_C.PA_CmdLineData\libc_E200z446_VLE\obj\abort_exit.o
  UNUSED   000054 ........ ........    __exit libc_E200z446_VLE.a D:\w\EPPC\workspace_codegen\ewl\EWL_C\EWL_C.PA_CmdLineData\libc_E200z446_VLE\obj\abort_exit.o
  00001180 000000 40002420 00001790  1 .text.86 	libc_E200z446_VLE.a D:\w\EPPC\workspace_codegen\ewl\EWL_C\EWL_C.PA_CmdLineData\libc_E200z446_VLE\obj\abort_exit.o
  00001180 000032 40002420 00001790  1 .text 	librt_E200z446_VLE.a D:\w\EPPC\workspace_codegen\ewl\EWL_Runtime\Runtime_PA_CmdLineData\librt_E200z446_VLE\obj\global_destructor_chain.o
  UNUSED   000010 ........ ........    __register_global_object librt_E200z446_VLE.a D:\w\EPPC\workspace_codegen\ewl\EWL_Runtime\Runtime_PA_CmdLineData\librt_E200z446_VLE\obj\global_destructor_chain.o
  00001180 000032 40002420 00001790  2 __destroy_global_chain 	librt_E200z446_VLE.a D:\w\EPPC\workspace_codegen\ewl\EWL_Runtime\Runtime_PA_CmdLineData\librt_E200z446_VLE\obj\global_destructor_chain.o
  UNUSED   00003c ........ ........    __register_atexit librt_E200z446_VLE.a D:\w\EPPC\workspace_codegen\ewl\EWL_Runtime\Runtime_PA_CmdLineData\librt_E200z446_VLE\obj\global_destructor_chain.o
  000011b2 000000 40002452 000017c2  1 .text.104 	librt_E200z446_VLE.a D:\w\EPPC\workspace_codegen\ewl\EWL_Runtime\Runtime_PA_CmdLineData\librt_E200z446_VLE\obj\global_destructor_chain.o
  000011b2 000008 40002452 000017c2  1 .text 	librt_E200z446_VLE.a D:\w\EPPC\workspace_codegen\ewl\EWL_Runtime\Runtime_PA_CmdLineData\librt_E200z446_VLE\obj\runtime.o
  UNUSED   00004a ........ ........    __save_gpr librt_E200z446_VLE.a D:\w\EPPC\workspace_codegen\ewl\EWL_Runtime\Runtime_PA_CmdLineData\librt_E200z446_VLE\obj\runtime.o
  UNUSED   000000 ........ ........    _savegpr_14 librt_E200z446_VLE.a D:\w\EPPC\workspace_codegen\ewl\EWL_Runtime\Runtime_PA_CmdLineData\librt_E200z446_VLE\obj\runtime.o
  UNUSED   000000 ........ ........    _save32gpr_14 librt_E200z446_VLE.a D:\w\EPPC\workspace_codegen\ewl\EWL_Runtime\Runtime_PA_CmdLineData\librt_E200z446_VLE\obj\runtime.o
  UNUSED   000000 ........ ........    _savegpr_15 librt_E200z446_VLE.a D:\w\EPPC\workspace_codegen\ewl\EWL_Runtime\Runtime_PA_CmdLineData\librt_E200z446_VLE\obj\runtime.o
  UNUSED   000000 ........ ........    _save32gpr_15 librt_E200z446_VLE.a D:\w\EPPC\workspace_codegen\ewl\EWL_Runtime\Runtime_PA_CmdLineData\librt_E200z446_VLE\obj\runtime.o
  UNUSED   000000 ........ ........    _savegpr_16 librt_E200z446_VLE.a D:\w\EPPC\workspace_codegen\ewl\EWL_Runtime\Runtime_PA_CmdLineData\librt_E200z446_VLE\obj\runtime.o
  UNUSED   000000 ........ ........    _save32gpr_16 librt_E200z446_VLE.a D:\w\EPPC\workspace_codegen\ewl\EWL_Runtime\Runtime_PA_CmdLineData\librt_E200z446_VLE\obj\runtime.o
  UNUSED   000000 ........ ........    _savegpr_17 librt_E200z446_VLE.a D:\w\EPPC\workspace_codegen\ewl\EWL_Runtime\Runtime_PA_CmdLineData\librt_E200z446_VLE\obj\runtime.o
  UNUSED   000000 ........ ........    _save32gpr_17 librt_E200z446_VLE.a D:\w\EPPC\workspace_codegen\ewl\EWL_Runtime\Runtime_PA_CmdLineData\librt_E200z446_VLE\obj\runtime.o
  UNUSED   000000 ........ ........    _savegpr_18 librt_E200z446_VLE.a D:\w\EPPC\workspace_codegen\ewl\EWL_Runtime\Runtime_PA_CmdLineData\librt_E200z446_VLE\obj\runtime.o
  UNUSED   000000 ........ ........    _save32gpr_18 librt_E200z446_VLE.a D:\w\EPPC\workspace_codegen\ewl\EWL_Runtime\Runtime_PA_CmdLineData\librt_E200z446_VLE\obj\runtime.o
  UNUSED   000000 ........ ........    _savegpr_19 librt_E200z446_VLE.a D:\w\EPPC\workspace_codegen\ewl\EWL_Runtime\Runtime_PA_CmdLineData\librt_E200z446_VLE\obj\runtime.o
  UNUSED   000000 ........ ........    _save32gpr_19 librt_E200z446_VLE.a D:\w\EPPC\workspace_codegen\ewl\EWL_Runtime\Runtime_PA_CmdLineData\librt_E200z446_VLE\obj\runtime.o
  UNUSED   000000 ........ ........    _savegpr_20 librt_E200z446_VLE.a D:\w\EPPC\workspace_codegen\ewl\EWL_Runtime\Runtime_PA_CmdLineData\librt_E200z446_VLE\obj\runtime.o
  UNUSED   000000 ........ ........    _save32gpr_20 librt_E200z446_VLE.a D:\w\EPPC\workspace_codegen\ewl\EWL_Runtime\Runtime_PA_CmdLineData\librt_E200z446_VLE\obj\runtime.o
  UNUSED   000000 ........ ........    _savegpr_21 librt_E200z446_VLE.a D:\w\EPPC\workspace_codegen\ewl\EWL_Runtime\Runtime_PA_CmdLineData\librt_E200z446_VLE\obj\runtime.o
  UNUSED   000000 ........ ........    _save32gpr_21 librt_E200z446_VLE.a D:\w\EPPC\workspace_codegen\ewl\EWL_Runtime\Runtime_PA_CmdLineData\librt_E200z446_VLE\obj\runtime.o
  UNUSED   000000 ........ ........    _savegpr_22 librt_E200z446_VLE.a D:\w\EPPC\workspace_codegen\ewl\EWL_Runtime\Runtime_PA_CmdLineData\librt_E200z446_VLE\obj\runtime.o
  UNUSED   000000 ........ ........    _save32gpr_22 librt_E200z446_VLE.a D:\w\EPPC\workspace_codegen\ewl\EWL_Runtime\Runtime_PA_CmdLineData\librt_E200z446_VLE\obj\runtime.o
  UNUSED   000000 ........ ........    _savegpr_23 librt_E200z446_VLE.a D:\w\EPPC\workspace_codegen\ewl\EWL_Runtime\Runtime_PA_CmdLineData\librt_E200z446_VLE\obj\runtime.o
  UNUSED   000000 ........ ........    _save32gpr_23 librt_E200z446_VLE.a D:\w\EPPC\workspace_codegen\ewl\EWL_Runtime\Runtime_PA_CmdLineData\librt_E200z446_VLE\obj\runtime.o
  UNUSED   000000 ........ ........    _savegpr_24 librt_E200z446_VLE.a D:\w\EPPC\workspace_codegen\ewl\EWL_Runtime\Runtime_PA_CmdLineData\librt_E200z446_VLE\obj\runtime.o
  UNUSED   000000 ........ ........    _save32gpr_24 librt_E200z446_VLE.a D:\w\EPPC\workspace_codegen\ewl\EWL_Runtime\Runtime_PA_CmdLineData\librt_E200z446_VLE\obj\runtime.o
  UNUSED   000000 ........ ........    _savegpr_25 librt_E200z446_VLE.a D:\w\EPPC\workspace_codegen\ewl\EWL_Runtime\Runtime_PA_CmdLineData\librt_E200z446_VLE\obj\runtime.o
  UNUSED   000000 ........ ........    _save32gpr_25 librt_E200z446_VLE.a D:\w\EPPC\workspace_codegen\ewl\EWL_Runtime\Runtime_PA_CmdLineData\librt_E200z446_VLE\obj\runtime.o
  UNUSED   000000 ........ ........    _savegpr_26 librt_E200z446_VLE.a D:\w\EPPC\workspace_codegen\ewl\EWL_Runtime\Runtime_PA_CmdLineData\librt_E200z446_VLE\obj\runtime.o
  UNUSED   000000 ........ ........    _save32gpr_26 librt_E200z446_VLE.a D:\w\EPPC\workspace_codegen\ewl\EWL_Runtime\Runtime_PA_CmdLineData\librt_E200z446_VLE\obj\runtime.o
  UNUSED   000000 ........ ........    _savegpr_27 librt_E200z446_VLE.a D:\w\EPPC\workspace_codegen\ewl\EWL_Runtime\Runtime_PA_CmdLineData\librt_E200z446_VLE\obj\runtime.o
  UNUSED   000000 ........ ........    _save32gpr_27 librt_E200z446_VLE.a D:\w\EPPC\workspace_codegen\ewl\EWL_Runtime\Runtime_PA_CmdLineData\librt_E200z446_VLE\obj\runtime.o
  UNUSED   000000 ........ ........    _savegpr_28 librt_E200z446_VLE.a D:\w\EPPC\workspace_codegen\ewl\EWL_Runtime\Runtime_PA_CmdLineData\librt_E200z446_VLE\obj\runtime.o
  UNUSED   000000 ........ ........    _save32gpr_28 librt_E200z446_VLE.a D:\w\EPPC\workspace_codegen\ewl\EWL_Runtime\Runtime_PA_CmdLineData\librt_E200z446_VLE\obj\runtime.o
  UNUSED   000000 ........ ........    _savegpr_29 librt_E200z446_VLE.a D:\w\EPPC\workspace_codegen\ewl\EWL_Runtime\Runtime_PA_CmdLineData\librt_E200z446_VLE\obj\runtime.o
  UNUSED   000000 ........ ........    _save32gpr_29 librt_E200z446_VLE.a D:\w\EPPC\workspace_codegen\ewl\EWL_Runtime\Runtime_PA_CmdLineData\librt_E200z446_VLE\obj\runtime.o
  UNUSED   000000 ........ ........    _savegpr_30 librt_E200z446_VLE.a D:\w\EPPC\workspace_codegen\ewl\EWL_Runtime\Runtime_PA_CmdLineData\librt_E200z446_VLE\obj\runtime.o
  UNUSED   000000 ........ ........    _save32gpr_30 librt_E200z446_VLE.a D:\w\EPPC\workspace_codegen\ewl\EWL_Runtime\Runtime_PA_CmdLineData\librt_E200z446_VLE\obj\runtime.o
  UNUSED   000000 ........ ........    _savegpr_31 librt_E200z446_VLE.a D:\w\EPPC\workspace_codegen\ewl\EWL_Runtime\Runtime_PA_CmdLineData\librt_E200z446_VLE\obj\runtime.o
  UNUSED   000000 ........ ........    _save32gpr_31 librt_E200z446_VLE.a D:\w\EPPC\workspace_codegen\ewl\EWL_Runtime\Runtime_PA_CmdLineData\librt_E200z446_VLE\obj\runtime.o
  UNUSED   00004a ........ ........    __save64_gpr librt_E200z446_VLE.a D:\w\EPPC\workspace_codegen\ewl\EWL_Runtime\Runtime_PA_CmdLineData\librt_E200z446_VLE\obj\runtime.o
  UNUSED   000000 ........ ........    _save64gpr_14 librt_E200z446_VLE.a D:\w\EPPC\workspace_codegen\ewl\EWL_Runtime\Runtime_PA_CmdLineData\librt_E200z446_VLE\obj\runtime.o
  UNUSED   000000 ........ ........    _save64gpr_15 librt_E200z446_VLE.a D:\w\EPPC\workspace_codegen\ewl\EWL_Runtime\Runtime_PA_CmdLineData\librt_E200z446_VLE\obj\runtime.o
  UNUSED   000000 ........ ........    _save64gpr_16 librt_E200z446_VLE.a D:\w\EPPC\workspace_codegen\ewl\EWL_Runtime\Runtime_PA_CmdLineData\librt_E200z446_VLE\obj\runtime.o
  UNUSED   000000 ........ ........    _save64gpr_17 librt_E200z446_VLE.a D:\w\EPPC\workspace_codegen\ewl\EWL_Runtime\Runtime_PA_CmdLineData\librt_E200z446_VLE\obj\runtime.o
  UNUSED   000000 ........ ........    _save64gpr_18 librt_E200z446_VLE.a D:\w\EPPC\workspace_codegen\ewl\EWL_Runtime\Runtime_PA_CmdLineData\librt_E200z446_VLE\obj\runtime.o
  UNUSED   000000 ........ ........    _save64gpr_19 librt_E200z446_VLE.a D:\w\EPPC\workspace_codegen\ewl\EWL_Runtime\Runtime_PA_CmdLineData\librt_E200z446_VLE\obj\runtime.o
  UNUSED   000000 ........ ........    _save64gpr_20 librt_E200z446_VLE.a D:\w\EPPC\workspace_codegen\ewl\EWL_Runtime\Runtime_PA_CmdLineData\librt_E200z446_VLE\obj\runtime.o
  UNUSED   000000 ........ ........    _save64gpr_21 librt_E200z446_VLE.a D:\w\EPPC\workspace_codegen\ewl\EWL_Runtime\Runtime_PA_CmdLineData\librt_E200z446_VLE\obj\runtime.o
  UNUSED   000000 ........ ........    _save64gpr_22 librt_E200z446_VLE.a D:\w\EPPC\workspace_codegen\ewl\EWL_Runtime\Runtime_PA_CmdLineData\librt_E200z446_VLE\obj\runtime.o
  UNUSED   000000 ........ ........    _save64gpr_23 librt_E200z446_VLE.a D:\w\EPPC\workspace_codegen\ewl\EWL_Runtime\Runtime_PA_CmdLineData\librt_E200z446_VLE\obj\runtime.o
  UNUSED   000000 ........ ........    _save64gpr_24 librt_E200z446_VLE.a D:\w\EPPC\workspace_codegen\ewl\EWL_Runtime\Runtime_PA_CmdLineData\librt_E200z446_VLE\obj\runtime.o
  UNUSED   000000 ........ ........    _save64gpr_25 librt_E200z446_VLE.a D:\w\EPPC\workspace_codegen\ewl\EWL_Runtime\Runtime_PA_CmdLineData\librt_E200z446_VLE\obj\runtime.o
  UNUSED   000000 ........ ........    _save64gpr_26 librt_E200z446_VLE.a D:\w\EPPC\workspace_codegen\ewl\EWL_Runtime\Runtime_PA_CmdLineData\librt_E200z446_VLE\obj\runtime.o
  UNUSED   000000 ........ ........    _save64gpr_27 librt_E200z446_VLE.a D:\w\EPPC\workspace_codegen\ewl\EWL_Runtime\Runtime_PA_CmdLineData\librt_E200z446_VLE\obj\runtime.o
  UNUSED   000000 ........ ........    _save64gpr_28 librt_E200z446_VLE.a D:\w\EPPC\workspace_codegen\ewl\EWL_Runtime\Runtime_PA_CmdLineData\librt_E200z446_VLE\obj\runtime.o
  UNUSED   000000 ........ ........    _save64gpr_29 librt_E200z446_VLE.a D:\w\EPPC\workspace_codegen\ewl\EWL_Runtime\Runtime_PA_CmdLineData\librt_E200z446_VLE\obj\runtime.o
  UNUSED   000000 ........ ........    _save64gpr_30 librt_E200z446_VLE.a D:\w\EPPC\workspace_codegen\ewl\EWL_Runtime\Runtime_PA_CmdLineData\librt_E200z446_VLE\obj\runtime.o
  UNUSED   000000 ........ ........    _save64gpr_31 librt_E200z446_VLE.a D:\w\EPPC\workspace_codegen\ewl\EWL_Runtime\Runtime_PA_CmdLineData\librt_E200z446_VLE\obj\runtime.o
  UNUSED   00004a ........ ........    __restore_gpr librt_E200z446_VLE.a D:\w\EPPC\workspace_codegen\ewl\EWL_Runtime\Runtime_PA_CmdLineData\librt_E200z446_VLE\obj\runtime.o
  UNUSED   000000 ........ ........    _restgpr_14 librt_E200z446_VLE.a D:\w\EPPC\workspace_codegen\ewl\EWL_Runtime\Runtime_PA_CmdLineData\librt_E200z446_VLE\obj\runtime.o
  UNUSED   000000 ........ ........    _rest32gpr_14 librt_E200z446_VLE.a D:\w\EPPC\workspace_codegen\ewl\EWL_Runtime\Runtime_PA_CmdLineData\librt_E200z446_VLE\obj\runtime.o
  UNUSED   000000 ........ ........    _restgpr_15 librt_E200z446_VLE.a D:\w\EPPC\workspace_codegen\ewl\EWL_Runtime\Runtime_PA_CmdLineData\librt_E200z446_VLE\obj\runtime.o
  UNUSED   000000 ........ ........    _rest32gpr_15 librt_E200z446_VLE.a D:\w\EPPC\workspace_codegen\ewl\EWL_Runtime\Runtime_PA_CmdLineData\librt_E200z446_VLE\obj\runtime.o
  UNUSED   000000 ........ ........    _restgpr_16 librt_E200z446_VLE.a D:\w\EPPC\workspace_codegen\ewl\EWL_Runtime\Runtime_PA_CmdLineData\librt_E200z446_VLE\obj\runtime.o
  UNUSED   000000 ........ ........    _rest32gpr_16 librt_E200z446_VLE.a D:\w\EPPC\workspace_codegen\ewl\EWL_Runtime\Runtime_PA_CmdLineData\librt_E200z446_VLE\obj\runtime.o
  UNUSED   000000 ........ ........    _restgpr_17 librt_E200z446_VLE.a D:\w\EPPC\workspace_codegen\ewl\EWL_Runtime\Runtime_PA_CmdLineData\librt_E200z446_VLE\obj\runtime.o
  UNUSED   000000 ........ ........    _rest32gpr_17 librt_E200z446_VLE.a D:\w\EPPC\workspace_codegen\ewl\EWL_Runtime\Runtime_PA_CmdLineData\librt_E200z446_VLE\obj\runtime.o
  UNUSED   000000 ........ ........    _restgpr_18 librt_E200z446_VLE.a D:\w\EPPC\workspace_codegen\ewl\EWL_Runtime\Runtime_PA_CmdLineData\librt_E200z446_VLE\obj\runtime.o
  UNUSED   000000 ........ ........    _rest32gpr_18 librt_E200z446_VLE.a D:\w\EPPC\workspace_codegen\ewl\EWL_Runtime\Runtime_PA_CmdLineData\librt_E200z446_VLE\obj\runtime.o
  UNUSED   000000 ........ ........    _restgpr_19 librt_E200z446_VLE.a D:\w\EPPC\workspace_codegen\ewl\EWL_Runtime\Runtime_PA_CmdLineData\librt_E200z446_VLE\obj\runtime.o
  UNUSED   000000 ........ ........    _rest32gpr_19 librt_E200z446_VLE.a D:\w\EPPC\workspace_codegen\ewl\EWL_Runtime\Runtime_PA_CmdLineData\librt_E200z446_VLE\obj\runtime.o
  UNUSED   000000 ........ ........    _restgpr_20 librt_E200z446_VLE.a D:\w\EPPC\workspace_codegen\ewl\EWL_Runtime\Runtime_PA_CmdLineData\librt_E200z446_VLE\obj\runtime.o
  UNUSED   000000 ........ ........    _rest32gpr_20 librt_E200z446_VLE.a D:\w\EPPC\workspace_codegen\ewl\EWL_Runtime\Runtime_PA_CmdLineData\librt_E200z446_VLE\obj\runtime.o
  UNUSED   000000 ........ ........    _restgpr_21 librt_E200z446_VLE.a D:\w\EPPC\workspace_codegen\ewl\EWL_Runtime\Runtime_PA_CmdLineData\librt_E200z446_VLE\obj\runtime.o
  UNUSED   000000 ........ ........    _rest32gpr_21 librt_E200z446_VLE.a D:\w\EPPC\workspace_codegen\ewl\EWL_Runtime\Runtime_PA_CmdLineData\librt_E200z446_VLE\obj\runtime.o
  UNUSED   000000 ........ ........    _restgpr_22 librt_E200z446_VLE.a D:\w\EPPC\workspace_codegen\ewl\EWL_Runtime\Runtime_PA_CmdLineData\librt_E200z446_VLE\obj\runtime.o
  UNUSED   000000 ........ ........    _rest32gpr_22 librt_E200z446_VLE.a D:\w\EPPC\workspace_codegen\ewl\EWL_Runtime\Runtime_PA_CmdLineData\librt_E200z446_VLE\obj\runtime.o
  UNUSED   000000 ........ ........    _restgpr_23 librt_E200z446_VLE.a D:\w\EPPC\workspace_codegen\ewl\EWL_Runtime\Runtime_PA_CmdLineData\librt_E200z446_VLE\obj\runtime.o
  UNUSED   000000 ........ ........    _rest32gpr_23 librt_E200z446_VLE.a D:\w\EPPC\workspace_codegen\ewl\EWL_Runtime\Runtime_PA_CmdLineData\librt_E200z446_VLE\obj\runtime.o
  UNUSED   000000 ........ ........    _restgpr_24 librt_E200z446_VLE.a D:\w\EPPC\workspace_codegen\ewl\EWL_Runtime\Runtime_PA_CmdLineData\librt_E200z446_VLE\obj\runtime.o
  UNUSED   000000 ........ ........    _rest32gpr_24 librt_E200z446_VLE.a D:\w\EPPC\workspace_codegen\ewl\EWL_Runtime\Runtime_PA_CmdLineData\librt_E200z446_VLE\obj\runtime.o
  UNUSED   000000 ........ ........    _restgpr_25 librt_E200z446_VLE.a D:\w\EPPC\workspace_codegen\ewl\EWL_Runtime\Runtime_PA_CmdLineData\librt_E200z446_VLE\obj\runtime.o
  UNUSED   000000 ........ ........    _rest32gpr_25 librt_E200z446_VLE.a D:\w\EPPC\workspace_codegen\ewl\EWL_Runtime\Runtime_PA_CmdLineData\librt_E200z446_VLE\obj\runtime.o
  UNUSED   000000 ........ ........    _restgpr_26 librt_E200z446_VLE.a D:\w\EPPC\workspace_codegen\ewl\EWL_Runtime\Runtime_PA_CmdLineData\librt_E200z446_VLE\obj\runtime.o
  UNUSED   000000 ........ ........    _rest32gpr_26 librt_E200z446_VLE.a D:\w\EPPC\workspace_codegen\ewl\EWL_Runtime\Runtime_PA_CmdLineData\librt_E200z446_VLE\obj\runtime.o
  UNUSED   000000 ........ ........    _restgpr_27 librt_E200z446_VLE.a D:\w\EPPC\workspace_codegen\ewl\EWL_Runtime\Runtime_PA_CmdLineData\librt_E200z446_VLE\obj\runtime.o
  UNUSED   000000 ........ ........    _rest32gpr_27 librt_E200z446_VLE.a D:\w\EPPC\workspace_codegen\ewl\EWL_Runtime\Runtime_PA_CmdLineData\librt_E200z446_VLE\obj\runtime.o
  UNUSED   000000 ........ ........    _restgpr_28 librt_E200z446_VLE.a D:\w\EPPC\workspace_codegen\ewl\EWL_Runtime\Runtime_PA_CmdLineData\librt_E200z446_VLE\obj\runtime.o
  UNUSED   000000 ........ ........    _rest32gpr_28 librt_E200z446_VLE.a D:\w\EPPC\workspace_codegen\ewl\EWL_Runtime\Runtime_PA_CmdLineData\librt_E200z446_VLE\obj\runtime.o
  UNUSED   000000 ........ ........    _restgpr_29 librt_E200z446_VLE.a D:\w\EPPC\workspace_codegen\ewl\EWL_Runtime\Runtime_PA_CmdLineData\librt_E200z446_VLE\obj\runtime.o
  UNUSED   000000 ........ ........    _rest32gpr_29 librt_E200z446_VLE.a D:\w\EPPC\workspace_codegen\ewl\EWL_Runtime\Runtime_PA_CmdLineData\librt_E200z446_VLE\obj\runtime.o
  UNUSED   000000 ........ ........    _restgpr_30 librt_E200z446_VLE.a D:\w\EPPC\workspace_codegen\ewl\EWL_Runtime\Runtime_PA_CmdLineData\librt_E200z446_VLE\obj\runtime.o
  UNUSED   000000 ........ ........    _rest32gpr_30 librt_E200z446_VLE.a D:\w\EPPC\workspace_codegen\ewl\EWL_Runtime\Runtime_PA_CmdLineData\librt_E200z446_VLE\obj\runtime.o
  UNUSED   000000 ........ ........    _restgpr_31 librt_E200z446_VLE.a D:\w\EPPC\workspace_codegen\ewl\EWL_Runtime\Runtime_PA_CmdLineData\librt_E200z446_VLE\obj\runtime.o
  UNUSED   000000 ........ ........    _rest32gpr_31 librt_E200z446_VLE.a D:\w\EPPC\workspace_codegen\ewl\EWL_Runtime\Runtime_PA_CmdLineData\librt_E200z446_VLE\obj\runtime.o
  UNUSED   00004a ........ ........    __restore64_gpr librt_E200z446_VLE.a D:\w\EPPC\workspace_codegen\ewl\EWL_Runtime\Runtime_PA_CmdLineData\librt_E200z446_VLE\obj\runtime.o
  UNUSED   000000 ........ ........    _rest64gpr_14 librt_E200z446_VLE.a D:\w\EPPC\workspace_codegen\ewl\EWL_Runtime\Runtime_PA_CmdLineData\librt_E200z446_VLE\obj\runtime.o
  UNUSED   000000 ........ ........    _rest64gpr_15 librt_E200z446_VLE.a D:\w\EPPC\workspace_codegen\ewl\EWL_Runtime\Runtime_PA_CmdLineData\librt_E200z446_VLE\obj\runtime.o
  UNUSED   000000 ........ ........    _rest64gpr_16 librt_E200z446_VLE.a D:\w\EPPC\workspace_codegen\ewl\EWL_Runtime\Runtime_PA_CmdLineData\librt_E200z446_VLE\obj\runtime.o
  UNUSED   000000 ........ ........    _rest64gpr_17 librt_E200z446_VLE.a D:\w\EPPC\workspace_codegen\ewl\EWL_Runtime\Runtime_PA_CmdLineData\librt_E200z446_VLE\obj\runtime.o
  UNUSED   000000 ........ ........    _rest64gpr_18 librt_E200z446_VLE.a D:\w\EPPC\workspace_codegen\ewl\EWL_Runtime\Runtime_PA_CmdLineData\librt_E200z446_VLE\obj\runtime.o
  UNUSED   000000 ........ ........    _rest64gpr_19 librt_E200z446_VLE.a D:\w\EPPC\workspace_codegen\ewl\EWL_Runtime\Runtime_PA_CmdLineData\librt_E200z446_VLE\obj\runtime.o
  UNUSED   000000 ........ ........    _rest64gpr_20 librt_E200z446_VLE.a D:\w\EPPC\workspace_codegen\ewl\EWL_Runtime\Runtime_PA_CmdLineData\librt_E200z446_VLE\obj\runtime.o
  UNUSED   000000 ........ ........    _rest64gpr_21 librt_E200z446_VLE.a D:\w\EPPC\workspace_codegen\ewl\EWL_Runtime\Runtime_PA_CmdLineData\librt_E200z446_VLE\obj\runtime.o
  UNUSED   000000 ........ ........    _rest64gpr_22 librt_E200z446_VLE.a D:\w\EPPC\workspace_codegen\ewl\EWL_Runtime\Runtime_PA_CmdLineData\librt_E200z446_VLE\obj\runtime.o
  UNUSED   000000 ........ ........    _rest64gpr_23 librt_E200z446_VLE.a D:\w\EPPC\workspace_codegen\ewl\EWL_Runtime\Runtime_PA_CmdLineData\librt_E200z446_VLE\obj\runtime.o
  UNUSED   000000 ........ ........    _rest64gpr_24 librt_E200z446_VLE.a D:\w\EPPC\workspace_codegen\ewl\EWL_Runtime\Runtime_PA_CmdLineData\librt_E200z446_VLE\obj\runtime.o
  UNUSED   000000 ........ ........    _rest64gpr_25 librt_E200z446_VLE.a D:\w\EPPC\workspace_codegen\ewl\EWL_Runtime\Runtime_PA_CmdLineData\librt_E200z446_VLE\obj\runtime.o
  UNUSED   000000 ........ ........    _rest64gpr_26 librt_E200z446_VLE.a D:\w\EPPC\workspace_codegen\ewl\EWL_Runtime\Runtime_PA_CmdLineData\librt_E200z446_VLE\obj\runtime.o
  UNUSED   000000 ........ ........    _rest64gpr_27 librt_E200z446_VLE.a D:\w\EPPC\workspace_codegen\ewl\EWL_Runtime\Runtime_PA_CmdLineData\librt_E200z446_VLE\obj\runtime.o
  UNUSED   000000 ........ ........    _rest64gpr_28 librt_E200z446_VLE.a D:\w\EPPC\workspace_codegen\ewl\EWL_Runtime\Runtime_PA_CmdLineData\librt_E200z446_VLE\obj\runtime.o
  UNUSED   000000 ........ ........    _rest64gpr_29 librt_E200z446_VLE.a D:\w\EPPC\workspace_codegen\ewl\EWL_Runtime\Runtime_PA_CmdLineData\librt_E200z446_VLE\obj\runtime.o
  UNUSED   000000 ........ ........    _rest64gpr_30 librt_E200z446_VLE.a D:\w\EPPC\workspace_codegen\ewl\EWL_Runtime\Runtime_PA_CmdLineData\librt_E200z446_VLE\obj\runtime.o
  UNUSED   000000 ........ ........    _rest64gpr_31 librt_E200z446_VLE.a D:\w\EPPC\workspace_codegen\ewl\EWL_Runtime\Runtime_PA_CmdLineData\librt_E200z446_VLE\obj\runtime.o
  000011b2 000008 40002452 000017c2  2 __restore_frame_and_exit 	librt_E200z446_VLE.a D:\w\EPPC\workspace_codegen\ewl\EWL_Runtime\Runtime_PA_CmdLineData\librt_E200z446_VLE\obj\runtime.o
  UNUSED   000000 ........ ........    __finish_restore_frame_and_exit2 librt_E200z446_VLE.a D:\w\EPPC\workspace_codegen\ewl\EWL_Runtime\Runtime_PA_CmdLineData\librt_E200z446_VLE\obj\runtime.o
  UNUSED   00000a ........ ........    __restore_gpr_31_exit librt_E200z446_VLE.a D:\w\EPPC\workspace_codegen\ewl\EWL_Runtime\Runtime_PA_CmdLineData\librt_E200z446_VLE\obj\runtime.o
  UNUSED   000000 ........ ........    __finish_restore_frame_and_exit librt_E200z446_VLE.a D:\w\EPPC\workspace_codegen\ewl\EWL_Runtime\Runtime_PA_CmdLineData\librt_E200z446_VLE\obj\runtime.o
  UNUSED   000008 ........ ........    __restore_gpr_30_exit librt_E200z446_VLE.a D:\w\EPPC\workspace_codegen\ewl\EWL_Runtime\Runtime_PA_CmdLineData\librt_E200z446_VLE\obj\runtime.o
  UNUSED   000008 ........ ........    __restore_gpr_29_exit librt_E200z446_VLE.a D:\w\EPPC\workspace_codegen\ewl\EWL_Runtime\Runtime_PA_CmdLineData\librt_E200z446_VLE\obj\runtime.o
  UNUSED   000008 ........ ........    __restore_gpr_28_exit librt_E200z446_VLE.a D:\w\EPPC\workspace_codegen\ewl\EWL_Runtime\Runtime_PA_CmdLineData\librt_E200z446_VLE\obj\runtime.o
  UNUSED   000008 ........ ........    __restore_gpr_27_exit librt_E200z446_VLE.a D:\w\EPPC\workspace_codegen\ewl\EWL_Runtime\Runtime_PA_CmdLineData\librt_E200z446_VLE\obj\runtime.o
  UNUSED   000008 ........ ........    __restore_gpr_26_exit librt_E200z446_VLE.a D:\w\EPPC\workspace_codegen\ewl\EWL_Runtime\Runtime_PA_CmdLineData\librt_E200z446_VLE\obj\runtime.o
  UNUSED   00000a ........ ........    __restore_gpr_25_exit librt_E200z446_VLE.a D:\w\EPPC\workspace_codegen\ewl\EWL_Runtime\Runtime_PA_CmdLineData\librt_E200z446_VLE\obj\runtime.o
  UNUSED   000008 ........ ........    __restore_gpr_24_exit librt_E200z446_VLE.a D:\w\EPPC\workspace_codegen\ewl\EWL_Runtime\Runtime_PA_CmdLineData\librt_E200z446_VLE\obj\runtime.o
  UNUSED   000008 ........ ........    __restore_gpr_23_exit librt_E200z446_VLE.a D:\w\EPPC\workspace_codegen\ewl\EWL_Runtime\Runtime_PA_CmdLineData\librt_E200z446_VLE\obj\runtime.o
  UNUSED   000008 ........ ........    __restore_gpr_22_exit librt_E200z446_VLE.a D:\w\EPPC\workspace_codegen\ewl\EWL_Runtime\Runtime_PA_CmdLineData\librt_E200z446_VLE\obj\runtime.o
  UNUSED   000008 ........ ........    __restore_gpr_21_exit librt_E200z446_VLE.a D:\w\EPPC\workspace_codegen\ewl\EWL_Runtime\Runtime_PA_CmdLineData\librt_E200z446_VLE\obj\runtime.o
  UNUSED   000008 ........ ........    __restore_gpr_20_exit librt_E200z446_VLE.a D:\w\EPPC\workspace_codegen\ewl\EWL_Runtime\Runtime_PA_CmdLineData\librt_E200z446_VLE\obj\runtime.o
  UNUSED   000008 ........ ........    __restore_gpr_19_exit librt_E200z446_VLE.a D:\w\EPPC\workspace_codegen\ewl\EWL_Runtime\Runtime_PA_CmdLineData\librt_E200z446_VLE\obj\runtime.o
  UNUSED   000008 ........ ........    __restore_gpr_18_exit librt_E200z446_VLE.a D:\w\EPPC\workspace_codegen\ewl\EWL_Runtime\Runtime_PA_CmdLineData\librt_E200z446_VLE\obj\runtime.o
  UNUSED   000008 ........ ........    __restore_gpr_17_exit librt_E200z446_VLE.a D:\w\EPPC\workspace_codegen\ewl\EWL_Runtime\Runtime_PA_CmdLineData\librt_E200z446_VLE\obj\runtime.o
  UNUSED   000008 ........ ........    __restore_gpr_16_exit librt_E200z446_VLE.a D:\w\EPPC\workspace_codegen\ewl\EWL_Runtime\Runtime_PA_CmdLineData\librt_E200z446_VLE\obj\runtime.o
  UNUSED   000008 ........ ........    __restore_gpr_15_exit librt_E200z446_VLE.a D:\w\EPPC\workspace_codegen\ewl\EWL_Runtime\Runtime_PA_CmdLineData\librt_E200z446_VLE\obj\runtime.o
  UNUSED   000008 ........ ........    __restore_gpr_14_exit librt_E200z446_VLE.a D:\w\EPPC\workspace_codegen\ewl\EWL_Runtime\Runtime_PA_CmdLineData\librt_E200z446_VLE\obj\runtime.o
  UNUSED   00000c ........ ........    __create_frame librt_E200z446_VLE.a D:\w\EPPC\workspace_codegen\ewl\EWL_Runtime\Runtime_PA_CmdLineData\librt_E200z446_VLE\obj\runtime.o
  UNUSED   000000 ........ ........    __save_lr librt_E200z446_VLE.a D:\w\EPPC\workspace_codegen\ewl\EWL_Runtime\Runtime_PA_CmdLineData\librt_E200z446_VLE\obj\runtime.o
  UNUSED   00000c ........ ........    __create_frame_and_save_gpr_31 librt_E200z446_VLE.a D:\w\EPPC\workspace_codegen\ewl\EWL_Runtime\Runtime_PA_CmdLineData\librt_E200z446_VLE\obj\runtime.o
  UNUSED   00000c ........ ........    __create_frame_and_save_gpr_30 librt_E200z446_VLE.a D:\w\EPPC\workspace_codegen\ewl\EWL_Runtime\Runtime_PA_CmdLineData\librt_E200z446_VLE\obj\runtime.o
  UNUSED   00000c ........ ........    __create_frame_and_save_gpr_29 librt_E200z446_VLE.a D:\w\EPPC\workspace_codegen\ewl\EWL_Runtime\Runtime_PA_CmdLineData\librt_E200z446_VLE\obj\runtime.o
  UNUSED   00000c ........ ........    __create_frame_and_save_gpr_28 librt_E200z446_VLE.a D:\w\EPPC\workspace_codegen\ewl\EWL_Runtime\Runtime_PA_CmdLineData\librt_E200z446_VLE\obj\runtime.o
  UNUSED   00000c ........ ........    __create_frame_and_save_gpr_27 librt_E200z446_VLE.a D:\w\EPPC\workspace_codegen\ewl\EWL_Runtime\Runtime_PA_CmdLineData\librt_E200z446_VLE\obj\runtime.o
  UNUSED   00000c ........ ........    __create_frame_and_save_gpr_26 librt_E200z446_VLE.a D:\w\EPPC\workspace_codegen\ewl\EWL_Runtime\Runtime_PA_CmdLineData\librt_E200z446_VLE\obj\runtime.o
  UNUSED   00000c ........ ........    __create_frame_and_save_gpr_25 librt_E200z446_VLE.a D:\w\EPPC\workspace_codegen\ewl\EWL_Runtime\Runtime_PA_CmdLineData\librt_E200z446_VLE\obj\runtime.o
  UNUSED   00000c ........ ........    __create_frame_and_save_gpr_24 librt_E200z446_VLE.a D:\w\EPPC\workspace_codegen\ewl\EWL_Runtime\Runtime_PA_CmdLineData\librt_E200z446_VLE\obj\runtime.o
  UNUSED   00000c ........ ........    __create_frame_and_save_gpr_23 librt_E200z446_VLE.a D:\w\EPPC\workspace_codegen\ewl\EWL_Runtime\Runtime_PA_CmdLineData\librt_E200z446_VLE\obj\runtime.o
  UNUSED   00000c ........ ........    __create_frame_and_save_gpr_22 librt_E200z446_VLE.a D:\w\EPPC\workspace_codegen\ewl\EWL_Runtime\Runtime_PA_CmdLineData\librt_E200z446_VLE\obj\runtime.o
  UNUSED   00000c ........ ........    __create_frame_and_save_gpr_21 librt_E200z446_VLE.a D:\w\EPPC\workspace_codegen\ewl\EWL_Runtime\Runtime_PA_CmdLineData\librt_E200z446_VLE\obj\runtime.o
  UNUSED   00000c ........ ........    __create_frame_and_save_gpr_20 librt_E200z446_VLE.a D:\w\EPPC\workspace_codegen\ewl\EWL_Runtime\Runtime_PA_CmdLineData\librt_E200z446_VLE\obj\runtime.o
  UNUSED   00000c ........ ........    __create_frame_and_save_gpr_19 librt_E200z446_VLE.a D:\w\EPPC\workspace_codegen\ewl\EWL_Runtime\Runtime_PA_CmdLineData\librt_E200z446_VLE\obj\runtime.o
  UNUSED   00000c ........ ........    __create_frame_and_save_gpr_18 librt_E200z446_VLE.a D:\w\EPPC\workspace_codegen\ewl\EWL_Runtime\Runtime_PA_CmdLineData\librt_E200z446_VLE\obj\runtime.o
  UNUSED   00000c ........ ........    __create_frame_and_save_gpr_17 librt_E200z446_VLE.a D:\w\EPPC\workspace_codegen\ewl\EWL_Runtime\Runtime_PA_CmdLineData\librt_E200z446_VLE\obj\runtime.o
  UNUSED   00000c ........ ........    __create_frame_and_save_gpr_16 librt_E200z446_VLE.a D:\w\EPPC\workspace_codegen\ewl\EWL_Runtime\Runtime_PA_CmdLineData\librt_E200z446_VLE\obj\runtime.o
  UNUSED   00000c ........ ........    __create_frame_and_save_gpr_15 librt_E200z446_VLE.a D:\w\EPPC\workspace_codegen\ewl\EWL_Runtime\Runtime_PA_CmdLineData\librt_E200z446_VLE\obj\runtime.o
  UNUSED   00000c ........ ........    __create_frame_and_save_gpr_14 librt_E200z446_VLE.a D:\w\EPPC\workspace_codegen\ewl\EWL_Runtime\Runtime_PA_CmdLineData\librt_E200z446_VLE\obj\runtime.o
  UNUSED   0000c4 ........ ........    __div2u librt_E200z446_VLE.a D:\w\EPPC\workspace_codegen\ewl\EWL_Runtime\Runtime_PA_CmdLineData\librt_E200z446_VLE\obj\runtime.o
  UNUSED   000108 ........ ........    __div2i librt_E200z446_VLE.a D:\w\EPPC\workspace_codegen\ewl\EWL_Runtime\Runtime_PA_CmdLineData\librt_E200z446_VLE\obj\runtime.o
  UNUSED   0000ba ........ ........    __mod2u librt_E200z446_VLE.a D:\w\EPPC\workspace_codegen\ewl\EWL_Runtime\Runtime_PA_CmdLineData\librt_E200z446_VLE\obj\runtime.o
  UNUSED   0000e2 ........ ........    __mod2i librt_E200z446_VLE.a D:\w\EPPC\workspace_codegen\ewl\EWL_Runtime\Runtime_PA_CmdLineData\librt_E200z446_VLE\obj\runtime.o
  UNUSED   00001a ........ ........    __shl2i librt_E200z446_VLE.a D:\w\EPPC\workspace_codegen\ewl\EWL_Runtime\Runtime_PA_CmdLineData\librt_E200z446_VLE\obj\runtime.o
  UNUSED   00001a ........ ........    __shr2u librt_E200z446_VLE.a D:\w\EPPC\workspace_codegen\ewl\EWL_Runtime\Runtime_PA_CmdLineData\librt_E200z446_VLE\obj\runtime.o
  UNUSED   00001c ........ ........    __shr2i librt_E200z446_VLE.a D:\w\EPPC\workspace_codegen\ewl\EWL_Runtime\Runtime_PA_CmdLineData\librt_E200z446_VLE\obj\runtime.o
  000011ba 000000 4000245a 000017ca  1 .text.211 	librt_E200z446_VLE.a D:\w\EPPC\workspace_codegen\ewl\EWL_Runtime\Runtime_PA_CmdLineData\librt_E200z446_VLE\obj\runtime.o
  000011ba 000006 40002460 000017d0 16 *fill*
  000011c0 0008d6 40002460 000017d0  1 .text 	librt_E200z446_VLE.a E:\CW_Dev\eppc_support\Do_Not_Distribute\zen_fpemu\Src\vle_ppcsfpe.o
  UNUSED   000018 ........ ........    _fp_round librt_E200z446_VLE.a E:\CW_Dev\eppc_support\Do_Not_Distribute\zen_fpemu\Src\vle_ppcsfpe.o
  UNUSED   00000a ........ ........    _fp_get_fpscr librt_E200z446_VLE.a E:\CW_Dev\eppc_support\Do_Not_Distribute\zen_fpemu\Src\vle_ppcsfpe.o
  UNUSED   00000a ........ ........    _fp_set_fpscr librt_E200z446_VLE.a E:\CW_Dev\eppc_support\Do_Not_Distribute\zen_fpemu\Src\vle_ppcsfpe.o
  000011c0 000006 40002460 000017d0 16 _f_utof 	librt_E200z446_VLE.a E:\CW_Dev\eppc_support\Do_Not_Distribute\zen_fpemu\Src\vle_ppcsfpe.o
  000011d0 000028 40002470 000017e0 16 _f_itof 	librt_E200z446_VLE.a E:\CW_Dev\eppc_support\Do_Not_Distribute\zen_fpemu\Src\vle_ppcsfpe.o
  000011da 000000 4000247a 000017ea    f_itof_common_with_proloque (entry of _f_itof) 	librt_E200z446_VLE.a E:\CW_Dev\eppc_support\Do_Not_Distribute\zen_fpemu\Src\vle_ppcsfpe.o
  UNUSED   000000 ........ ........    f_itof_common librt_E200z446_VLE.a E:\CW_Dev\eppc_support\Do_Not_Distribute\zen_fpemu\Src\vle_ppcsfpe.o
  UNUSED   000000 ........ ........    f_itof_go_coerce librt_E200z446_VLE.a E:\CW_Dev\eppc_support\Do_Not_Distribute\zen_fpemu\Src\vle_ppcsfpe.o
  UNUSED   000006 ........ ........    _f_ulltof librt_E200z446_VLE.a E:\CW_Dev\eppc_support\Do_Not_Distribute\zen_fpemu\Src\vle_ppcsfpe.o
  UNUSED   00003c ........ ........    _f_lltof librt_E200z446_VLE.a E:\CW_Dev\eppc_support\Do_Not_Distribute\zen_fpemu\Src\vle_ppcsfpe.o
  UNUSED   000000 ........ ........    f_lltof_common librt_E200z446_VLE.a E:\CW_Dev\eppc_support\Do_Not_Distribute\zen_fpemu\Src\vle_ppcsfpe.o
  UNUSED   000044 ........ ........    _f_qtof librt_E200z446_VLE.a E:\CW_Dev\eppc_support\Do_Not_Distribute\zen_fpemu\Src\vle_ppcsfpe.o
  UNUSED   000000 ........ ........    _d_dtof librt_E200z446_VLE.a E:\CW_Dev\eppc_support\Do_Not_Distribute\zen_fpemu\Src\vle_ppcsfpe.o
  UNUSED   000006 ........ ........    _d_utod librt_E200z446_VLE.a E:\CW_Dev\eppc_support\Do_Not_Distribute\zen_fpemu\Src\vle_ppcsfpe.o
  UNUSED   000012 ........ ........    _d_itod librt_E200z446_VLE.a E:\CW_Dev\eppc_support\Do_Not_Distribute\zen_fpemu\Src\vle_ppcsfpe.o
  UNUSED   000000 ........ ........    d_itod_common librt_E200z446_VLE.a E:\CW_Dev\eppc_support\Do_Not_Distribute\zen_fpemu\Src\vle_ppcsfpe.o
  UNUSED   000006 ........ ........    _d_ulltod librt_E200z446_VLE.a E:\CW_Dev\eppc_support\Do_Not_Distribute\zen_fpemu\Src\vle_ppcsfpe.o
  UNUSED   000052 ........ ........    _d_lltod librt_E200z446_VLE.a E:\CW_Dev\eppc_support\Do_Not_Distribute\zen_fpemu\Src\vle_ppcsfpe.o
  UNUSED   000000 ........ ........    d_Xtod_common librt_E200z446_VLE.a E:\CW_Dev\eppc_support\Do_Not_Distribute\zen_fpemu\Src\vle_ppcsfpe.o
  UNUSED   000000 ........ ........    d_lltod_common librt_E200z446_VLE.a E:\CW_Dev\eppc_support\Do_Not_Distribute\zen_fpemu\Src\vle_ppcsfpe.o
  UNUSED   000000 ........ ........    d_lltod_go_coerce librt_E200z446_VLE.a E:\CW_Dev\eppc_support\Do_Not_Distribute\zen_fpemu\Src\vle_ppcsfpe.o
  UNUSED   000046 ........ ........    _f_ftod librt_E200z446_VLE.a E:\CW_Dev\eppc_support\Do_Not_Distribute\zen_fpemu\Src\vle_ppcsfpe.o
  UNUSED   000000 ........ ........    _f_ftoq librt_E200z446_VLE.a E:\CW_Dev\eppc_support\Do_Not_Distribute\zen_fpemu\Src\vle_ppcsfpe.o
  UNUSED   000008 ........ ........    _f_ftoll librt_E200z446_VLE.a E:\CW_Dev\eppc_support\Do_Not_Distribute\zen_fpemu\Src\vle_ppcsfpe.o
  UNUSED   000006 ........ ........    _f_ftoull librt_E200z446_VLE.a E:\CW_Dev\eppc_support\Do_Not_Distribute\zen_fpemu\Src\vle_ppcsfpe.o
  00001200 000006 400024a0 00001810 16 _f_ftou 	librt_E200z446_VLE.a E:\CW_Dev\eppc_support\Do_Not_Distribute\zen_fpemu\Src\vle_ppcsfpe.o
  00001210 000092 400024b0 00001820 16 _f_ftoi 	librt_E200z446_VLE.a E:\CW_Dev\eppc_support\Do_Not_Distribute\zen_fpemu\Src\vle_ppcsfpe.o
  00001212 000000 400024b2 00001822    f_toshortX_common (entry of _f_ftoi) 	librt_E200z446_VLE.a E:\CW_Dev\eppc_support\Do_Not_Distribute\zen_fpemu\Src\vle_ppcsfpe.o
  0000122c 000000 400024cc 0000183c    Xtoshort_common (entry of _f_ftoi) 	librt_E200z446_VLE.a E:\CW_Dev\eppc_support\Do_Not_Distribute\zen_fpemu\Src\vle_ppcsfpe.o
  UNUSED   000008 ........ ........    _d_dtoll librt_E200z446_VLE.a E:\CW_Dev\eppc_support\Do_Not_Distribute\zen_fpemu\Src\vle_ppcsfpe.o
  UNUSED   000006 ........ ........    _d_dtoull librt_E200z446_VLE.a E:\CW_Dev\eppc_support\Do_Not_Distribute\zen_fpemu\Src\vle_ppcsfpe.o
  UNUSED   000006 ........ ........    _d_dtou librt_E200z446_VLE.a E:\CW_Dev\eppc_support\Do_Not_Distribute\zen_fpemu\Src\vle_ppcsfpe.o
  000012b0 0000c2 40002550 000018c0 16 _d_dtoi 	librt_E200z446_VLE.a E:\CW_Dev\eppc_support\Do_Not_Distribute\zen_fpemu\Src\vle_ppcsfpe.o
  UNUSED   000000 ........ ........    d_toshortX_common librt_E200z446_VLE.a E:\CW_Dev\eppc_support\Do_Not_Distribute\zen_fpemu\Src\vle_ppcsfpe.o
  000012c6 000000 40002566 000018d6    Xtolong_common (entry of _d_dtoi) 	librt_E200z446_VLE.a E:\CW_Dev\eppc_support\Do_Not_Distribute\zen_fpemu\Src\vle_ppcsfpe.o
  UNUSED   000006 ........ ........    _d_dtoq librt_E200z446_VLE.a E:\CW_Dev\eppc_support\Do_Not_Distribute\zen_fpemu\Src\vle_ppcsfpe.o
  UNUSED   000006 ........ ........    _d_qtod librt_E200z446_VLE.a E:\CW_Dev\eppc_support\Do_Not_Distribute\zen_fpemu\Src\vle_ppcsfpe.o
  UNUSED   000006 ........ ........    _f_cmp librt_E200z446_VLE.a E:\CW_Dev\eppc_support\Do_Not_Distribute\zen_fpemu\Src\vle_ppcsfpe.o
  UNUSED   000006 ........ ........    _f_cmpe librt_E200z446_VLE.a E:\CW_Dev\eppc_support\Do_Not_Distribute\zen_fpemu\Src\vle_ppcsfpe.o
  UNUSED   000006 ........ ........    _f_feq librt_E200z446_VLE.a E:\CW_Dev\eppc_support\Do_Not_Distribute\zen_fpemu\Src\vle_ppcsfpe.o
  UNUSED   000006 ........ ........    _f_fne librt_E200z446_VLE.a E:\CW_Dev\eppc_support\Do_Not_Distribute\zen_fpemu\Src\vle_ppcsfpe.o
  UNUSED   000006 ........ ........    _f_flt librt_E200z446_VLE.a E:\CW_Dev\eppc_support\Do_Not_Distribute\zen_fpemu\Src\vle_ppcsfpe.o
  00001380 000006 40002620 00001990 16 _f_fle 	librt_E200z446_VLE.a E:\CW_Dev\eppc_support\Do_Not_Distribute\zen_fpemu\Src\vle_ppcsfpe.o
  UNUSED   000006 ........ ........    _f_fgt librt_E200z446_VLE.a E:\CW_Dev\eppc_support\Do_Not_Distribute\zen_fpemu\Src\vle_ppcsfpe.o
  00001390 000006 40002630 000019a0 16 _f_fge 	librt_E200z446_VLE.a E:\CW_Dev\eppc_support\Do_Not_Distribute\zen_fpemu\Src\vle_ppcsfpe.o
  UNUSED   000006 ........ ........    _f_fun librt_E200z446_VLE.a E:\CW_Dev\eppc_support\Do_Not_Distribute\zen_fpemu\Src\vle_ppcsfpe.o
  000013a0 00003e 40002640 000019b0 16 _f_for 	librt_E200z446_VLE.a E:\CW_Dev\eppc_support\Do_Not_Distribute\zen_fpemu\Src\vle_ppcsfpe.o
  000013a2 000000 40002642 000019b2    f_compare (entry of _f_for) 	librt_E200z446_VLE.a E:\CW_Dev\eppc_support\Do_Not_Distribute\zen_fpemu\Src\vle_ppcsfpe.o
  UNUSED   000006 ........ ........    _d_cmp librt_E200z446_VLE.a E:\CW_Dev\eppc_support\Do_Not_Distribute\zen_fpemu\Src\vle_ppcsfpe.o
  UNUSED   000006 ........ ........    _d_cmpe librt_E200z446_VLE.a E:\CW_Dev\eppc_support\Do_Not_Distribute\zen_fpemu\Src\vle_ppcsfpe.o
  UNUSED   000006 ........ ........    _d_feq librt_E200z446_VLE.a E:\CW_Dev\eppc_support\Do_Not_Distribute\zen_fpemu\Src\vle_ppcsfpe.o
  UNUSED   000006 ........ ........    _d_fne librt_E200z446_VLE.a E:\CW_Dev\eppc_support\Do_Not_Distribute\zen_fpemu\Src\vle_ppcsfpe.o
  UNUSED   000006 ........ ........    _d_flt librt_E200z446_VLE.a E:\CW_Dev\eppc_support\Do_Not_Distribute\zen_fpemu\Src\vle_ppcsfpe.o
  UNUSED   000006 ........ ........    _d_fle librt_E200z446_VLE.a E:\CW_Dev\eppc_support\Do_Not_Distribute\zen_fpemu\Src\vle_ppcsfpe.o
  UNUSED   000006 ........ ........    _d_fgt librt_E200z446_VLE.a E:\CW_Dev\eppc_support\Do_Not_Distribute\zen_fpemu\Src\vle_ppcsfpe.o
  UNUSED   000006 ........ ........    _d_fge librt_E200z446_VLE.a E:\CW_Dev\eppc_support\Do_Not_Distribute\zen_fpemu\Src\vle_ppcsfpe.o
  UNUSED   000006 ........ ........    _d_fun librt_E200z446_VLE.a E:\CW_Dev\eppc_support\Do_Not_Distribute\zen_fpemu\Src\vle_ppcsfpe.o
  000013e0 000114 40002680 000019f0 16 _d_for 	librt_E200z446_VLE.a E:\CW_Dev\eppc_support\Do_Not_Distribute\zen_fpemu\Src\vle_ppcsfpe.o
  UNUSED   000000 ........ ........    d_compare librt_E200z446_VLE.a E:\CW_Dev\eppc_support\Do_Not_Distribute\zen_fpemu\Src\vle_ppcsfpe.o
  00001438 000000 400026d8 00001a48    compare_dispatch (entry of _d_for) 	librt_E200z446_VLE.a E:\CW_Dev\eppc_support\Do_Not_Distribute\zen_fpemu\Src\vle_ppcsfpe.o
  00001472 000000 40002712 00001a82    f_compare_un (entry of _d_for) 	librt_E200z446_VLE.a E:\CW_Dev\eppc_support\Do_Not_Distribute\zen_fpemu\Src\vle_ppcsfpe.o
  UNUSED   000006 ........ ........    _f_neg librt_E200z446_VLE.a E:\CW_Dev\eppc_support\Do_Not_Distribute\zen_fpemu\Src\vle_ppcsfpe.o
  UNUSED   000000 ........ ........    _d_neg librt_E200z446_VLE.a E:\CW_Dev\eppc_support\Do_Not_Distribute\zen_fpemu\Src\vle_ppcsfpe.o
  00001500 000156 400027a0 00001b10 16 _f_mul 	librt_E200z446_VLE.a E:\CW_Dev\eppc_support\Do_Not_Distribute\zen_fpemu\Src\vle_ppcsfpe.o
  00001532 000000 400027d2 00001b42    f_coerce_result (entry of _f_mul) 	librt_E200z446_VLE.a E:\CW_Dev\eppc_support\Do_Not_Distribute\zen_fpemu\Src\vle_ppcsfpe.o
  0000153a 000000 400027da 00001b4a    f_coerce_result_precalculated_data (entry of _f_mul) 	librt_E200z446_VLE.a E:\CW_Dev\eppc_support\Do_Not_Distribute\zen_fpemu\Src\vle_ppcsfpe.o
  000015e2 000000 40002882 00001bf2    f_result_is_INF (entry of _f_mul) 	librt_E200z446_VLE.a E:\CW_Dev\eppc_support\Do_Not_Distribute\zen_fpemu\Src\vle_ppcsfpe.o
  00001630 000000 400028d0 00001c40    f_result_is_zero (entry of _f_mul) 	librt_E200z446_VLE.a E:\CW_Dev\eppc_support\Do_Not_Distribute\zen_fpemu\Src\vle_ppcsfpe.o
  0000163a 000000 400028da 00001c4a    f_both_NaNs (entry of _f_mul) 	librt_E200z446_VLE.a E:\CW_Dev\eppc_support\Do_Not_Distribute\zen_fpemu\Src\vle_ppcsfpe.o
  0000163e 000000 400028de 00001c4e    f_x_is_NaN (entry of _f_mul) 	librt_E200z446_VLE.a E:\CW_Dev\eppc_support\Do_Not_Distribute\zen_fpemu\Src\vle_ppcsfpe.o
  00001642 000000 400028e2 00001c52    f_result_is_Invalid (entry of _f_mul) 	librt_E200z446_VLE.a E:\CW_Dev\eppc_support\Do_Not_Distribute\zen_fpemu\Src\vle_ppcsfpe.o
  0000164c 000000 400028ec 00001c5c    f_y_is_NaN (entry of _f_mul) 	librt_E200z446_VLE.a E:\CW_Dev\eppc_support\Do_Not_Distribute\zen_fpemu\Src\vle_ppcsfpe.o
  00001652 000000 400028f2 00001c62    f_result_is_x (entry of _f_mul) 	librt_E200z446_VLE.a E:\CW_Dev\eppc_support\Do_Not_Distribute\zen_fpemu\Src\vle_ppcsfpe.o
  00001660 00006a 40002900 00001c70 16 _f_div 	librt_E200z446_VLE.a E:\CW_Dev\eppc_support\Do_Not_Distribute\zen_fpemu\Src\vle_ppcsfpe.o
  000016d0 000008 40002970 00001ce0 16 _f_sub 	librt_E200z446_VLE.a E:\CW_Dev\eppc_support\Do_Not_Distribute\zen_fpemu\Src\vle_ppcsfpe.o
  000016e0 000116 40002980 00001cf0 16 _f_add 	librt_E200z446_VLE.a E:\CW_Dev\eppc_support\Do_Not_Distribute\zen_fpemu\Src\vle_ppcsfpe.o
  000016e2 000000 40002982 00001cf2    f_add_common (entry of _f_add) 	librt_E200z446_VLE.a E:\CW_Dev\eppc_support\Do_Not_Distribute\zen_fpemu\Src\vle_ppcsfpe.o
  UNUSED   000008 ........ ........    _d_sub librt_E200z446_VLE.a E:\CW_Dev\eppc_support\Do_Not_Distribute\zen_fpemu\Src\vle_ppcsfpe.o
  UNUSED   00018a ........ ........    _d_add librt_E200z446_VLE.a E:\CW_Dev\eppc_support\Do_Not_Distribute\zen_fpemu\Src\vle_ppcsfpe.o
  UNUSED   000000 ........ ........    d_add_common librt_E200z446_VLE.a E:\CW_Dev\eppc_support\Do_Not_Distribute\zen_fpemu\Src\vle_ppcsfpe.o
  UNUSED   0001ee ........ ........    _d_mul librt_E200z446_VLE.a E:\CW_Dev\eppc_support\Do_Not_Distribute\zen_fpemu\Src\vle_ppcsfpe.o
  UNUSED   000000 ........ ........    d_coerce_result_prepare librt_E200z446_VLE.a E:\CW_Dev\eppc_support\Do_Not_Distribute\zen_fpemu\Src\vle_ppcsfpe.o
  UNUSED   000000 ........ ........    d_coerce_result librt_E200z446_VLE.a E:\CW_Dev\eppc_support\Do_Not_Distribute\zen_fpemu\Src\vle_ppcsfpe.o
  UNUSED   000000 ........ ........    d_coerce_result_precalculated_data librt_E200z446_VLE.a E:\CW_Dev\eppc_support\Do_Not_Distribute\zen_fpemu\Src\vle_ppcsfpe.o
  UNUSED   000000 ........ ........    d_double_result_and_exit librt_E200z446_VLE.a E:\CW_Dev\eppc_support\Do_Not_Distribute\zen_fpemu\Src\vle_ppcsfpe.o
  UNUSED   000000 ........ ........    d_result_is_INF librt_E200z446_VLE.a E:\CW_Dev\eppc_support\Do_Not_Distribute\zen_fpemu\Src\vle_ppcsfpe.o
  UNUSED   000000 ........ ........    d_result_is_zero librt_E200z446_VLE.a E:\CW_Dev\eppc_support\Do_Not_Distribute\zen_fpemu\Src\vle_ppcsfpe.o
  UNUSED   000000 ........ ........    d_both_NaNs librt_E200z446_VLE.a E:\CW_Dev\eppc_support\Do_Not_Distribute\zen_fpemu\Src\vle_ppcsfpe.o
  UNUSED   000000 ........ ........    d_x_is_NaN librt_E200z446_VLE.a E:\CW_Dev\eppc_support\Do_Not_Distribute\zen_fpemu\Src\vle_ppcsfpe.o
  UNUSED   000000 ........ ........    d_result_is_Invalid librt_E200z446_VLE.a E:\CW_Dev\eppc_support\Do_Not_Distribute\zen_fpemu\Src\vle_ppcsfpe.o
  UNUSED   000000 ........ ........    d_y_is_NaN librt_E200z446_VLE.a E:\CW_Dev\eppc_support\Do_Not_Distribute\zen_fpemu\Src\vle_ppcsfpe.o
  UNUSED   000000 ........ ........    d_result_is_x librt_E200z446_VLE.a E:\CW_Dev\eppc_support\Do_Not_Distribute\zen_fpemu\Src\vle_ppcsfpe.o
  UNUSED   000000 ........ ........    d_result_is_number_x librt_E200z446_VLE.a E:\CW_Dev\eppc_support\Do_Not_Distribute\zen_fpemu\Src\vle_ppcsfpe.o
  00001800 0000a2 40002aa0 00001e10 16 divu_l_r3_r4_r5 	librt_E200z446_VLE.a E:\CW_Dev\eppc_support\Do_Not_Distribute\zen_fpemu\Src\vle_ppcsfpe.o
  UNUSED   00010a ........ ........    _d_div librt_E200z446_VLE.a E:\CW_Dev\eppc_support\Do_Not_Distribute\zen_fpemu\Src\vle_ppcsfpe.o
  000018b0 00009a 40002b50 00001ec0 16 f_unpack_1 	librt_E200z446_VLE.a E:\CW_Dev\eppc_support\Do_Not_Distribute\zen_fpemu\Src\vle_ppcsfpe.o
  000018b8 000000 40002b58 00001ec8    f_unpack_2 (entry of f_unpack_1) 	librt_E200z446_VLE.a E:\CW_Dev\eppc_support\Do_Not_Distribute\zen_fpemu\Src\vle_ppcsfpe.o
  00001950 0000f6 40002bf0 00001f60 16 d_unpack_1 	librt_E200z446_VLE.a E:\CW_Dev\eppc_support\Do_Not_Distribute\zen_fpemu\Src\vle_ppcsfpe.o
  UNUSED   000000 ........ ........    d_unpack_2 librt_E200z446_VLE.a E:\CW_Dev\eppc_support\Do_Not_Distribute\zen_fpemu\Src\vle_ppcsfpe.o
  00001a50 00002e 40002cf0 00002060 16 load_rounding_0x2000 	librt_E200z446_VLE.a E:\CW_Dev\eppc_support\Do_Not_Distribute\zen_fpemu\Src\vle_ppcsfpe.o
  00001a54 000000 40002cf4 00002064    load_rounding_0x0200 (entry of load_rounding_0x2000) 	librt_E200z446_VLE.a E:\CW_Dev\eppc_support\Do_Not_Distribute\zen_fpemu\Src\vle_ppcsfpe.o
  00001a58 000000 40002cf8 00002068    load_rounding_0x1200 (entry of load_rounding_0x2000) 	librt_E200z446_VLE.a E:\CW_Dev\eppc_support\Do_Not_Distribute\zen_fpemu\Src\vle_ppcsfpe.o
  00001a5c 000000 40002cfc 0000206c    load_rounding_0x0a00 (entry of load_rounding_0x2000) 	librt_E200z446_VLE.a E:\CW_Dev\eppc_support\Do_Not_Distribute\zen_fpemu\Src\vle_ppcsfpe.o
  00001a62 000000 40002d02 00002072    load_rounding_cr_simple (entry of load_rounding_0x2000) 	librt_E200z446_VLE.a E:\CW_Dev\eppc_support\Do_Not_Distribute\zen_fpemu\Src\vle_ppcsfpe.o
  00001a64 000000 40002d04 00002074    load_rounding_cr (entry of load_rounding_0x2000) 	librt_E200z446_VLE.a E:\CW_Dev\eppc_support\Do_Not_Distribute\zen_fpemu\Src\vle_ppcsfpe.o
  00001a80 000016 40002d20 00002090 16 proloque 	librt_E200z446_VLE.a E:\CW_Dev\eppc_support\Do_Not_Distribute\zen_fpemu\Src\vle_ppcsfpe.o
  00001a8a 000000 40002d2a 0000209a    epiloque (entry of proloque) 	librt_E200z446_VLE.a E:\CW_Dev\eppc_support\Do_Not_Distribute\zen_fpemu\Src\vle_ppcsfpe.o


.rodata section layout
  Starting        Virtual  File
  address  Size   address  offset
  ---------------------------------
  00000000 00000c 40002d38 000020a8  1 .rodata 	__ppc_eabi_init_c.obj 
  00000000 00000c 40002d38 000020a8  4 @22 	__ppc_eabi_init_c.obj 


.ctors section layout
  Starting        Virtual  File
  address  Size   address  offset
  ---------------------------------


.dtors section layout
  Starting        Virtual  File
  address  Size   address  offset
  ---------------------------------


extab section layout
  Starting        Virtual  File
  address  Size   address  offset
  ---------------------------------


extabindex section layout
  Starting        Virtual  File
  address  Size   address  offset
  ---------------------------------


.__uninitialized_intc_handlertable section layout
  Starting        Virtual  File
  address  Size   address  offset
  ---------------------------------
  00000000 000ee0 40003000 00003000  1 .__uninitialized_intc_handlertable 	IntcInterrupts_c.obj 
  00000000 000ee0 40003000 00003000  8 INTCInterruptsHandlerTable 	IntcInterrupts_c.obj 


.data section layout
  Starting        Virtual  File
  address  Size   address  offset
  ---------------------------------
  00000000 000040 40003ee0 00003000  1 .data 	step_motors_c.obj 
  00000000 000040 40003ee0 00003000  4 @143 	step_motors_c.obj 


.sdata section layout
  Starting        Virtual  File
  address  Size   address  offset
  ---------------------------------
  00000000 000010 40003f20 00003040  1 .sdata 	main_c.obj 
  00000000 000004 40003f20 00003040  4 ptrSpeedIndicator 	main_c.obj 
  00000004 000004 40003f24 00003044  4 ptrRpmIndicator 	main_c.obj 
  00000008 000004 40003f28 00003048  4 ptrOilIndicator 	main_c.obj 
  0000000c 000004 40003f2c 0000304c  4 ptrTemperatureIndicator 	main_c.obj 


.sbss section layout
  Starting        Virtual  File
  address  Size   address  offset
  ---------------------------------
  00000000 000024 40003f30 00003050  1 .sbss 	main_c.obj 
  00000000 000004 40003f30 00003050  4 init 	main_c.obj 
  00000004 000004 40003f34 00003054  4 valSpeed 	main_c.obj 
  00000008 000004 40003f38 00003058  4 sensSpeed 	main_c.obj 
  0000000c 000004 40003f3c 0000305c  4 valRPM 	main_c.obj 
  00000010 000004 40003f40 00003060  4 sensRPM 	main_c.obj 
  00000014 000004 40003f44 00003064  4 valOil 	main_c.obj 
  00000018 000004 40003f48 00003068  4 sensOil 	main_c.obj 
  0000001c 000004 40003f4c 0000306c  4 valTemperature 	main_c.obj 
  00000020 000004 40003f50 00003070  4 sensTemperature 	main_c.obj 
  00000024 000004 40003f58 00003078  8 *fill*
  00000028 000008 40003f58 00003078  1 .sbss 	libc_E200z446_VLE.a D:\w\EPPC\workspace_codegen\ewl\EWL_C\EWL_C.PA_CmdLineData\libc_E200z446_VLE\obj\abort_exit.o
  UNUSED   000004 ........ ........    __atexit_curr_func_C libc_E200z446_VLE.a D:\w\EPPC\workspace_codegen\ewl\EWL_C\EWL_C.PA_CmdLineData\libc_E200z446_VLE\obj\abort_exit.o
  00000028 000004 40003f58 00003078  4 __stdio_exit 	libc_E200z446_VLE.a D:\w\EPPC\workspace_codegen\ewl\EWL_C\EWL_C.PA_CmdLineData\libc_E200z446_VLE\obj\abort_exit.o
  0000002c 000004 40003f5c 0000307c  4 __console_exit 	libc_E200z446_VLE.a D:\w\EPPC\workspace_codegen\ewl\EWL_C\EWL_C.PA_CmdLineData\libc_E200z446_VLE\obj\abort_exit.o
  00000030 000004 40003f60 00003080  1 .sbss 	librt_E200z446_VLE.a D:\w\EPPC\workspace_codegen\ewl\EWL_Runtime\Runtime_PA_CmdLineData\librt_E200z446_VLE\obj\global_destructor_chain.o
  UNUSED   000004 ........ ........    atexit_curr_func librt_E200z446_VLE.a D:\w\EPPC\workspace_codegen\ewl\EWL_Runtime\Runtime_PA_CmdLineData\librt_E200z446_VLE\obj\global_destructor_chain.o
  00000030 000004 40003f60 00003080  4 __global_destructor_chain 	librt_E200z446_VLE.a D:\w\EPPC\workspace_codegen\ewl\EWL_Runtime\Runtime_PA_CmdLineData\librt_E200z446_VLE\obj\global_destructor_chain.o


.sdata2 section layout
  Starting        Virtual  File
  address  Size   address  offset
  ---------------------------------


.sbss2 section layout
  Starting        Virtual  File
  address  Size   address  offset
  ---------------------------------


.bss section layout
  Starting        Virtual  File
  address  Size   address  offset
  ---------------------------------
  00000000 000100 40003f68 00003050  1 .bss 	main_c.obj 
  00000000 000040 40003f68 00003050  8 temperatureIndicator 	main_c.obj 
  00000040 000040 40003fa8 00003090  8 oilIndicator 	main_c.obj 
  00000080 000040 40003fe8 000030d0  8 rpmIndicator 	main_c.obj 
  000000c0 000040 40004028 00003110  8 speedIndicator 	main_c.obj 
  00000100 000004 40004068 00003150  1 .bss 	librt_E200z446_VLE.a E:\CW_Dev\eppc_support\Do_Not_Distribute\zen_fpemu\Src\vle_ppcsfpe.o
  00000100 000004 40004068 00003150  4 __SoftFPSCR 	librt_E200z446_VLE.a E:\CW_Dev\eppc_support\Do_Not_Distribute\zen_fpemu\Src\vle_ppcsfpe.o


Memory map:
                       Starting Size     File       S-Record
                       address           Offset     Line
  .intc_hw_branch_table 40000000 00000000 000001a0          0
    .ivor_branch_table 40000000 00000124 000001a0          2
  .__exception_handlers 40000130 000000a4 000002d0         17
                 .init 40001000 0000008c 00000374         26
             .init_vle 4000108c 00000208 00000400         33
                 .text 40001294 00000000 00000608          0
             .text_vle 400012a0 00001a98 00000610         59
               .rodata 40002d38 0000000c 000020a8        400
                .ctors 40002d44 00000000 000020b4          0
                .dtors 40002d44 00000000 000020b4          0
                 extab 40002d44 00000000 000020b4          0
            extabindex 40002d44 00000000 000020b4          0
  .__uninitialized_intc_handlertable 40003000 00000ee0 00003000          0
                 .data 40003ee0 00000040 00003000        401
                .sdata 40003f20 00000010 00003040        405
                 .sbss 40003f30 00000034 00003050          0
               .sdata2 40003f64 00000000 00003050          0
                .sbss2 40003f64 00000000 00003050          0
                  .bss 40003f68 00000104 00003050          0
      .PPC.EMB.apuinfo 00007054 00000000 0000a0b0          0
         .debug_abbrev          00000129 00003050
           .debug_info          00002130 00003179
           .debug_line          00002aac 000052a9
            .debug_loc          000005cf 00007d55
       .debug_pubnames          000005ff 00008324


Linker generated symbols:
             __IVPR_VALUE 40000000
       EXCEPTION_HANDLERS 40000000
  _f_intc_hw_branch_table 40000000
_f_intc_hw_branch_table_rom 40000000
  _e_intc_hw_branch_table 40000000
     _f_ivor_branch_table 40000000
 _f_ivor_branch_table_rom 40000000
     _e_ivor_branch_table 40000124
  _f___exception_handlers 40000130
_f___exception_handlers_rom 40000130
  _e___exception_handlers 400001d4
                  _f_init 40001000
              _f_init_rom 40001000
                  _e_init 4000108c
              _f_init_vle 4000108c
          _f_init_vle_rom 4000108c
              _e_init_vle 40001294
                  _f_text 40001294
              _f_text_rom 40001294
                  _e_text 40001294
              _f_text_vle 400012a0
          _f_text_vle_rom 400012a0
              _e_text_vle 40002d38
                _f_rodata 40002d38
            _f_rodata_rom 40002d38
                _e_rodata 40002d44
                 _f_ctors 40002d44
             _f_ctors_rom 40002d44
                 _e_ctors 40002d44
                 _f_dtors 40002d44
             _f_dtors_rom 40002d44
                 _e_dtors 40002d44
                  _fextab 40002d44
              _fextab_rom 40002d44
                  _eextab 40002d44
             _fextabindex 40002d44
         _fextabindex_rom 40002d44
             _eextabindex 40002d44
_f___uninitialized_intc_handlertable 40003000
_e___uninitialized_intc_handlertable 40003ee0
                  _f_data 40003ee0
              _f_data_rom 40003ee0
                  _e_data 40003f20
                 _f_sdata 40003f20
             _f_sdata_rom 40003f20
                 _e_sdata 40003f30
                  _f_sbss 40003f30
                  _e_sbss 40003f64
                _f_sdata2 40003f64
            _f_sdata2_rom 40003f68
                _e_sdata2 40003f64
                 _f_sbss2 40003f64
                 _e_sbss2 40003f64
                   _f_bss 40003f68
                   _e_bss 4000406c
              _stack_addr 40010000
               _stack_end 4000e000
               _heap_addr 4000a000
                _heap_end 4000e000
             _nbfunctions 00000042
           SIZEOF_HEADERS 000001a0
               _SDA_BASE_ 4000bf20
              _SDA2_BASE_ 4000bf64
           _ABS_SDA_BASE_ 4000bf20
          _ABS_SDA2_BASE_ 4000bf64
                 _SP_INIT 40010000
             __HEAP_START 4000a000
              __mem_limit 4000e000
           __stack_safety 00000010
